Archive member included because of file (symbol)

c:\Users\xiaoy\Documents\GitHub\iotHardware\build\libraries\Catena-Arduino-Platform\Catena-Arduino-Platform.a(CatenaBase.cpp.o)
                              c:\Users\xiaoy\Documents\GitHub\iotHardware\build\sketch\Modbus_Reading.ino.cpp.o (McciCatena::CatenaBase::CatenaBase())
c:\Users\xiaoy\Documents\GitHub\iotHardware\build\libraries\Catena-Arduino-Platform\Catena-Arduino-Platform.a(Catena_CommandStream.cpp.o)
                              c:\Users\xiaoy\Documents\GitHub\iotHardware\build\libraries\Catena-Arduino-Platform\Catena-Arduino-Platform.a(CatenaBase.cpp.o) (McciCatena::cCommandStream::registerCommands(McciCatena::cCommandStream::cDispatch*, void*))
c:\Users\xiaoy\Documents\GitHub\iotHardware\build\libraries\Catena-Arduino-Platform\Catena-Arduino-Platform.a(Catena_Fram2k.cpp.o)
                              c:\Users\xiaoy\Documents\GitHub\iotHardware\build\sketch\Modbus_Reading.ino.cpp.o (vtable for McciCatena::cFram2k)
c:\Users\xiaoy\Documents\GitHub\iotHardware\build\libraries\Catena-Arduino-Platform\Catena-Arduino-Platform.a(Catena_Log.cpp.o)
                              c:\Users\xiaoy\Documents\GitHub\iotHardware\build\libraries\Catena-Arduino-Platform\Catena-Arduino-Platform.a(CatenaBase.cpp.o) (McciCatena::gLog)
c:\Users\xiaoy\Documents\GitHub\iotHardware\build\libraries\Catena-Arduino-Platform\Catena-Arduino-Platform.a(Catena_StreamLineCollector.cpp.o)
                              c:\Users\xiaoy\Documents\GitHub\iotHardware\build\libraries\Catena-Arduino-Platform\Catena-Arduino-Platform.a(Catena_CommandStream.cpp.o) (McciCatena::cStreamLineCollector::readAsync(void (*)(void*, McciCatena::cStreamLineCollector::ErrorCode, unsigned char*, unsigned int), void*, unsigned char*, unsigned int))
c:\Users\xiaoy\Documents\GitHub\iotHardware\build\libraries\Catena-Arduino-Platform\Catena-Arduino-Platform.a(CatenaSamd21.cpp.o)
                              c:\Users\xiaoy\Documents\GitHub\iotHardware\build\sketch\Modbus_Reading.ino.cpp.o (vtable for McciCatena::CatenaSamd21::cSerialReady)
c:\Users\xiaoy\Documents\GitHub\iotHardware\build\libraries\Catena-Arduino-Platform\Catena-Arduino-Platform.a(CatenaSamd21_begin.cpp.o)
                              c:\Users\xiaoy\Documents\GitHub\iotHardware\build\sketch\Modbus_Reading.ino.cpp.o (McciCatena::CatenaSamd21::begin())
c:\Users\xiaoy\Documents\GitHub\iotHardware\build\libraries\Catena-Arduino-Platform\Catena-Arduino-Platform.a(CatenaSamd21_registerCommands.cpp.o)
                              c:\Users\xiaoy\Documents\GitHub\iotHardware\build\sketch\Modbus_Reading.ino.cpp.o (McciCatena::CatenaSamd21::registerCommands())
c:\Users\xiaoy\Documents\GitHub\iotHardware\build\libraries\Catena-Arduino-Platform\Catena-Arduino-Platform.a(catenasamd21_getplatformforid.cpp.o)
                              c:\Users\xiaoy\Documents\GitHub\iotHardware\build\sketch\Modbus_Reading.ino.cpp.o (McciCatena::CatenaSamd21::GetPlatformForID(McciCatena::CatenaSamd21::UniqueID_buffer_t const*, McciCatena::CatenaBase::EUI64_buffer_t*, unsigned long*))
c:\Users\xiaoy\Documents\GitHub\iotHardware\build\libraries\Catena-Arduino-Platform\Catena-Arduino-Platform.a(catenasamd21_getuniqueid.cpp.o)
                              c:\Users\xiaoy\Documents\GitHub\iotHardware\build\libraries\Catena-Arduino-Platform\Catena-Arduino-Platform.a(CatenaSamd21_begin.cpp.o) (McciCatena::CatenaSamd21::GetUniqueID(McciCatena::CatenaSamd21::UniqueID_buffer_t*))
c:\Users\xiaoy\Documents\GitHub\iotHardware\build\libraries\Catena-Arduino-Platform\Catena-Arduino-Platform.a(catenasamd21_getuniqueidstring.cpp.o)
                              c:\Users\xiaoy\Documents\GitHub\iotHardware\build\libraries\Catena-Arduino-Platform\Catena-Arduino-Platform.a(CatenaSamd21_registerCommands.cpp.o) (McciCatena::CatenaSamd21::GetUniqueIDstring(McciCatena::CatenaSamd21::UniqueID_string_t*))
c:\Users\xiaoy\Documents\GitHub\iotHardware\build\libraries\Catena-Arduino-Platform\Catena-Arduino-Platform.a(catenasamd_gk_wellknowncpubindings.cpp.o)
                              c:\Users\xiaoy\Documents\GitHub\iotHardware\build\libraries\Catena-Arduino-Platform\Catena-Arduino-Platform.a(catenasamd21_getplatformforid.cpp.o) (McciCatena::CatenaSamd21::nvCpuIdToPlatform)
c:\Users\xiaoy\Documents\GitHub\iotHardware\build\libraries\Catena-Arduino-Platform\Catena-Arduino-Platform.a(catena4410_getprovisioninginfo.cpp.o)
                              c:\Users\xiaoy\Documents\GitHub\iotHardware\build\sketch\Modbus_Reading.ino.cpp.o (McciCatena::CatenaFeatherM0::GetProvisioningInfo())
c:\Users\xiaoy\Documents\GitHub\iotHardware\build\libraries\Catena-Arduino-Platform\Catena-Arduino-Platform.a(Catena4470_getPlatformTable.cpp.o)
                              c:\Users\xiaoy\Documents\GitHub\iotHardware\build\sketch\Modbus_Reading.ino.cpp.o (McciCatena::Catena4470::getPlatformTable(McciCatena::CATENA_PLATFORM const* const*&, unsigned int&))
[...]
Memory Configuration

Name             Origin             Length             Attributes
FLASH            0x00002000         0x0003e000         xr
RAM              0x20000000         0x00008000         xrw
*default*        0x00000000         0xffffffff

Linker script and memory map

LOAD c:/users/xiaoy/appdata/local/arduino15/packages/arduino/tools/arm-none-eabi-gcc/4.8.3-2014q1/bin/../lib/gcc/arm-none-eabi/4.8.3/armv6-m/crti.o
LOAD c:/users/xiaoy/appdata/local/arduino15/packages/arduino/tools/arm-none-eabi-gcc/4.8.3-2014q1/bin/../lib/gcc/arm-none-eabi/4.8.3/armv6-m/crtbegin.o
LOAD c:/users/xiaoy/appdata/local/arduino15/packages/arduino/tools/arm-none-eabi-gcc/4.8.3-2014q1/bin/../lib/gcc/arm-none-eabi/4.8.3/../../../../arm-none-eabi/lib/armv6-m/crt0.o
LOAD c:\Users\xiaoy\Documents\GitHub\iotHardware\build\sketch\Modbus_Reading.ino.cpp.o
LOAD c:\Users\xiaoy\Documents\GitHub\iotHardware\build\libraries\Catena-Arduino-Platform\Catena-Arduino-Platform.a
LOAD c:\Users\xiaoy\Documents\GitHub\iotHardware\build\libraries\Catena-mcciadk\lib\mcciadklib_buffertoulong.c.o
LOAD c:\Users\xiaoy\Documents\GitHub\iotHardware\build\libraries\Catena-mcciadk\lib\mcciadklib_formatdumpline.c.o
LOAD c:\Users\xiaoy\Documents\GitHub\iotHardware\build\libraries\Catena-mcciadk\lib\mcciadklib_multiszindex.c.o
LOAD c:\Users\xiaoy\Documents\GitHub\iotHardware\build\libraries\Catena-mcciadk\lib\mcciadklib_safecopystring.c.o
LOAD c:\Users\xiaoy\Documents\GitHub\iotHardware\build\libraries\Catena-mcciadk\lib\mcciadklib_snprintf.c.o
LOAD c:\Users\xiaoy\Documents\GitHub\iotHardware\build\libraries\Catena-mcciadk\lib\mcciadklib_stringcomparecaseinsensitive.c.o
LOAD c:\Users\xiaoy\Documents\GitHub\iotHardware\build\libraries\arduino-lorawan\arduino-lorawan.a
LOAD c:\Users\xiaoy\Documents\GitHub\iotHardware\build\libraries\Adafruit_FRAM_I2C\Adafruit_FRAM_I2C.cpp.o
LOAD c:\Users\xiaoy\Documents\GitHub\iotHardware\build\libraries\Wire\Wire.cpp.o
LOAD c:\Users\xiaoy\Documents\GitHub\iotHardware\build\libraries\SPI\SPI.cpp.o
LOAD c:\Users\xiaoy\Documents\GitHub\iotHardware\build\libraries\RTCZero\RTCZero.cpp.o
LOAD c:\Users\xiaoy\Documents\GitHub\iotHardware\build\libraries\arduino-lmic\aes\lmic.c.o
LOAD c:\Users\xiaoy\Documents\GitHub\iotHardware\build\libraries\arduino-lmic\aes\other.c.o
LOAD c:\Users\xiaoy\Documents\GitHub\iotHardware\build\libraries\arduino-lmic\aes\ideetron\AES-128_V10.cpp.o
LOAD c:\Users\xiaoy\Documents\GitHub\iotHardware\build\libraries\arduino-lmic\hal\hal.cpp.o
LOAD c:\Users\xiaoy\Documents\GitHub\iotHardware\build\libraries\arduino-lmic\lmic\lmic.c.o
LOAD c:\Users\xiaoy\Documents\GitHub\iotHardware\build\libraries\arduino-lmic\lmic\lmic_as923.c.o
LOAD c:\Users\xiaoy\Documents\GitHub\iotHardware\build\libraries\arduino-lmic\lmic\lmic_au921.c.o
LOAD c:\Users\xiaoy\Documents\GitHub\iotHardware\build\libraries\arduino-lmic\lmic\lmic_eu868.c.o
LOAD c:\Users\xiaoy\Documents\GitHub\iotHardware\build\libraries\arduino-lmic\lmic\lmic_eu_like.c.o
LOAD c:\Users\xiaoy\Documents\GitHub\iotHardware\build\libraries\arduino-lmic\lmic\lmic_in866.c.o
LOAD c:\Users\xiaoy\Documents\GitHub\iotHardware\build\libraries\arduino-lmic\lmic\lmic_us915.c.o
LOAD c:\Users\xiaoy\Documents\GitHub\iotHardware\build\libraries\arduino-lmic\lmic\lmic_us_like.c.o
LOAD c:\Users\xiaoy\Documents\GitHub\iotHardware\build\libraries\arduino-lmic\lmic\oslmic.c.o
LOAD c:\Users\xiaoy\Documents\GitHub\iotHardware\build\libraries\arduino-lmic\lmic\radio.c.o
LOAD c:\Users\xiaoy\Documents\GitHub\iotHardware\build\core\variant.cpp.o
START GROUP
LOAD C:\Users\xiaoy\AppData\Local\Arduino15\packages\arduino\tools\CMSIS\4.5.0/CMSIS/Lib/GCC/\libarm_cortexM0l_math.a
LOAD c:/users/xiaoy/appdata/local/arduino15/packages/arduino/tools/arm-none-eabi-gcc/4.8.3-2014q1/bin/../lib/gcc/arm-none-eabi/4.8.3/../../../../arm-none-eabi/lib/armv6-m\libm.a
LOAD c:\Users\xiaoy\Documents\GitHub\iotHardware\build/core\core.a
END GROUP
START GROUP
LOAD c:/users/xiaoy/appdata/local/arduino15/packages/arduino/tools/arm-none-eabi-gcc/4.8.3-2014q1/bin/../lib/gcc/arm-none-eabi/4.8.3/armv6-m\libgcc.a
LOAD c:/users/xiaoy/appdata/local/arduino15/packages/arduino/tools/arm-none-eabi-gcc/4.8.3-2014q1/bin/../lib/gcc/arm-none-eabi/4.8.3/../../../../arm-none-eabi/lib/armv6-m\libc_s.a
END GROUP
START GROUP
LOAD c:/users/xiaoy/appdata/local/arduino15/packages/arduino/tools/arm-none-eabi-gcc/4.8.3-2014q1/bin/../lib/gcc/arm-none-eabi/4.8.3/armv6-m\libgcc.a
LOAD c:/users/xiaoy/appdata/local/arduino15/packages/arduino/tools/arm-none-eabi-gcc/4.8.3-2014q1/bin/../lib/gcc/arm-none-eabi/4.8.3/../../../../arm-none-eabi/lib/armv6-m\libc_s.a
LOAD c:/users/xiaoy/appdata/local/arduino15/packages/arduino/tools/arm-none-eabi-gcc/4.8.3-2014q1/bin/../lib/gcc/arm-none-eabi/4.8.3/../../../../arm-none-eabi/lib/armv6-m\libnosys.a
END GROUP
START GROUP
LOAD c:/users/xiaoy/appdata/local/arduino15/packages/arduino/tools/arm-none-eabi-gcc/4.8.3-2014q1/bin/../lib/gcc/arm-none-eabi/4.8.3/armv6-m\libgcc.a
LOAD c:/users/xiaoy/appdata/local/arduino15/packages/arduino/tools/arm-none-eabi-gcc/4.8.3-2014q1/bin/../lib/gcc/arm-none-eabi/4.8.3/../../../../arm-none-eabi/lib/armv6-m\libc_s.a
LOAD c:/users/xiaoy/appdata/local/arduino15/packages/arduino/tools/arm-none-eabi-gcc/4.8.3-2014q1/bin/../lib/gcc/arm-none-eabi/4.8.3/../../../../arm-none-eabi/lib/armv6-m\libnosys.a
END GROUP
LOAD c:/users/xiaoy/appdata/local/arduino15/packages/arduino/tools/arm-none-eabi-gcc/4.8.3-2014q1/bin/../lib/gcc/arm-none-eabi/4.8.3/armv6-m/crtend.o
LOAD c:/users/xiaoy/appdata/local/arduino15/packages/arduino/tools/arm-none-eabi-gcc/4.8.3-2014q1/bin/../lib/gcc/arm-none-eabi/4.8.3/armv6-m/crtn.o

.text           0x00002000     0x87d0
                0x00002000                __text_start__ = .
 *(.isr_vector)
 .isr_vector    0x00002000       0xb4 c:\Users\xiaoy\Documents\GitHub\iotHardware\build/core\core.a(cortex_handlers.c.o)
                0x00002000                exception_table
 *(.text*)
 .text          0x000020b4       0x60 c:/users/xiaoy/appdata/local/arduino15/packages/arduino/tools/arm-none-eabi-gcc/4.8.3-2014q1/bin/../lib/gcc/arm-none-eabi/4.8.3/armv6-m/crtbegin.o
 .text._ZN10McciCatena18cPollableInterfaceD2Ev
                0x00002114        0xc c:\Users\xiaoy\Documents\GitHub\iotHardware\build\sketch\Modbus_Reading.ino.cpp.o
                0x00002114                McciCatena::cPollableInterface::~cPollableInterface()
                0x00002114                McciCatena::cPollableInterface::~cPollableInterface()
 .text._ZN10McciCatena14cPollingEngineD2Ev
                0x00002120        0xc c:\Users\xiaoy\Documents\GitHub\iotHardware\build\sketch\Modbus_Reading.ino.cpp.o
                0x00002120                McciCatena::cPollingEngine::~cPollingEngine()
                0x00002120                McciCatena::cPollingEngine::~cPollingEngine()
 .text._ZN10McciCatena14cPollingEngine4pollEv
                0x0000212c       0x18 c:\Users\xiaoy\Documents\GitHub\iotHardware\build\sketch\Modbus_Reading.ino.cpp.o
                0x0000212c                McciCatena::cPollingEngine::poll()
 .text._ZN10McciCatena10CatenaBaseD2Ev
                0x00002144       0x18 c:\Users\xiaoy\Documents\GitHub\iotHardware\build\sketch\Modbus_Reading.ino.cpp.o
                0x00002144                McciCatena::CatenaBase::~CatenaBase()
                0x00002144                McciCatena::CatenaBase::~CatenaBase()
 .text._ZN10McciCatena10CatenaBase9GetSysEUIEv
                0x0000215c        0x4 c:\Users\xiaoy\Documents\GitHub\iotHardware\build\sketch\Modbus_Reading.ino.cpp.o
                0x0000215c                McciCatena::CatenaBase::GetSysEUI()
 .text._ZN10McciCatena12CatenaSamd21D2Ev
                0x00002160       0x14 c:\Users\xiaoy\Documents\GitHub\iotHardware\build\sketch\Modbus_Reading.ino.cpp.o
                0x00002160                McciCatena::CatenaSamd21::~CatenaSamd21()
                0x00002160                McciCatena::CatenaSamd21::~CatenaSamd21()
 .text._ZN10McciCatena15CatenaFeatherM0D2Ev
                0x00002174       0x14 c:\Users\xiaoy\Documents\GitHub\iotHardware\build\sketch\Modbus_Reading.ino.cpp.o
                0x00002174                McciCatena::CatenaFeatherM0::~CatenaFeatherM0()
                0x00002174                McciCatena::CatenaFeatherM0::~CatenaFeatherM0()
 .text._ZNK10McciCatena15CatenaFeatherM014GetLoRaWANkeysEv
                0x00002188        0x4 c:\Users\xiaoy\Documents\GitHub\iotHardware\build\sketch\Modbus_Reading.ino.cpp.o
                0x00002188                McciCatena::CatenaFeatherM0::GetLoRaWANkeys() const
 .text._ZN10McciCatena19CatenaFeatherM0LoRaD2Ev
                0x0000218c       0x14 c:\Users\xiaoy\Documents\GitHub\iotHardware\build\sketch\Modbus_Reading.ino.cpp.o
                0x0000218c                McciCatena::CatenaFeatherM0LoRa::~CatenaFeatherM0LoRa()
                0x0000218c                McciCatena::CatenaFeatherM0LoRa::~CatenaFeatherM0LoRa()
 .text._ZN10McciCatena18cPersistentStorageD2Ev
                0x000021a0        0xc c:\Users\xiaoy\Documents\GitHub\iotHardware\build\sketch\Modbus_Reading.ino.cpp.o
                0x000021a0                McciCatena::cPersistentStorage::~cPersistentStorage()
                0x000021a0                McciCatena::cPersistentStorage::~cPersistentStorage()
 .text._ZN10McciCatena16CatenaWingFram2kD2Ev
                0x000021ac       0x20 c:\Users\xiaoy\Documents\GitHub\iotHardware\build\sketch\Modbus_Reading.ino.cpp.o
                0x000021ac                McciCatena::CatenaWingFram2k::~CatenaWingFram2k()
                0x000021ac                McciCatena::CatenaWingFram2k::~CatenaWingFram2k()
 .text._ZN10McciCatena10Catena4470D2Ev
                0x000021cc       0x14 c:\Users\xiaoy\Documents\GitHub\iotHardware\build\sketch\Modbus_Reading.ino.cpp.o
                0x000021cc                McciCatena::Catena4470::~Catena4470()
                0x000021cc                McciCatena::Catena4470::~Catena4470()
 .text._ZNK10ModbusPort9drainReadEv
                0x000021e0       0x12 c:\Users\xiaoy\Documents\GitHub\iotHardware\build\sketch\Modbus_Reading.ino.cpp.o
                0x000021e0                ModbusPort::drainRead() const
 .text._ZNK10ModbusPort5flushEv
                0x000021f2        0xa c:\Users\xiaoy\Documents\GitHub\iotHardware\build\sketch\Modbus_Reading.ino.cpp.o
                0x000021f2                ModbusPort::flush() const
 .text._ZN10McciCatena16cCatenaModbusRtu18poll_multiple_regsEv
                0x000021fc        0x2 c:\Users\xiaoy\Documents\GitHub\iotHardware\build\sketch\Modbus_Reading.ino.cpp.o
                0x000021fc                McciCatena::cCatenaModbusRtu::poll_multiple_regs()
 *fill*         0x000021fe        0x2 
 .text._ZN10McciCatena16cCatenaModbusRtuD2Ev
                0x00002200        0xc c:\Users\xiaoy\Documents\GitHub\iotHardware\build\sketch\Modbus_Reading.ino.cpp.o
                0x00002200                McciCatena::cCatenaModbusRtu::~cCatenaModbusRtu()
                0x00002200                McciCatena::cCatenaModbusRtu::~cCatenaModbusRtu()
 .text._ZN10McciCatena6CatenaD2Ev
                0x0000220c       0x14 c:\Users\xiaoy\Documents\GitHub\iotHardware\build\sketch\Modbus_Reading.ino.cpp.o
                0x0000220c                McciCatena::Catena::~Catena()
                0x0000220c                McciCatena::Catena::~Catena()
 .text._ZNK12ModbusSerialI4UartE5beginEm
                0x00002220        0xc c:\Users\xiaoy\Documents\GitHub\iotHardware\build\sketch\Modbus_Reading.ino.cpp.o
                0x00002220                ModbusSerial<Uart>::begin(unsigned long) const
 .text._ZNK12ModbusSerialI4UartE5beginEmt
                0x0000222c        0xc c:\Users\xiaoy\Documents\GitHub\iotHardware\build\sketch\Modbus_Reading.ino.cpp.o
                0x0000222c                ModbusSerial<Uart>::begin(unsigned long, unsigned short) const
 .text._ZNK12ModbusSerialI4UartE9availableEv
                0x00002238        0xc c:\Users\xiaoy\Documents\GitHub\iotHardware\build\sketch\Modbus_Reading.ino.cpp.o
                0x00002238                ModbusSerial<Uart>::available() const
 .text._ZNK12ModbusSerialI4UartE4readEv
                0x00002244        0xc c:\Users\xiaoy\Documents\GitHub\iotHardware\build\sketch\Modbus_Reading.ino.cpp.o
                0x00002244                ModbusSerial<Uart>::read() const
 .text._ZNK12ModbusSerialI4UartE5writeEPKhj
                0x00002250        0xc c:\Users\xiaoy\Documents\GitHub\iotHardware\build\sketch\Modbus_Reading.ino.cpp.o
                0x00002250                ModbusSerial<Uart>::write(unsigned char const*, unsigned int) const
 .text._ZNK12ModbusSerialI4UartE10drainWriteEv
                0x0000225c        0xc c:\Users\xiaoy\Documents\GitHub\iotHardware\build\sketch\Modbus_Reading.ino.cpp.o
                0x0000225c                ModbusSerial<Uart>::drainWrite() const
 .text._ZN10McciCatena18cPollableInterfaceD0Ev
                0x00002268       0x14 c:\Users\xiaoy\Documents\GitHub\iotHardware\build\sketch\Modbus_Reading.ino.cpp.o
                0x00002268                McciCatena::cPollableInterface::~cPollableInterface()
 .text._ZN10McciCatena14cPollingEngineD0Ev
                0x0000227c       0x14 c:\Users\xiaoy\Documents\GitHub\iotHardware\build\sketch\Modbus_Reading.ino.cpp.o
                0x0000227c                McciCatena::cPollingEngine::~cPollingEngine()
 .text._ZN10McciCatena10CatenaBaseD0Ev
                0x00002290       0x12 c:\Users\xiaoy\Documents\GitHub\iotHardware\build\sketch\Modbus_Reading.ino.cpp.o
                0x00002290                McciCatena::CatenaBase::~CatenaBase()
 .text._ZN10McciCatena12CatenaSamd21D0Ev
                0x000022a2       0x12 c:\Users\xiaoy\Documents\GitHub\iotHardware\build\sketch\Modbus_Reading.ino.cpp.o
                0x000022a2                McciCatena::CatenaSamd21::~CatenaSamd21()
 .text._ZN10McciCatena15CatenaFeatherM0D0Ev
                0x000022b4       0x12 c:\Users\xiaoy\Documents\GitHub\iotHardware\build\sketch\Modbus_Reading.ino.cpp.o
                0x000022b4                McciCatena::CatenaFeatherM0::~CatenaFeatherM0()
 .text._ZN10McciCatena19CatenaFeatherM0LoRaD0Ev
                0x000022c6       0x12 c:\Users\xiaoy\Documents\GitHub\iotHardware\build\sketch\Modbus_Reading.ino.cpp.o
                0x000022c6                McciCatena::CatenaFeatherM0LoRa::~CatenaFeatherM0LoRa()
 .text._ZN10McciCatena18cPersistentStorageD0Ev
                0x000022d8       0x14 c:\Users\xiaoy\Documents\GitHub\iotHardware\build\sketch\Modbus_Reading.ino.cpp.o
                0x000022d8                McciCatena::cPersistentStorage::~cPersistentStorage()
 .text._ZN10McciCatena16CatenaWingFram2kD0Ev
                0x000022ec       0x12 c:\Users\xiaoy\Documents\GitHub\iotHardware\build\sketch\Modbus_Reading.ino.cpp.o
                0x000022ec                McciCatena::CatenaWingFram2k::~CatenaWingFram2k()
 .text._ZN10McciCatena10Catena4470D0Ev
                0x000022fe       0x12 c:\Users\xiaoy\Documents\GitHub\iotHardware\build\sketch\Modbus_Reading.ino.cpp.o
                0x000022fe                McciCatena::Catena4470::~Catena4470()
 .text._ZN10McciCatena16cCatenaModbusRtuD0Ev
                0x00002310       0x14 c:\Users\xiaoy\Documents\GitHub\iotHardware\build\sketch\Modbus_Reading.ino.cpp.o
                0x00002310                McciCatena::cCatenaModbusRtu::~cCatenaModbusRtu()
 .text._ZN10McciCatena6CatenaD0Ev
                0x00002324       0x12 c:\Users\xiaoy\Documents\GitHub\iotHardware\build\sketch\Modbus_Reading.ino.cpp.o
                0x00002324                McciCatena::Catena::~Catena()
 .text._ZN6Modbus5beginEP10ModbusPortmt
                0x00002336       0x4a c:\Users\xiaoy\Documents\GitHub\iotHardware\build\sketch\Modbus_Reading.ino.cpp.o
                0x00002336                Modbus::begin(ModbusPort*, unsigned long, unsigned short)
 .text._ZN6Modbus5beginEP10ModbusPortm
                0x00002380       0x10 c:\Users\xiaoy\Documents\GitHub\iotHardware\build\sketch\Modbus_Reading.ino.cpp.o
                0x00002380                Modbus::begin(ModbusPort*, unsigned long)
 .text._ZN6Modbus15getTimeOutStateEv
                0x00002390       0x14 c:\Users\xiaoy\Documents\GitHub\iotHardware\build\sketch\Modbus_Reading.ino.cpp.o
                0x00002390                Modbus::getTimeOutState()
 .text._ZN6Modbus11getRxBufferER8ERR_LIST
                0x000023a4       0x5e c:\Users\xiaoy\Documents\GitHub\iotHardware\build\sketch\Modbus_Reading.ino.cpp.o
                0x000023a4                Modbus::getRxBuffer(ERR_LIST&)
 *fill*         0x00002402        0x2 
 .text._ZN6Modbus7calcCRCEh
                0x00002404       0x40 c:\Users\xiaoy\Documents\GitHub\iotHardware\build\sketch\Modbus_Reading.ino.cpp.o
                0x00002404                Modbus::calcCRC(unsigned char)
 .text._ZN6Modbus12sendTxBufferEv
                0x00002444       0x8a c:\Users\xiaoy\Documents\GitHub\iotHardware\build\sketch\Modbus_Reading.ino.cpp.o
                0x00002444                Modbus::sendTxBuffer()
 .text._ZN6Modbus5queryE8modbus_t
                0x000024ce       0xf2 c:\Users\xiaoy\Documents\GitHub\iotHardware\build\sketch\Modbus_Reading.ino.cpp.o
                0x000024ce                Modbus::query(modbus_t)
 .text._ZN6Modbus14validateAnswerEv
                0x000025c0       0x80 c:\Users\xiaoy\Documents\GitHub\iotHardware\build\sketch\Modbus_Reading.ino.cpp.o
                0x000025c0                Modbus::validateAnswer()
 .text._ZN6Modbus7get_FC3Ev
                0x00002640       0x2c c:\Users\xiaoy\Documents\GitHub\iotHardware\build\sketch\Modbus_Reading.ino.cpp.o
                0x00002640                Modbus::get_FC3()
 .text._ZN6Modbus4pollEv
                0x0000266c       0xb0 c:\Users\xiaoy\Documents\GitHub\iotHardware\build\sketch\Modbus_Reading.ino.cpp.o
                0x0000266c                Modbus::poll()
 .text._ZN10McciCatena16cCatenaModbusRtu4pollEv
                0x0000271c       0x10 c:\Users\xiaoy\Documents\GitHub\iotHardware\build\sketch\Modbus_Reading.ino.cpp.o
                0x0000271c                McciCatena::cCatenaModbusRtu::poll()
 .text.setup    0x0000272c       0xb0 c:\Users\xiaoy\Documents\GitHub\iotHardware\build\sketch\Modbus_Reading.ino.cpp.o
                0x0000272c                setup
 .text.loop     0x000027dc      0x178 c:\Users\xiaoy\Documents\GitHub\iotHardware\build\sketch\Modbus_Reading.ino.cpp.o
                0x000027dc                loop
 .text.startup._GLOBAL__sub_I__ZN6ModbusC2Ev
                0x00002954       0xa8 c:\Users\xiaoy\Documents\GitHub\iotHardware\build\sketch\Modbus_Reading.ino.cpp.o
 .text._ZN10McciCatena10CatenaBase5beginEv
                0x000029fc       0x10 c:\Users\xiaoy\Documents\GitHub\iotHardware\build\libraries\Catena-Arduino-Platform\Catena-Arduino-Platform.a(CatenaBase.cpp.o)
                0x000029fc                McciCatena::CatenaBase::begin()
 .text._ZN10McciCatena10CatenaBase16registerCommandsEv
                0x00002a0c        0x2 c:\Users\xiaoy\Documents\GitHub\iotHardware\build\libraries\Catena-Arduino-Platform\Catena-Arduino-Platform.a(CatenaBase.cpp.o)
                0x00002a0c                McciCatena::CatenaBase::registerCommands()
 *fill*         0x00002a0e        0x2 
 .text._ZN10McciCatena10CatenaBaseC2Ev
                0x00002a10       0x5c c:\Users\xiaoy\Documents\GitHub\iotHardware\build\libraries\Catena-Arduino-Platform\Catena-Arduino-Platform.a(CatenaBase.cpp.o)
                0x00002a10                McciCatena::CatenaBase::CatenaBase()
                0x00002a10                McciCatena::CatenaBase::CatenaBase()
 .text._ZN10McciCatena10CatenaBase14registerObjectEPNS_15cPollableObjectE
                0x00002a6c       0x1a c:\Users\xiaoy\Documents\GitHub\iotHardware\build\libraries\Catena-Arduino-Platform\Catena-Arduino-Platform.a(CatenaBase.cpp.o)
                0x00002a6c                McciCatena::CatenaBase::registerObject(McciCatena::cPollableObject*)
 .text._ZN10McciCatena10CatenaBase4pollEv
                0x00002a86        0xa c:\Users\xiaoy\Documents\GitHub\iotHardware\build\libraries\Catena-Arduino-Platform\Catena-Arduino-Platform.a(CatenaBase.cpp.o)
                0x00002a86                McciCatena::CatenaBase::poll()
 .text._ZN10McciCatena10CatenaBase11addCommandsERNS_14cCommandStream9cDispatchEPv
                0x00002a90        0xa c:\Users\xiaoy\Documents\GitHub\iotHardware\build\libraries\Catena-Arduino-Platform\Catena-Arduino-Platform.a(CatenaBase.cpp.o)
                0x00002a90                McciCatena::CatenaBase::addCommands(McciCatena::cCommandStream::cDispatch&, void*)
 *fill*         0x00002a9a        0x2 
 .text._ZN10McciCatena14cCommandStreamD2Ev
                0x00002a9c        0xc c:\Users\xiaoy\Documents\GitHub\iotHardware\build\libraries\Catena-Arduino-Platform\Catena-Arduino-Platform.a(Catena_CommandStream.cpp.o)
                0x00002a9c                McciCatena::cCommandStream::~cCommandStream()
                0x00002a9c                McciCatena::cCommandStream::~cCommandStream()
 .text._ZN10McciCatena14cCommandStream14readCompleteCbEPvNS_20cStreamLineCollector9ErrorCodeEPhj
                0x00002aa8       0x1e c:\Users\xiaoy\Documents\GitHub\iotHardware\build\libraries\Catena-Arduino-Platform\Catena-Arduino-Platform.a(Catena_CommandStream.cpp.o)
                0x00002aa8                McciCatena::cCommandStream::readCompleteCb(void*, McciCatena::cStreamLineCollector::ErrorCode, unsigned char*, unsigned int)
 .text._ZN10McciCatena14cCommandStream9cDispatchD2Ev
                0x00002ac6        0x2 c:\Users\xiaoy\Documents\GitHub\iotHardware\build\libraries\Catena-Arduino-Platform\Catena-Arduino-Platform.a(Catena_CommandStream.cpp.o)
                0x00002ac6                McciCatena::cCommandStream::cDispatch::~cDispatch()
                0x00002ac6                McciCatena::cCommandStream::cDispatch::~cDispatch()
 .text._ZN10McciCatena14cCommandStreamD0Ev
                0x00002ac8       0x14 c:\Users\xiaoy\Documents\GitHub\iotHardware\build\libraries\Catena-Arduino-Platform\Catena-Arduino-Platform.a(Catena_CommandStream.cpp.o)
                0x00002ac8                McciCatena::cCommandStream::~cCommandStream()
 .text._ZN10McciCatena14cCommandStream16registerCommandsEPNS0_9cDispatchEPv
                0x00002adc       0x1e c:\Users\xiaoy\Documents\GitHub\iotHardware\build\libraries\Catena-Arduino-Platform\Catena-Arduino-Platform.a(Catena_CommandStream.cpp.o)
                0x00002adc                McciCatena::cCommandStream::registerCommands(McciCatena::cCommandStream::cDispatch*, void*)
 .text._ZNK10McciCatena14cCommandStream9cDispatch6searchEPKc
                0x00002afa       0x28 c:\Users\xiaoy\Documents\GitHub\iotHardware\build\libraries\Catena-Arduino-Platform\Catena-Arduino-Platform.a(Catena_CommandStream.cpp.o)
                0x00002afa                McciCatena::cCommandStream::cDispatch::search(char const*) const
 *fill*         0x00002b22        0x2 
 .text._ZN10McciCatena14cCommandStream10launchReadEv
                0x00002b24       0x28 c:\Users\xiaoy\Documents\GitHub\iotHardware\build\libraries\Catena-Arduino-Platform\Catena-Arduino-Platform.a(Catena_CommandStream.cpp.o)
                0x00002b24                McciCatena::cCommandStream::launchRead()
 .text._ZN10McciCatena14cCommandStream5beginEPNS_20cStreamLineCollectorEPNS_10CatenaBaseE
                0x00002b4c       0x2c c:\Users\xiaoy\Documents\GitHub\iotHardware\build\libraries\Catena-Arduino-Platform\Catena-Arduino-Platform.a(Catena_CommandStream.cpp.o)
                0x00002b4c                McciCatena::cCommandStream::begin(McciCatena::cStreamLineCollector*, McciCatena::CatenaBase*)
 .text._ZN10McciCatena14cCommandStream6printfEPKcz
                0x00002b78       0x1c c:\Users\xiaoy\Documents\GitHub\iotHardware\build\libraries\Catena-Arduino-Platform\Catena-Arduino-Platform.a(Catena_CommandStream.cpp.o)
                0x00002b78                McciCatena::cCommandStream::printf(char const*, ...)
 .text._ZN10McciCatena14cCommandStream12dispatchHelpEiPPc
                0x00002b94       0x50 c:\Users\xiaoy\Documents\GitHub\iotHardware\build\libraries\Catena-Arduino-Platform\Catena-Arduino-Platform.a(Catena_CommandStream.cpp.o)
                0x00002b94                McciCatena::cCommandStream::dispatchHelp(int, char**)
 .text._ZN10McciCatena14cCommandStream8dispatchEiPPc
                0x00002be4       0x90 c:\Users\xiaoy\Documents\GitHub\iotHardware\build\libraries\Catena-Arduino-Platform\Catena-Arduino-Platform.a(Catena_CommandStream.cpp.o)
                0x00002be4                McciCatena::cCommandStream::dispatch(int, char**)
 .text._ZN10McciCatena14cCommandStream16parseAndDispatchEv
                0x00002c74       0x6a c:\Users\xiaoy\Documents\GitHub\iotHardware\build\libraries\Catena-Arduino-Platform\Catena-Arduino-Platform.a(Catena_CommandStream.cpp.o)
                0x00002c74                McciCatena::cCommandStream::parseAndDispatch()
 *fill*         0x00002cde        0x2 
 .text._ZN10McciCatena14cCommandStream4pollEv
                0x00002ce0       0x60 c:\Users\xiaoy\Documents\GitHub\iotHardware\build\libraries\Catena-Arduino-Platform\Catena-Arduino-Platform.a(Catena_CommandStream.cpp.o)
                0x00002ce0                McciCatena::cCommandStream::poll()
 .text._ZL6doEchoPN10McciCatena14cCommandStreamEPviPPc
                0x00002d40       0x34 c:\Users\xiaoy\Documents\GitHub\iotHardware\build\libraries\Catena-Arduino-Platform\Catena-Arduino-Platform.a(Catena_CommandStream.cpp.o)
 .text.startup._GLOBAL__sub_I__ZN10McciCatena14cCommandStream5beginEPNS_20cStreamLineCollectorEPNS_10CatenaBaseE
                0x00002d74       0x30 c:\Users\xiaoy\Documents\GitHub\iotHardware\build\libraries\Catena-Arduino-Platform\Catena-Arduino-Platform.a(Catena_CommandStream.cpp.o)
 .text._ZNK10McciCatena5cFram7isReadyEv
                0x00002da4        0x4 c:\Users\xiaoy\Documents\GitHub\iotHardware\build\libraries\Catena-Arduino-Platform\Catena-Arduino-Platform.a(Catena_Fram2k.cpp.o)
                0x00002da4                McciCatena::cFram::isReady() const
 .text._ZN10McciCatena5cFram10invalidateEv
                0x00002da8        0x6 c:\Users\xiaoy\Documents\GitHub\iotHardware\build\libraries\Catena-Arduino-Platform\Catena-Arduino-Platform.a(Catena_Fram2k.cpp.o)
                0x00002da8                McciCatena::cFram::invalidate()
 *fill*         0x00002dae        0x2 
 .text._ZN10McciCatena7cFram2kD2Ev
                0x00002db0        0xc c:\Users\xiaoy\Documents\GitHub\iotHardware\build\libraries\Catena-Arduino-Platform\Catena-Arduino-Platform.a(Catena_Fram2k.cpp.o)
                0x00002db0                McciCatena::cFram2k::~cFram2k()
                0x00002db0                McciCatena::cFram2k::~cFram2k()
 .text._ZNK10McciCatena7cFram2k7getsizeEv
                0x00002dbc        0x6 c:\Users\xiaoy\Documents\GitHub\iotHardware\build\libraries\Catena-Arduino-Platform\Catena-Arduino-Platform.a(Catena_Fram2k.cpp.o)
                0x00002dbc                McciCatena::cFram2k::getsize() const
 *fill*         0x00002dc2        0x2 
 .text._ZN10McciCatena7cFram2kD0Ev
                0x00002dc4       0x14 c:\Users\xiaoy\Documents\GitHub\iotHardware\build\libraries\Catena-Arduino-Platform\Catena-Arduino-Platform.a(Catena_Fram2k.cpp.o)
                0x00002dc4                McciCatena::cFram2k::~cFram2k()
 .text._ZN10McciCatena7cFram2k5beginEv
                0x00002dd8       0x20 c:\Users\xiaoy\Documents\GitHub\iotHardware\build\libraries\Catena-Arduino-Platform\Catena-Arduino-Platform.a(Catena_Fram2k.cpp.o)
                0x00002dd8                McciCatena::cFram2k::begin()
 .text._ZN10McciCatena7cFram2k4readEmPhj
                0x00002df8        0xc c:\Users\xiaoy\Documents\GitHub\iotHardware\build\libraries\Catena-Arduino-Platform\Catena-Arduino-Platform.a(Catena_Fram2k.cpp.o)
                0x00002df8                McciCatena::cFram2k::read(unsigned long, unsigned char*, unsigned int)
 .text._ZN10McciCatena7cFram2k5writeEmPKhj
                0x00002e04        0xe c:\Users\xiaoy\Documents\GitHub\iotHardware\build\libraries\Catena-Arduino-Platform\Catena-Arduino-Platform.a(Catena_Fram2k.cpp.o)
                0x00002e04                McciCatena::cFram2k::write(unsigned long, unsigned char const*, unsigned int)
 *fill*         0x00002e12        0x2 
 .text._ZN10McciCatena4cLog6printfENS0_10DebugFlagsEPKcz
                0x00002e14       0x58 c:\Users\xiaoy\Documents\GitHub\iotHardware\build\libraries\Catena-Arduino-Platform\Catena-Arduino-Platform.a(Catena_Log.cpp.o)
                0x00002e14                McciCatena::cLog::printf(McciCatena::cLog::DebugFlags, char const*, ...)
 .text.startup._GLOBAL__sub_I__ZN10McciCatena4gLogE
                0x00002e6c        0xc c:\Users\xiaoy\Documents\GitHub\iotHardware\build\libraries\Catena-Arduino-Platform\Catena-Arduino-Platform.a(Catena_Log.cpp.o)
 .text._ZN10McciCatena20cStreamLineCollectorD2Ev
                0x00002e78        0xc c:\Users\xiaoy\Documents\GitHub\iotHardware\build\libraries\Catena-Arduino-Platform\Catena-Arduino-Platform.a(Catena_StreamLineCollector.cpp.o)
                0x00002e78                McciCatena::cStreamLineCollector::~cStreamLineCollector()
                0x00002e78                McciCatena::cStreamLineCollector::~cStreamLineCollector()
 .text._ZN10McciCatena20cStreamLineCollectorD0Ev
                0x00002e84       0x14 c:\Users\xiaoy\Documents\GitHub\iotHardware\build\libraries\Catena-Arduino-Platform\Catena-Arduino-Platform.a(Catena_StreamLineCollector.cpp.o)
                0x00002e84                McciCatena::cStreamLineCollector::~cStreamLineCollector()
 .text._ZN10McciCatena20cStreamLineCollector5beginEP6StreamPNS0_12cStreamReadyE
                0x00002e98        0xa c:\Users\xiaoy\Documents\GitHub\iotHardware\build\libraries\Catena-Arduino-Platform\Catena-Arduino-Platform.a(Catena_StreamLineCollector.cpp.o)
                0x00002e98                McciCatena::cStreamLineCollector::begin(Stream*, McciCatena::cStreamLineCollector::cStreamReady*)
 .text._ZN10McciCatena20cStreamLineCollector9readAsyncEPFvPvNS0_9ErrorCodeEPhjES1_S3_j
                0x00002ea2       0x2c c:\Users\xiaoy\Documents\GitHub\iotHardware\build\libraries\Catena-Arduino-Platform\Catena-Arduino-Platform.a(Catena_StreamLineCollector.cpp.o)
                0x00002ea2                McciCatena::cStreamLineCollector::readAsync(void (*)(void*, McciCatena::cStreamLineCollector::ErrorCode, unsigned char*, unsigned int), void*, unsigned char*, unsigned int)
 .text._ZN10McciCatena20cStreamLineCollector12readCompleteENS0_9ErrorCodeE
                0x00002ece       0x1a c:\Users\xiaoy\Documents\GitHub\iotHardware\build\libraries\Catena-Arduino-Platform\Catena-Arduino-Platform.a(Catena_StreamLineCollector.cpp.o)
                0x00002ece                McciCatena::cStreamLineCollector::readComplete(McciCatena::cStreamLineCollector::ErrorCode)
 .text._ZN10McciCatena20cStreamLineCollector4pollEv
                0x00002ee8       0xc2 c:\Users\xiaoy\Documents\GitHub\iotHardware\build\libraries\Catena-Arduino-Platform\Catena-Arduino-Platform.a(Catena_StreamLineCollector.cpp.o)
                0x00002ee8                McciCatena::cStreamLineCollector::poll()
 .text._ZN10McciCatena20cStreamLineCollector7vprintfEPKcSt9__va_list
                0x00002faa       0x3a c:\Users\xiaoy\Documents\GitHub\iotHardware\build\libraries\Catena-Arduino-Platform\Catena-Arduino-Platform.a(Catena_StreamLineCollector.cpp.o)
                0x00002faa                McciCatena::cStreamLineCollector::vprintf(char const*, std::__va_list)
 .text._ZNK10McciCatena12CatenaSamd2112cSerialReady7isReadyEv
                0x00002fe4       0x10 c:\Users\xiaoy\Documents\GitHub\iotHardware\build\libraries\Catena-Arduino-Platform\Catena-Arduino-Platform.a(CatenaSamd21.cpp.o)
                0x00002fe4                McciCatena::CatenaSamd21::cSerialReady::isReady() const
 .text._ZN10McciCatena12CatenaSamd215beginEmm
                0x00002ff4       0xa0 c:\Users\xiaoy\Documents\GitHub\iotHardware\build\libraries\Catena-Arduino-Platform\Catena-Arduino-Platform.a(CatenaSamd21_begin.cpp.o)
                0x00002ff4                McciCatena::CatenaSamd21::begin(unsigned long, unsigned long)
 .text._ZN10McciCatena12CatenaSamd215beginEv
                0x00003094       0x24 c:\Users\xiaoy\Documents\GitHub\iotHardware\build\libraries\Catena-Arduino-Platform\Catena-Arduino-Platform.a(CatenaSamd21_begin.cpp.o)
                0x00003094                McciCatena::CatenaSamd21::begin()
 .text._ZL7doCpuidPN10McciCatena14cCommandStreamEPviPPc
                0x000030b8       0x24 c:\Users\xiaoy\Documents\GitHub\iotHardware\build\libraries\Catena-Arduino-Platform\Catena-Arduino-Platform.a(CatenaSamd21_registerCommands.cpp.o)
 .text._ZN10McciCatena12CatenaSamd2116registerCommandsEv
                0x000030dc       0x18 c:\Users\xiaoy\Documents\GitHub\iotHardware\build\libraries\Catena-Arduino-Platform\Catena-Arduino-Platform.a(CatenaSamd21_registerCommands.cpp.o)
                0x000030dc                McciCatena::CatenaSamd21::registerCommands()
 .text.startup._GLOBAL__sub_I__ZN10McciCatena12CatenaSamd2116registerCommandsEv
                0x000030f4       0x30 c:\Users\xiaoy\Documents\GitHub\iotHardware\build\libraries\Catena-Arduino-Platform\Catena-Arduino-Platform.a(CatenaSamd21_registerCommands.cpp.o)
 .text._ZN10McciCatena12CatenaSamd2116GetPlatformForIDEPKNS0_17UniqueID_buffer_tEPNS_10CatenaBase14EUI64_buffer_tEPm
                0x00003124       0x84 c:\Users\xiaoy\Documents\GitHub\iotHardware\build\libraries\Catena-Arduino-Platform\Catena-Arduino-Platform.a(catenasamd21_getplatformforid.cpp.o)
                0x00003124                McciCatena::CatenaSamd21::GetPlatformForID(McciCatena::CatenaSamd21::UniqueID_buffer_t const*, McciCatena::CatenaBase::EUI64_buffer_t*, unsigned long*)
 .text._ZN10McciCatena12CatenaSamd2111GetUniqueIDEPNS0_17UniqueID_buffer_tE
                0x000031a8       0x30 c:\Users\xiaoy\Documents\GitHub\iotHardware\build\libraries\Catena-Arduino-Platform\Catena-Arduino-Platform.a(catenasamd21_getuniqueid.cpp.o)
                0x000031a8                McciCatena::CatenaSamd21::GetUniqueID(McciCatena::CatenaSamd21::UniqueID_buffer_t*)
 .text._ZN10McciCatena12CatenaSamd2117GetUniqueIDstringEPNS0_17UniqueID_string_tE
                0x000031d8       0x50 c:\Users\xiaoy\Documents\GitHub\iotHardware\build\libraries\Catena-Arduino-Platform\Catena-Arduino-Platform.a(catenasamd21_getuniqueidstring.cpp.o)
                0x000031d8                McciCatena::CatenaSamd21::GetUniqueIDstring(McciCatena::CatenaSamd21::UniqueID_string_t*)
 .text._ZN10McciCatena15CatenaFeatherM019GetProvisioningInfoEv
                0x00003228       0x44 c:\Users\xiaoy\Documents\GitHub\iotHardware\build\libraries\Catena-Arduino-Platform\Catena-Arduino-Platform.a(catena4410_getprovisioninginfo.cpp.o)
                0x00003228                McciCatena::CatenaFeatherM0::GetProvisioningInfo()
 .text._ZN10McciCatena10Catena447016getPlatformTableERPKPKNS_15CATENA_PLATFORMERj
                0x0000326c       0x10 c:\Users\xiaoy\Documents\GitHub\iotHardware\build\libraries\Catena-Arduino-Platform\Catena-Arduino-Platform.a(Catena4470_getPlatformTable.cpp.o)
                0x0000326c                McciCatena::Catena4470::getPlatformTable(McciCatena::CATENA_PLATFORM const* const*&, unsigned int&)
 .text._ZN10McciCatena16CatenaWingFram2k12savePlatformERKNS_15CATENA_PLATFORMEPKNS_10CatenaBase14EUI64_buffer_tEPKm
                0x0000327c       0x3c c:\Users\xiaoy\Documents\GitHub\iotHardware\build\libraries\Catena-Arduino-Platform\Catena-Arduino-Platform.a(CatenaWingFram2k_GetPlatformForID.cpp.o)
                0x0000327c                McciCatena::CatenaWingFram2k::savePlatform(McciCatena::CATENA_PLATFORM const&, McciCatena::CatenaBase::EUI64_buffer_t const*, unsigned long const*)
 .text._ZN10McciCatena16CatenaWingFram2k16GetPlatformForIDEPKNS_12CatenaSamd2117UniqueID_buffer_tEPNS_10CatenaBase14EUI64_buffer_tEPm
                0x000032b8      0x11c c:\Users\xiaoy\Documents\GitHub\iotHardware\build\libraries\Catena-Arduino-Platform\Catena-Arduino-Platform.a(CatenaWingFram2k_GetPlatformForID.cpp.o)
                0x000032b8                McciCatena::CatenaWingFram2k::GetPlatformForID(McciCatena::CatenaSamd21::UniqueID_buffer_t const*, McciCatena::CatenaBase::EUI64_buffer_t*, unsigned long*)
 .text._ZN10McciCatena16CatenaWingFram2k9GetSysEUIEv
                0x000033d4       0x22 c:\Users\xiaoy\Documents\GitHub\iotHardware\build\libraries\Catena-Arduino-Platform\Catena-Arduino-Platform.a(CatenaWingFram2k_GetSysEUI.cpp.o)
                0x000033d4                McciCatena::CatenaWingFram2k::GetSysEUI()
 *fill*         0x000033f6        0x2 
 .text._ZN10McciCatena16CatenaWingFram2k5beginEv
                0x000033f8       0xb4 c:\Users\xiaoy\Documents\GitHub\iotHardware\build\libraries\Catena-Arduino-Platform\Catena-Arduino-Platform.a(CatenaWingFram2k_begin.cpp.o)
                0x000033f8                McciCatena::CatenaWingFram2k::begin()
 .text._ZL11doConfigurePN10McciCatena14cCommandStreamEPviPPc
                0x000034ac      0x144 c:\Users\xiaoy\Documents\GitHub\iotHardware\build\libraries\Catena-Arduino-Platform\Catena-Arduino-Platform.a(CatenaWingFram2k_registerCommands.cpp.o)
 .text._ZN10McciCatena16CatenaWingFram2k16registerCommandsEv
                0x000035f0       0x18 c:\Users\xiaoy\Documents\GitHub\iotHardware\build\libraries\Catena-Arduino-Platform\Catena-Arduino-Platform.a(CatenaWingFram2k_registerCommands.cpp.o)
                0x000035f0                McciCatena::CatenaWingFram2k::registerCommands()
 .text.startup._GLOBAL__sub_I__ZN10McciCatena16CatenaWingFram2k16registerCommandsEv
                0x00003608       0x34 c:\Users\xiaoy\Documents\GitHub\iotHardware\build\libraries\Catena-Arduino-Platform\Catena-Arduino-Platform.a(CatenaWingFram2k_registerCommands.cpp.o)
 .text._ZL9getnibbleRPKc
                0x0000363c       0x42 c:\Users\xiaoy\Documents\GitHub\iotHardware\build\libraries\Catena-Arduino-Platform\Catena-Arduino-Platform.a(Catena_Fram.cpp.o)
 .text._ZN10McciCatena5cFram10initializeEv
                0x0000367e       0x1c c:\Users\xiaoy\Documents\GitHub\iotHardware\build\libraries\Catena-Arduino-Platform\Catena-Arduino-Platform.a(Catena_Fram.cpp.o)
                0x0000367e                McciCatena::cFram::initialize()
 *fill*         0x0000369a        0x2 
 .text._ZN10McciCatena5cFram5resetEv
                0x0000369c       0x6c c:\Users\xiaoy\Documents\GitHub\iotHardware\build\libraries\Catena-Arduino-Platform\Catena-Arduino-Platform.a(Catena_Fram.cpp.o)
                0x0000369c                McciCatena::cFram::reset()
 .text._ZN10McciCatena5cFram10resetCacheEv
                0x00003708       0x1c c:\Users\xiaoy\Documents\GitHub\iotHardware\build\libraries\Catena-Arduino-Platform\Catena-Arduino-Platform.a(Catena_Fram.cpp.o)
                0x00003708                McciCatena::cFram::resetCache()
 .text._ZN10McciCatena5cFram9loadCacheEv
                0x00003724      0x180 c:\Users\xiaoy\Documents\GitHub\iotHardware\build\libraries\Catena-Arduino-Platform\Catena-Arduino-Platform.a(Catena_Fram.cpp.o)
                0x00003724                McciCatena::cFram::loadCache()
 .text._ZN10McciCatena5cFram7isValidEv
                0x000038a4      0x15c c:\Users\xiaoy\Documents\GitHub\iotHardware\build\libraries\Catena-Arduino-Platform\Catena-Arduino-Platform.a(Catena_Fram.cpp.o)
                0x000038a4                McciCatena::cFram::isValid()
 .text._ZN10McciCatena5cFram8allocateEj
                0x00003a00       0x36 c:\Users\xiaoy\Documents\GitHub\iotHardware\build\libraries\Catena-Arduino-Platform\Catena-Arduino-Platform.a(Catena_Fram.cpp.o)
                0x00003a00                McciCatena::cFram::allocate(unsigned int)
 *fill*         0x00003a36        0x2 
 .text._ZN10McciCatena5cFram13writeItemDataENS_12cFramStorage12StandardItemEPKhj
                0x00003a38       0xd4 c:\Users\xiaoy\Documents\GitHub\iotHardware\build\libraries\Catena-Arduino-Platform\Catena-Arduino-Platform.a(Catena_Fram.cpp.o)
                0x00003a38                McciCatena::cFram::writeItemData(McciCatena::cFramStorage::StandardItem, unsigned char const*, unsigned int)
 .text._ZN10McciCatena5cFram6Cursor6createEv
                0x00003b0c       0xc8 c:\Users\xiaoy\Documents\GitHub\iotHardware\build\libraries\Catena-Arduino-Platform\Catena-Arduino-Platform.a(Catena_Fram.cpp.o)
                0x00003b0c                McciCatena::cFram::Cursor::create()
 .text._ZN10McciCatena5cFram6Cursor6locateENS_12cFramStorage12StandardItemE
                0x00003bd4       0x5c c:\Users\xiaoy\Documents\GitHub\iotHardware\build\libraries\Catena-Arduino-Platform\Catena-Arduino-Platform.a(Catena_Fram.cpp.o)
                0x00003bd4                McciCatena::cFram::Cursor::locate(McciCatena::cFramStorage::StandardItem)
 .text._ZN10McciCatena5cFram6CursorC2EPS0_NS_12cFramStorage12StandardItemE
                0x00003c30       0x1a c:\Users\xiaoy\Documents\GitHub\iotHardware\build\libraries\Catena-Arduino-Platform\Catena-Arduino-Platform.a(Catena_Fram.cpp.o)
                0x00003c30                McciCatena::cFram::Cursor::Cursor(McciCatena::cFram*, McciCatena::cFramStorage::StandardItem)
                0x00003c30                McciCatena::cFram::Cursor::Cursor(McciCatena::cFram*, McciCatena::cFramStorage::StandardItem)
 .text._ZN10McciCatena5cFram6Cursor3getEPhj
                0x00003c4a       0x4c c:\Users\xiaoy\Documents\GitHub\iotHardware\build\libraries\Catena-Arduino-Platform\Catena-Arduino-Platform.a(Catena_Fram.cpp.o)
                0x00003c4a                McciCatena::cFram::Cursor::get(unsigned char*, unsigned int)
 *fill*         0x00003c96        0x2 
 .text._ZN10McciCatena5cFram8getFieldENS_12cFramStorage12StandardKeysEPhj
                0x00003c98       0x28 c:\Users\xiaoy\Documents\GitHub\iotHardware\build\libraries\Catena-Arduino-Platform\Catena-Arduino-Platform.a(Catena_Fram.cpp.o)
                0x00003c98                McciCatena::cFram::getField(McciCatena::cFramStorage::StandardKeys, unsigned char*, unsigned int)
 .text._ZN10McciCatena5cFram6Cursor3putEPKhj
                0x00003cc0       0x64 c:\Users\xiaoy\Documents\GitHub\iotHardware\build\libraries\Catena-Arduino-Platform\Catena-Arduino-Platform.a(Catena_Fram.cpp.o)
                0x00003cc0                McciCatena::cFram::Cursor::put(unsigned char const*, unsigned int)
 .text._ZN10McciCatena5cFram9saveFieldENS_12cFramStorage12StandardKeysEPKhj
                0x00003d24       0x54 c:\Users\xiaoy\Documents\GitHub\iotHardware\build\libraries\Catena-Arduino-Platform\Catena-Arduino-Platform.a(Catena_Fram.cpp.o)
                0x00003d24                McciCatena::cFram::saveField(McciCatena::cFramStorage::StandardKeys, unsigned char const*, unsigned int)
 .text._ZNK10McciCatena5cFram6Cursor7getitemERNS_12cFramStorage12StandardItemE
                0x00003d78       0x1c c:\Users\xiaoy\Documents\GitHub\iotHardware\build\libraries\Catena-Arduino-Platform\Catena-Arduino-Platform.a(Catena_Fram.cpp.o)
                0x00003d78                McciCatena::cFram::Cursor::getitem(McciCatena::cFramStorage::StandardItem&) const
 .text._ZNK10McciCatena5cFram6Cursor11getitemsizeEv
                0x00003d94       0x18 c:\Users\xiaoy\Documents\GitHub\iotHardware\build\libraries\Catena-Arduino-Platform\Catena-Arduino-Platform.a(Catena_Fram.cpp.o)
                0x00003d94                McciCatena::cFram::Cursor::getitemsize() const
 .text._ZNK10McciCatena5cFram6Cursor10parsevalueEPKcPhj
                0x00003dac      0x102 c:\Users\xiaoy\Documents\GitHub\iotHardware\build\libraries\Catena-Arduino-Platform\Catena-Arduino-Platform.a(Catena_Fram.cpp.o)
                0x00003dac                McciCatena::cFram::Cursor::parsevalue(char const*, unsigned char*, unsigned int) const
 *fill*         0x00003eae        0x2 
 .text._ZNK10McciCatena5cFram6Cursor11formatvalueEPcjjPKhj
                0x00003eb0       0x78 c:\Users\xiaoy\Documents\GitHub\iotHardware\build\libraries\Catena-Arduino-Platform\Catena-Arduino-Platform.a(Catena_Fram.cpp.o)
                0x00003eb0                McciCatena::cFram::Cursor::formatvalue(char*, unsigned int, unsigned int, unsigned char const*, unsigned int) const
 .text._ZN10McciCatena12cFramStorage6Object10initializeERK19MCCIADK_GUID_WIRE_shjb
                0x00003f28       0x64 c:\Users\xiaoy\Documents\GitHub\iotHardware\build\libraries\Catena-Arduino-Platform\Catena-Arduino-Platform.a(Catena_FramStorage.cpp.o)
                0x00003f28                McciCatena::cFramStorage::Object::initialize(MCCIADK_GUID_WIRE_s const&, unsigned char, unsigned int, bool)
 .text._ZN10McciCatena12cFramStorage6Object10initializeENS0_12StandardItemE
                0x00003f8c       0x1c c:\Users\xiaoy\Documents\GitHub\iotHardware\build\libraries\Catena-Arduino-Platform\Catena-Arduino-Platform.a(Catena_FramStorage.cpp.o)
                0x00003f8c                McciCatena::cFramStorage::Object::initialize(McciCatena::cFramStorage::StandardItem)
 .text._ZNK10McciCatena12cFramStorage6Object11matchesGuidERK19MCCIADK_GUID_WIRE_s
                0x00003fa8       0x20 c:\Users\xiaoy\Documents\GitHub\iotHardware\build\libraries\Catena-Arduino-Platform\Catena-Arduino-Platform.a(Catena_FramStorage.cpp.o)
                0x00003fa8                McciCatena::cFramStorage::Object::matchesGuid(MCCIADK_GUID_WIRE_s const&) const
 .text._ZNK10McciCatena12cFramStorage6Object7isValidEv
                0x00003fc8       0x22 c:\Users\xiaoy\Documents\GitHub\iotHardware\build\libraries\Catena-Arduino-Platform\Catena-Arduino-Platform.a(Catena_FramStorage.cpp.o)
                0x00003fc8                McciCatena::cFramStorage::Object::isValid() const
 *fill*         0x00003fea        0x2 
 .text.startup._GLOBAL__sub_I__ZN10McciCatena12cFramStorage10skFramGuidE
                0x00003fec       0x90 c:\Users\xiaoy\Documents\GitHub\iotHardware\build\libraries\Catena-Arduino-Platform\Catena-Arduino-Platform.a(Catena_FramStorage.cpp.o)
 .text._ZL9getuint32iPPciRmm.part.0
                0x0000407c       0x36 c:\Users\xiaoy\Documents\GitHub\iotHardware\build\libraries\Catena-Arduino-Platform\Catena-Arduino-Platform.a(Catena_Fram_commands.cpp.o)
 *fill*         0x000040b2        0x2 
 .text._ZN10McciCatena5cFram7doResetEPNS_14cCommandStreamEPviPPc
                0x000040b4       0x3c c:\Users\xiaoy\Documents\GitHub\iotHardware\build\libraries\Catena-Arduino-Platform\Catena-Arduino-Platform.a(Catena_Fram_commands.cpp.o)
                0x000040b4                McciCatena::cFram::doReset(McciCatena::cCommandStream*, void*, int, char**)
 .text._ZN10McciCatena5cFram6doDumpEPNS_14cCommandStreamEPviPPc
                0x000040f0       0x90 c:\Users\xiaoy\Documents\GitHub\iotHardware\build\libraries\Catena-Arduino-Platform\Catena-Arduino-Platform.a(Catena_Fram_commands.cpp.o)
                0x000040f0                McciCatena::cFram::doDump(McciCatena::cCommandStream*, void*, int, char**)
 .text._ZN10McciCatena5cFram11addCommandsEv
                0x00004180       0x18 c:\Users\xiaoy\Documents\GitHub\iotHardware\build\libraries\Catena-Arduino-Platform\Catena-Arduino-Platform.a(Catena_Fram_commands.cpp.o)
                0x00004180                McciCatena::cFram::addCommands()
 .text.startup._GLOBAL__sub_I__ZN10McciCatena5cFram11addCommandsEv
                0x00004198       0x34 c:\Users\xiaoy\Documents\GitHub\iotHardware\build\libraries\Catena-Arduino-Platform\Catena-Arduino-Platform.a(Catena_Fram_commands.cpp.o)
 .text.McciAdkLib_BufferToUlong
                0x000041cc      0x12a c:\Users\xiaoy\Documents\GitHub\iotHardware\build\libraries\Catena-mcciadk\lib\mcciadklib_buffertoulong.c.o
                0x000041cc                McciAdkLib_BufferToUlong
 *fill*         0x000042f6        0x2 
 .text.McciAdkLib_FormatDumpLine
                0x000042f8       0xa4 c:\Users\xiaoy\Documents\GitHub\iotHardware\build\libraries\Catena-mcciadk\lib\mcciadklib_formatdumpline.c.o
                0x000042f8                McciAdkLib_FormatDumpLine
 .text.McciAdkLib_Vsnprintf
                0x0000439c       0x2e c:\Users\xiaoy\Documents\GitHub\iotHardware\build\libraries\Catena-mcciadk\lib\mcciadklib_snprintf.c.o
                0x0000439c                McciAdkLib_Vsnprintf
 .text.McciAdkLib_Snprintf
                0x000043ca       0x1e c:\Users\xiaoy\Documents\GitHub\iotHardware\build\libraries\Catena-mcciadk\lib\mcciadklib_snprintf.c.o
                0x000043ca                McciAdkLib_Snprintf
 .text.McciAdkLib_StringCompareCaseInsensitive
                0x000043e8       0x50 c:\Users\xiaoy\Documents\GitHub\iotHardware\build\libraries\Catena-mcciadk\lib\mcciadklib_stringcomparecaseinsensitive.c.o
                0x000043e8                McciAdkLib_StringCompareCaseInsensitive
 .text._ZN7TwoWire5writeEi
                0x00004438        0xc c:\Users\xiaoy\Documents\GitHub\iotHardware\build\libraries\Adafruit_FRAM_I2C\Adafruit_FRAM_I2C.cpp.o
                0x00004438                TwoWire::write(int)
 .text._ZN17Adafruit_FRAM_I2CC2Ev
                0x00004444        0x6 c:\Users\xiaoy\Documents\GitHub\iotHardware\build\libraries\Adafruit_FRAM_I2C\Adafruit_FRAM_I2C.cpp.o
                0x00004444                Adafruit_FRAM_I2C::Adafruit_FRAM_I2C()
                0x00004444                Adafruit_FRAM_I2C::Adafruit_FRAM_I2C()
 .text._ZN17Adafruit_FRAM_I2C5beginEhP7TwoWire
                0x0000444a       0x44 c:\Users\xiaoy\Documents\GitHub\iotHardware\build\libraries\Adafruit_FRAM_I2C\Adafruit_FRAM_I2C.cpp.o
                0x0000444a                Adafruit_FRAM_I2C::begin(unsigned char, TwoWire*)
 .text._ZN17Adafruit_FRAM_I2C5writeEtPKhj
                0x0000448e       0x36 c:\Users\xiaoy\Documents\GitHub\iotHardware\build\libraries\Adafruit_FRAM_I2C\Adafruit_FRAM_I2C.cpp.o
                0x0000448e                Adafruit_FRAM_I2C::write(unsigned short, unsigned char const*, unsigned int)
 .text._ZN17Adafruit_FRAM_I2C4readEtPhj
                0x000044c4       0x6a c:\Users\xiaoy\Documents\GitHub\iotHardware\build\libraries\Adafruit_FRAM_I2C\Adafruit_FRAM_I2C.cpp.o
                0x000044c4                Adafruit_FRAM_I2C::read(unsigned short, unsigned char*, unsigned int)
 .text._ZN7TwoWire5writeEPKhj
                0x0000452e       0x24 c:\Users\xiaoy\Documents\GitHub\iotHardware\build\libraries\Wire\Wire.cpp.o
                0x0000452e                TwoWire::write(unsigned char const*, unsigned int)
 .text._ZN7TwoWire5flushEv
                0x00004552        0x2 c:\Users\xiaoy\Documents\GitHub\iotHardware\build\libraries\Wire\Wire.cpp.o
                0x00004552                TwoWire::flush()
 .text._ZN7TwoWire4readEv
                0x00004554        0xa c:\Users\xiaoy\Documents\GitHub\iotHardware\build\libraries\Wire\Wire.cpp.o
                0x00004554                TwoWire::read()
 .text._ZN7TwoWire9availableEv
                0x0000455e        0xa c:\Users\xiaoy\Documents\GitHub\iotHardware\build\libraries\Wire\Wire.cpp.o
                0x0000455e                TwoWire::available()
 .text._ZN7TwoWire5writeEh
                0x00004568       0x28 c:\Users\xiaoy\Documents\GitHub\iotHardware\build\libraries\Wire\Wire.cpp.o
                0x00004568                TwoWire::write(unsigned char)
 .text._ZN7TwoWire4peekEv
                0x00004590        0xa c:\Users\xiaoy\Documents\GitHub\iotHardware\build\libraries\Wire\Wire.cpp.o
                0x00004590                TwoWire::peek()
 *fill*         0x0000459a        0x2 
 .text._ZN7TwoWireC2EP6SERCOMhh
                0x0000459c       0x3c c:\Users\xiaoy\Documents\GitHub\iotHardware\build\libraries\Wire\Wire.cpp.o
                0x0000459c                TwoWire::TwoWire(SERCOM*, unsigned char, unsigned char)
                0x0000459c                TwoWire::TwoWire(SERCOM*, unsigned char, unsigned char)
 .text._ZN7TwoWire5beginEv
                0x000045d8       0x40 c:\Users\xiaoy\Documents\GitHub\iotHardware\build\libraries\Wire\Wire.cpp.o
                0x000045d8                TwoWire::begin()
 .text._ZN7TwoWire11requestFromEhjb
                0x00004618       0x76 c:\Users\xiaoy\Documents\GitHub\iotHardware\build\libraries\Wire\Wire.cpp.o
                0x00004618                TwoWire::requestFrom(unsigned char, unsigned int, bool)
 .text._ZN7TwoWire11requestFromEhj
                0x0000468e        0xa c:\Users\xiaoy\Documents\GitHub\iotHardware\build\libraries\Wire\Wire.cpp.o
                0x0000468e                TwoWire::requestFrom(unsigned char, unsigned int)
 .text._ZN7TwoWire17beginTransmissionEh
                0x00004698       0x16 c:\Users\xiaoy\Documents\GitHub\iotHardware\build\libraries\Wire\Wire.cpp.o
                0x00004698                TwoWire::beginTransmission(unsigned char)
 .text._ZN7TwoWire15endTransmissionEb
                0x000046ae       0x66 c:\Users\xiaoy\Documents\GitHub\iotHardware\build\libraries\Wire\Wire.cpp.o
                0x000046ae                TwoWire::endTransmission(bool)
 .text._ZN7TwoWire15endTransmissionEv
                0x00004714        0xa c:\Users\xiaoy\Documents\GitHub\iotHardware\build\libraries\Wire\Wire.cpp.o
                0x00004714                TwoWire::endTransmission()
 .text._ZN7TwoWire9onServiceEv
                0x0000471e      0x104 c:\Users\xiaoy\Documents\GitHub\iotHardware\build\libraries\Wire\Wire.cpp.o
                0x0000471e                TwoWire::onService()
 *fill*         0x00004822        0x2 
 .text.SERCOM3_Handler
                0x00004824       0x10 c:\Users\xiaoy\Documents\GitHub\iotHardware\build\libraries\Wire\Wire.cpp.o
                0x00004824                SERCOM3_Handler
 .text.startup._GLOBAL__sub_I__ZN7TwoWireC2EP6SERCOMhh
                0x00004834       0x18 c:\Users\xiaoy\Documents\GitHub\iotHardware\build\libraries\Wire\Wire.cpp.o
 .text.startup._GLOBAL__sub_I__ZN8SPIClassC2EP6SERCOMhhh14SercomSpiTXPad11SercomRXPad
                0x0000484c       0x5c c:\Users\xiaoy\Documents\GitHub\iotHardware\build\libraries\SPI\SPI.cpp.o
 .text.RTC_Handler
                0x000048a8       0x1c c:\Users\xiaoy\Documents\GitHub\iotHardware\build\libraries\RTCZero\RTCZero.cpp.o
                0x000048a8                RTC_Handler
 .text.SERCOM0_Handler
                0x000048c4       0x10 c:\Users\xiaoy\Documents\GitHub\iotHardware\build\core\variant.cpp.o
                0x000048c4                SERCOM0_Handler
 .text.startup._GLOBAL__sub_I_g_APinDescription
                0x000048d4       0x7c c:\Users\xiaoy\Documents\GitHub\iotHardware\build\core\variant.cpp.o
 .text.Dummy_Handler
                0x00004950        0x2 c:\Users\xiaoy\Documents\GitHub\iotHardware\build/core\core.a(cortex_handlers.c.o)
                0x00004950                DMAC_Handler
                0x00004950                HardFault_Handler
                0x00004950                AC_Handler
                0x00004950                PendSV_Handler
                0x00004950                NMI_Handler
                0x00004950                TC7_Handler
                0x00004950                SERCOM1_Handler
                0x00004950                ADC_Handler
                0x00004950                TCC1_Handler
                0x00004950                SERCOM2_Handler
                0x00004950                TCC0_Handler
                0x00004950                EIC_Handler
                0x00004950                TC6_Handler
                0x00004950                WDT_Handler
                0x00004950                TC4_Handler
                0x00004950                TC3_Handler
                0x00004950                Dummy_Handler
                0x00004950                PM_Handler
                0x00004950                SERCOM5_Handler
                0x00004950                SVC_Handler
                0x00004950                TCC2_Handler
                0x00004950                EVSYS_Handler
                0x00004950                SERCOM4_Handler
                0x00004950                I2S_Handler
                0x00004950                NVMCTRL_Handler
                0x00004950                DAC_Handler
                0x00004950                PTC_Handler
                0x00004950                SYSCTRL_Handler
 *fill*         0x00004952        0x2 
 .text.USB_Handler
                0x00004954       0x14 c:\Users\xiaoy\Documents\GitHub\iotHardware\build/core\core.a(cortex_handlers.c.o)
                0x00004954                USB_Handler
 .text.Reset_Handler
                0x00004968       0x54 c:\Users\xiaoy\Documents\GitHub\iotHardware\build/core\core.a(cortex_handlers.c.o)
                0x00004968                Reset_Handler
 .text.SysTick_Handler
                0x000049bc       0x10 c:\Users\xiaoy\Documents\GitHub\iotHardware\build/core\core.a(cortex_handlers.c.o)
                0x000049bc                SysTick_Handler
 .text.USB_SetHandler
                0x000049cc        0xc c:\Users\xiaoy\Documents\GitHub\iotHardware\build/core\core.a(cortex_handlers.c.o)
                0x000049cc                USB_SetHandler
 .text.millis   0x000049d8        0xc c:\Users\xiaoy\Documents\GitHub\iotHardware\build/core\core.a(delay.c.o)
                0x000049d8                millis
 .text.delay    0x000049e4       0x20 c:\Users\xiaoy\Documents\GitHub\iotHardware\build/core\core.a(delay.c.o)
                0x000049e4                delay
 .text.SysTick_DefaultHandler
                0x00004a04       0x14 c:\Users\xiaoy\Documents\GitHub\iotHardware\build/core\core.a(delay.c.o)
                0x00004a04                SysTick_DefaultHandler
 .text.__empty  0x00004a18        0x2 c:\Users\xiaoy\Documents\GitHub\iotHardware\build/core\core.a(hooks.c.o)
                0x00004a18                yield
 .text.__false  0x00004a1a        0x4 c:\Users\xiaoy\Documents\GitHub\iotHardware\build/core\core.a(hooks.c.o)
                0x00004a1a                sysTickHook
 *fill*         0x00004a1e        0x2 
 .text.SystemInit
                0x00004a20      0x168 c:\Users\xiaoy\Documents\GitHub\iotHardware\build/core\core.a(startup.c.o)
                0x00004a20                SystemInit
 .text.init     0x00004b88       0xf0 c:\Users\xiaoy\Documents\GitHub\iotHardware\build/core\core.a(wiring.c.o)
                0x00004b88                init
 .text.analogReference
                0x00004c78       0x5c c:\Users\xiaoy\Documents\GitHub\iotHardware\build/core\core.a(wiring_analog.c.o)
                0x00004c78                analogReference
 .text.pinMode  0x00004cd4       0xb4 c:\Users\xiaoy\Documents\GitHub\iotHardware\build/core\core.a(wiring_digital.c.o)
                0x00004cd4                pinMode
 .text.digitalWrite
                0x00004d88       0x60 c:\Users\xiaoy\Documents\GitHub\iotHardware\build/core\core.a(wiring_digital.c.o)
                0x00004d88                digitalWrite
 .text.pinPeripheral
                0x00004de8       0xc4 c:\Users\xiaoy\Documents\GitHub\iotHardware\build/core\core.a(wiring_private.c.o)
                0x00004de8                pinPeripheral
 .text._ZN5Print5writeEPKhj
                0x00004eac       0x28 c:\Users\xiaoy\Documents\GitHub\iotHardware\build/core\core.a(Print.cpp.o)
                0x00004eac                Print::write(unsigned char const*, unsigned int)
 .text._ZN5Print5writeEPKc
                0x00004ed4       0x1c c:\Users\xiaoy\Documents\GitHub\iotHardware\build/core\core.a(Print.cpp.o)
                0x00004ed4                Print::write(char const*)
 .text._ZN5Print5printEPKc
                0x00004ef0        0x8 c:\Users\xiaoy\Documents\GitHub\iotHardware\build/core\core.a(Print.cpp.o)
                0x00004ef0                Print::print(char const*)
 .text._ZN5Print5printEc
                0x00004ef8        0xa c:\Users\xiaoy\Documents\GitHub\iotHardware\build/core\core.a(Print.cpp.o)
                0x00004ef8                Print::print(char)
 *fill*         0x00004f02        0x2 
 .text._ZN5Print7printlnEv
                0x00004f04       0x10 c:\Users\xiaoy\Documents\GitHub\iotHardware\build/core\core.a(Print.cpp.o)
                0x00004f04                Print::println()
 .text._ZN5Print7printlnEPKc
                0x00004f14       0x14 c:\Users\xiaoy\Documents\GitHub\iotHardware\build/core\core.a(Print.cpp.o)
                0x00004f14                Print::println(char const*)
 .text._ZN5Print11printNumberEmh
                0x00004f28       0x4e c:\Users\xiaoy\Documents\GitHub\iotHardware\build/core\core.a(Print.cpp.o)
                0x00004f28                Print::printNumber(unsigned long, unsigned char)
 .text._ZN5Print5printEli
                0x00004f76       0x3c c:\Users\xiaoy\Documents\GitHub\iotHardware\build/core\core.a(Print.cpp.o)
                0x00004f76                Print::print(long, int)
 .text._ZN5Print5printEii
                0x00004fb2        0x8 c:\Users\xiaoy\Documents\GitHub\iotHardware\build/core\core.a(Print.cpp.o)
                0x00004fb2                Print::print(int, int)
 *fill*         0x00004fba        0x6 
 .text._ZN5Print10printFloatEdh
                0x00004fc0      0x170 c:\Users\xiaoy\Documents\GitHub\iotHardware\build/core\core.a(Print.cpp.o)
                0x00004fc0                Print::printFloat(double, unsigned char)
 .text._ZN5Print5printEdi
                0x00005130        0xe c:\Users\xiaoy\Documents\GitHub\iotHardware\build/core\core.a(Print.cpp.o)
                0x00005130                Print::print(double, int)
 *fill*         0x0000513e        0x2 
 .text.initiateReset
                0x00005140        0xc c:\Users\xiaoy\Documents\GitHub\iotHardware\build/core\core.a(Reset.cpp.o)
                0x00005140                initiateReset
 .text.cancelReset
                0x0000514c       0x10 c:\Users\xiaoy\Documents\GitHub\iotHardware\build/core\core.a(Reset.cpp.o)
                0x0000514c                cancelReset
 .text.tickReset
                0x0000515c       0x74 c:\Users\xiaoy\Documents\GitHub\iotHardware\build/core\core.a(Reset.cpp.o)
                0x0000515c                tickReset
 .text._ZN10RingBufferC2Ev
                0x000051d0       0x1a c:\Users\xiaoy\Documents\GitHub\iotHardware\build/core\core.a(RingBuffer.cpp.o)
                0x000051d0                RingBuffer::RingBuffer()
                0x000051d0                RingBuffer::RingBuffer()
 .text._ZN10RingBuffer10store_charEh
                0x000051ea       0x24 c:\Users\xiaoy\Documents\GitHub\iotHardware\build/core\core.a(RingBuffer.cpp.o)
                0x000051ea                RingBuffer::store_char(unsigned char)
 .text._ZN10RingBuffer5clearEv
                0x0000520e        0xe c:\Users\xiaoy\Documents\GitHub\iotHardware\build/core\core.a(RingBuffer.cpp.o)
                0x0000520e                RingBuffer::clear()
 .text._ZN10RingBuffer9read_charEv
                0x0000521c       0x28 c:\Users\xiaoy\Documents\GitHub\iotHardware\build/core\core.a(RingBuffer.cpp.o)
                0x0000521c                RingBuffer::read_char()
 .text._ZN10RingBuffer9availableEv
                0x00005244       0x12 c:\Users\xiaoy\Documents\GitHub\iotHardware\build/core\core.a(RingBuffer.cpp.o)
                0x00005244                RingBuffer::available()
 .text._ZN10RingBuffer4peekEv
                0x00005256       0x1a c:\Users\xiaoy\Documents\GitHub\iotHardware\build/core\core.a(RingBuffer.cpp.o)
                0x00005256                RingBuffer::peek()
 .text._ZN10RingBuffer6isFullEv
                0x00005270       0x20 c:\Users\xiaoy\Documents\GitHub\iotHardware\build/core\core.a(RingBuffer.cpp.o)
                0x00005270                RingBuffer::isFull()
 .text._ZN6SERCOMC2EP6Sercom
                0x00005290        0x4 c:\Users\xiaoy\Documents\GitHub\iotHardware\build/core\core.a(SERCOM.cpp.o)
                0x00005290                SERCOM::SERCOM(Sercom*)
                0x00005290                SERCOM::SERCOM(Sercom*)
 .text._ZN6SERCOM9initFrameE18SercomUartCharSize15SercomDataOrder16SercomParityMode19SercomNumberStopBit
                0x00005294       0x38 c:\Users\xiaoy\Documents\GitHub\iotHardware\build/core\core.a(SERCOM.cpp.o)
                0x00005294                SERCOM::initFrame(SercomUartCharSize, SercomDataOrder, SercomParityMode, SercomNumberStopBit)
 .text._ZN6SERCOM8initPadsE15SercomUartTXPad11SercomRXPad
                0x000052cc       0x26 c:\Users\xiaoy\Documents\GitHub\iotHardware\build/core\core.a(SERCOM.cpp.o)
                0x000052cc                SERCOM::initPads(SercomUartTXPad, SercomRXPad)
 .text._ZN6SERCOM9resetUARTEv
                0x000052f2       0x1c c:\Users\xiaoy\Documents\GitHub\iotHardware\build/core\core.a(SERCOM.cpp.o)
                0x000052f2                SERCOM::resetUART()
 .text._ZN6SERCOM10enableUARTEv
                0x0000530e       0x14 c:\Users\xiaoy\Documents\GitHub\iotHardware\build/core\core.a(SERCOM.cpp.o)
                0x0000530e                SERCOM::enableUART()
 .text._ZN6SERCOM9flushUARTEv
                0x00005322       0x10 c:\Users\xiaoy\Documents\GitHub\iotHardware\build/core\core.a(SERCOM.cpp.o)
                0x00005322                SERCOM::flushUART()
 .text._ZN6SERCOM15clearStatusUARTEv
                0x00005332        0x8 c:\Users\xiaoy\Documents\GitHub\iotHardware\build/core\core.a(SERCOM.cpp.o)
                0x00005332                SERCOM::clearStatusUART()
 .text._ZN6SERCOM17availableDataUARTEv
                0x0000533a        0xa c:\Users\xiaoy\Documents\GitHub\iotHardware\build/core\core.a(SERCOM.cpp.o)
                0x0000533a                SERCOM::availableDataUART()
 .text._ZN6SERCOM11isUARTErrorEv
                0x00005344        0x8 c:\Users\xiaoy\Documents\GitHub\iotHardware\build/core\core.a(SERCOM.cpp.o)
                0x00005344                SERCOM::isUARTError()
 .text._ZN6SERCOM20acknowledgeUARTErrorEv
                0x0000534c        0xe c:\Users\xiaoy\Documents\GitHub\iotHardware\build/core\core.a(SERCOM.cpp.o)
                0x0000534c                SERCOM::acknowledgeUARTError()
 .text._ZN6SERCOM12readDataUARTEv
                0x0000535a        0x8 c:\Users\xiaoy\Documents\GitHub\iotHardware\build/core\core.a(SERCOM.cpp.o)
                0x0000535a                SERCOM::readDataUART()
 .text._ZN6SERCOM13writeDataUARTEh
                0x00005362        0xe c:\Users\xiaoy\Documents\GitHub\iotHardware\build/core\core.a(SERCOM.cpp.o)
                0x00005362                SERCOM::writeDataUART(unsigned char)
 .text._ZN6SERCOM9resetWIREEv
                0x00005370       0x1c c:\Users\xiaoy\Documents\GitHub\iotHardware\build/core\core.a(SERCOM.cpp.o)
                0x00005370                SERCOM::resetWIRE()
 .text._ZN6SERCOM10enableWIREEv
                0x0000538c       0x28 c:\Users\xiaoy\Documents\GitHub\iotHardware\build/core\core.a(SERCOM.cpp.o)
                0x0000538c                SERCOM::enableWIRE()
 .text._ZN6SERCOM18prepareNackBitWIREEv
                0x000053b4       0x10 c:\Users\xiaoy\Documents\GitHub\iotHardware\build/core\core.a(SERCOM.cpp.o)
                0x000053b4                SERCOM::prepareNackBitWIRE()
 .text._ZN6SERCOM17prepareAckBitWIREEv
                0x000053c4       0x14 c:\Users\xiaoy\Documents\GitHub\iotHardware\build/core\core.a(SERCOM.cpp.o)
                0x000053c4                SERCOM::prepareAckBitWIRE()
 .text._ZN6SERCOM22prepareCommandBitsWireEh
                0x000053d8       0x2c c:\Users\xiaoy\Documents\GitHub\iotHardware\build/core\core.a(SERCOM.cpp.o)
                0x000053d8                SERCOM::prepareCommandBitsWire(unsigned char)
 .text._ZN6SERCOM21startTransmissionWIREEh23SercomWireReadWriteFlag
                0x00005404       0x5e c:\Users\xiaoy\Documents\GitHub\iotHardware\build/core\core.a(SERCOM.cpp.o)
                0x00005404                SERCOM::startTransmissionWIRE(unsigned char, SercomWireReadWriteFlag)
 .text._ZN6SERCOM18sendDataMasterWIREEh
                0x00005462       0x22 c:\Users\xiaoy\Documents\GitHub\iotHardware\build/core\core.a(SERCOM.cpp.o)
                0x00005462                SERCOM::sendDataMasterWIRE(unsigned char)
 .text._ZN6SERCOM17sendDataSlaveWIREEh
                0x00005484       0x1a c:\Users\xiaoy\Documents\GitHub\iotHardware\build/core\core.a(SERCOM.cpp.o)
                0x00005484                SERCOM::sendDataSlaveWIRE(unsigned char)
 .text._ZN6SERCOM11isSlaveWIREEv
                0x0000549e       0x12 c:\Users\xiaoy\Documents\GitHub\iotHardware\build/core\core.a(SERCOM.cpp.o)
                0x0000549e                SERCOM::isSlaveWIRE()
 .text._ZN6SERCOM15isDataReadyWIREEv
                0x000054b0        0xa c:\Users\xiaoy\Documents\GitHub\iotHardware\build/core\core.a(SERCOM.cpp.o)
                0x000054b0                SERCOM::isDataReadyWIRE()
 .text._ZN6SERCOM18isStopDetectedWIREEv
                0x000054ba        0xa c:\Users\xiaoy\Documents\GitHub\iotHardware\build/core\core.a(SERCOM.cpp.o)
                0x000054ba                SERCOM::isStopDetectedWIRE()
 .text._ZN6SERCOM21isRestartDetectedWIREEv
                0x000054c4        0xa c:\Users\xiaoy\Documents\GitHub\iotHardware\build/core\core.a(SERCOM.cpp.o)
                0x000054c4                SERCOM::isRestartDetectedWIRE()
 .text._ZN6SERCOM14isAddressMatchEv
                0x000054ce        0xa c:\Users\xiaoy\Documents\GitHub\iotHardware\build/core\core.a(SERCOM.cpp.o)
                0x000054ce                SERCOM::isAddressMatch()
 .text._ZN6SERCOM25isMasterReadOperationWIREEv
                0x000054d8        0xa c:\Users\xiaoy\Documents\GitHub\iotHardware\build/core\core.a(SERCOM.cpp.o)
                0x000054d8                SERCOM::isMasterReadOperationWIRE()
 .text._ZN6SERCOM12readDataWIREEv
                0x000054e2       0x1a c:\Users\xiaoy\Documents\GitHub\iotHardware\build/core\core.a(SERCOM.cpp.o)
                0x000054e2                SERCOM::readDataWIRE()
 .text._ZN6SERCOM13initClockNVICEv
                0x000054fc       0xac c:\Users\xiaoy\Documents\GitHub\iotHardware\build/core\core.a(SERCOM.cpp.o)
                0x000054fc                SERCOM::initClockNVIC()
 .text._ZN6SERCOM8initUARTE14SercomUartMode20SercomUartSampleRatem
                0x000055a8       0x6c c:\Users\xiaoy\Documents\GitHub\iotHardware\build/core\core.a(SERCOM.cpp.o)
                0x000055a8                SERCOM::initUART(SercomUartMode, SercomUartSampleRate, unsigned long)
 .text._ZN6SERCOM14initMasterWIREEm
                0x00005614       0x38 c:\Users\xiaoy\Documents\GitHub\iotHardware\build/core\core.a(SERCOM.cpp.o)
                0x00005614                SERCOM::initMasterWIRE(unsigned long)
 .text._ZN4UartcvbEv
                0x0000564c        0x4 c:\Users\xiaoy\Documents\GitHub\iotHardware\build/core\core.a(Uart.cpp.o)
                0x0000564c                Uart::operator bool()
 .text._ZN4Uart5beginEm
                0x00005650       0x10 c:\Users\xiaoy\Documents\GitHub\iotHardware\build/core\core.a(Uart.cpp.o)
                0x00005650                Uart::begin(unsigned long)
 .text._ZN4Uart3endEv
                0x00005660       0x14 c:\Users\xiaoy\Documents\GitHub\iotHardware\build/core\core.a(Uart.cpp.o)
                0x00005660                Uart::end()
 .text._ZN4Uart5flushEv
                0x00005674        0xa c:\Users\xiaoy\Documents\GitHub\iotHardware\build/core\core.a(Uart.cpp.o)
                0x00005674                Uart::flush()
 .text._ZN4Uart9availableEv
                0x0000567e        0xa c:\Users\xiaoy\Documents\GitHub\iotHardware\build/core\core.a(Uart.cpp.o)
                0x0000567e                Uart::available()
 .text._ZN4Uart4peekEv
                0x00005688        0xa c:\Users\xiaoy\Documents\GitHub\iotHardware\build/core\core.a(Uart.cpp.o)
                0x00005688                Uart::peek()
 .text._ZN4Uart4readEv
                0x00005692        0xa c:\Users\xiaoy\Documents\GitHub\iotHardware\build/core\core.a(Uart.cpp.o)
                0x00005692                Uart::read()
 .text._ZN4Uart5writeEh
                0x0000569c        0xc c:\Users\xiaoy\Documents\GitHub\iotHardware\build/core\core.a(Uart.cpp.o)
                0x0000569c                Uart::write(unsigned char)
 .text._ZN4UartC2EP6SERCOMhh11SercomRXPad15SercomUartTXPad
                0x000056a8       0x48 c:\Users\xiaoy\Documents\GitHub\iotHardware\build/core\core.a(Uart.cpp.o)
                0x000056a8                Uart::Uart(SERCOM*, unsigned char, unsigned char, SercomRXPad, SercomUartTXPad)
                0x000056a8                Uart::Uart(SERCOM*, unsigned char, unsigned char, SercomRXPad, SercomUartTXPad)
 .text._ZN4Uart10IrqHandlerEv
                0x000056f0       0x36 c:\Users\xiaoy\Documents\GitHub\iotHardware\build/core\core.a(Uart.cpp.o)
                0x000056f0                Uart::IrqHandler()
 .text._ZN4Uart16extractNbStopBitEt
                0x00005726        0xe c:\Users\xiaoy\Documents\GitHub\iotHardware\build/core\core.a(Uart.cpp.o)
                0x00005726                Uart::extractNbStopBit(unsigned short)
 .text._ZN4Uart15extractCharSizeEt
                0x00005734       0x2c c:\Users\xiaoy\Documents\GitHub\iotHardware\build/core\core.a(Uart.cpp.o)
                0x00005734                Uart::extractCharSize(unsigned short)
 .text._ZN4Uart13extractParityEt
                0x00005760       0x18 c:\Users\xiaoy\Documents\GitHub\iotHardware\build/core\core.a(Uart.cpp.o)
                0x00005760                Uart::extractParity(unsigned short)
 .text._ZN4Uart5beginEmt
                0x00005778       0x88 c:\Users\xiaoy\Documents\GitHub\iotHardware\build/core\core.a(Uart.cpp.o)
                0x00005778                Uart::begin(unsigned long, unsigned short)
 .text._Z8makeWordhh
                0x00005800        0x6 c:\Users\xiaoy\Documents\GitHub\iotHardware\build/core\core.a(WMath.cpp.o)
                0x00005800                makeWord(unsigned char, unsigned char)
 .text.__cxa_pure_virtual
                0x00005806        0x2 c:\Users\xiaoy\Documents\GitHub\iotHardware\build/core\core.a(abi.cpp.o)
                0x00005806                __cxa_pure_virtual
 .text._Z11initVariantv
                0x00005808        0x2 c:\Users\xiaoy\Documents\GitHub\iotHardware\build/core\core.a(main.cpp.o)
                0x00005808                initVariant()
 *fill*         0x0000580a        0x2 
 .text.startup.main
                0x0000580c       0x40 c:\Users\xiaoy\Documents\GitHub\iotHardware\build/core\core.a(main.cpp.o)
                0x0000580c                main
 .text._Znwj    0x0000584c        0x8 c:\Users\xiaoy\Documents\GitHub\iotHardware\build/core\core.a(new.cpp.o)
                0x0000584c                operator new(unsigned int)
 .text._ZdlPv   0x00005854        0x8 c:\Users\xiaoy\Documents\GitHub\iotHardware\build/core\core.a(new.cpp.o)
                0x00005854                operator delete(void*)
 .text._ZN7Serial_17availableForWriteEv
                0x0000585c        0x4 c:\Users\xiaoy\Documents\GitHub\iotHardware\build/core\core.a(CDC.cpp.o)
                0x0000585c                Serial_::availableForWrite()
 .text._ZN7Serial_5writeEh
                0x00005860       0x14 c:\Users\xiaoy\Documents\GitHub\iotHardware\build/core\core.a(CDC.cpp.o)
                0x00005860                Serial_::write(unsigned char)
 .text._ZN7Serial_9availableEv
                0x00005874        0xc c:\Users\xiaoy\Documents\GitHub\iotHardware\build/core\core.a(CDC.cpp.o)
                0x00005874                Serial_::available()
 .text._ZN7Serial_5flushEv
                0x00005880        0xc c:\Users\xiaoy\Documents\GitHub\iotHardware\build/core\core.a(CDC.cpp.o)
                0x00005880                Serial_::flush()
 .text._ZN7Serial_5writeEPKhj
                0x0000588c       0x1c c:\Users\xiaoy\Documents\GitHub\iotHardware\build/core\core.a(CDC.cpp.o)
                0x0000588c                Serial_::write(unsigned char const*, unsigned int)
 .text._ZN7Serial_4peekEv
                0x000058a8       0x1c c:\Users\xiaoy\Documents\GitHub\iotHardware\build/core\core.a(CDC.cpp.o)
                0x000058a8                Serial_::peek()
 .text._ZN7Serial_4readEv
                0x000058c4       0x24 c:\Users\xiaoy\Documents\GitHub\iotHardware\build/core\core.a(CDC.cpp.o)
                0x000058c4                Serial_::read()
 .text._Z16CDC_GetInterfacePh
                0x000058e8       0x1c c:\Users\xiaoy\Documents\GitHub\iotHardware\build/core\core.a(CDC.cpp.o)
                0x000058e8                CDC_GetInterface(unsigned char*)
 .text._Z9CDC_SetupR8USBSetup
                0x00005904       0x80 c:\Users\xiaoy\Documents\GitHub\iotHardware\build/core\core.a(CDC.cpp.o)
                0x00005904                CDC_Setup(USBSetup&)
 .text._ZN7Serial_5beginEm
                0x00005984        0x2 c:\Users\xiaoy\Documents\GitHub\iotHardware\build/core\core.a(CDC.cpp.o)
                0x00005984                Serial_::begin(unsigned long)
 *fill*         0x00005986        0x2 
 .text._ZN7Serial_3dtrEv
                0x00005988       0x10 c:\Users\xiaoy\Documents\GitHub\iotHardware\build/core\core.a(CDC.cpp.o)
                0x00005988                Serial_::dtr()
 .text.startup._GLOBAL__sub_I__Z17_CDC_GetInterfacev
                0x00005998       0x28 c:\Users\xiaoy\Documents\GitHub\iotHardware\build/core\core.a(CDC.cpp.o)
 .text._ZN14USBDeviceClass6initEPEmm.part.4
                0x000059c0       0x80 c:\Users\xiaoy\Documents\GitHub\iotHardware\build/core\core.a(USBCore.cpp.o)
 .text._ZN20USBDevice_SAMD21G18x5resetEv
                0x00005a40       0x28 c:\Users\xiaoy\Documents\GitHub\iotHardware\build/core\core.a(USBCore.cpp.o)
                0x00005a40                USBDevice_SAMD21G18x::reset()
 .text._ZN20USBDevice_SAMD21G18x9calibrateEv
                0x00005a68       0x5c c:\Users\xiaoy\Documents\GitHub\iotHardware\build/core\core.a(USBCore.cpp.o)
                0x00005a68                USBDevice_SAMD21G18x::calibrate()
 .text._ZN7__GuardC2Ev
                0x00005ac4        0xe c:\Users\xiaoy\Documents\GitHub\iotHardware\build/core\core.a(USBCore.cpp.o)
                0x00005ac4                __Guard::__Guard()
                0x00005ac4                __Guard::__Guard()
 .text._ZN7__GuardD2Ev
                0x00005ad2        0xe c:\Users\xiaoy\Documents\GitHub\iotHardware\build/core\core.a(USBCore.cpp.o)
                0x00005ad2                __Guard::~__Guard()
                0x00005ad2                __Guard::~__Guard()
 .text._ZNK26DoubleBufferedEPOutHandler9availableEv
                0x00005ae0       0x5e c:\Users\xiaoy\Documents\GitHub\iotHardware\build/core\core.a(USBCore.cpp.o)
                0x00005ae0                DoubleBufferedEPOutHandler::available() const
 *fill*         0x00005b3e        0x2 
 .text._ZN26DoubleBufferedEPOutHandler7releaseEv
                0x00005b40       0x58 c:\Users\xiaoy\Documents\GitHub\iotHardware\build/core\core.a(USBCore.cpp.o)
                0x00005b40                DoubleBufferedEPOutHandler::release()
 .text._ZN26DoubleBufferedEPOutHandler4recvEPvm
                0x00005b98      0x11c c:\Users\xiaoy\Documents\GitHub\iotHardware\build/core\core.a(USBCore.cpp.o)
                0x00005b98                DoubleBufferedEPOutHandler::recv(void*, unsigned long)
 .text._ZN26DoubleBufferedEPOutHandler14handleEndpointEv
                0x00005cb4       0xc4 c:\Users\xiaoy\Documents\GitHub\iotHardware\build/core\core.a(USBCore.cpp.o)
                0x00005cb4                DoubleBufferedEPOutHandler::handleEndpoint()
 .text._ZN14USBDeviceClass14SendInterfacesEPm
                0x00005d78       0x2c c:\Users\xiaoy\Documents\GitHub\iotHardware\build/core\core.a(USBCore.cpp.o)
                0x00005d78                USBDeviceClass::SendInterfaces(unsigned long*)
 .text._ZN14USBDeviceClass14handleEndpointEh
                0x00005da4       0x40 c:\Users\xiaoy\Documents\GitHub\iotHardware\build/core\core.a(USBCore.cpp.o)
                0x00005da4                USBDeviceClass::handleEndpoint(unsigned char)
 .text._ZN14USBDeviceClass4initEv
                0x00005de4       0xf0 c:\Users\xiaoy\Documents\GitHub\iotHardware\build/core\core.a(USBCore.cpp.o)
                0x00005de4                USBDeviceClass::init()
 .text._ZN14USBDeviceClass6attachEv
                0x00005ed4       0x34 c:\Users\xiaoy\Documents\GitHub\iotHardware\build/core\core.a(USBCore.cpp.o)
                0x00005ed4                USBDeviceClass::attach()
 .text._ZN14USBDeviceClass10setAddressEm
                0x00005f08       0x48 c:\Users\xiaoy\Documents\GitHub\iotHardware\build/core\core.a(USBCore.cpp.o)
                0x00005f08                USBDeviceClass::setAddress(unsigned long)
 .text._ZN14USBDeviceClass25handleClassInterfaceSetupER8USBSetup
                0x00005f50       0x40 c:\Users\xiaoy\Documents\GitHub\iotHardware\build/core\core.a(USBCore.cpp.o)
                0x00005f50                USBDeviceClass::handleClassInterfaceSetup(USBSetup&)
 .text._ZN14USBDeviceClass6initEPEmm
                0x00005f90      0x128 c:\Users\xiaoy\Documents\GitHub\iotHardware\build/core\core.a(USBCore.cpp.o)
                0x00005f90                USBDeviceClass::initEP(unsigned long, unsigned long)
 .text._ZN14USBDeviceClass13initEndpointsEv
                0x000060b8       0x24 c:\Users\xiaoy\Documents\GitHub\iotHardware\build/core\core.a(USBCore.cpp.o)
                0x000060b8                USBDeviceClass::initEndpoints()
 .text._ZN14USBDeviceClass9availableEm
                0x000060dc       0x2c c:\Users\xiaoy\Documents\GitHub\iotHardware\build/core\core.a(USBCore.cpp.o)
                0x000060dc                USBDeviceClass::available(unsigned long)
 .text._ZN14USBDeviceClass5flushEm
                0x00006108       0x2c c:\Users\xiaoy\Documents\GitHub\iotHardware\build/core\core.a(USBCore.cpp.o)
                0x00006108                USBDeviceClass::flush(unsigned long)
 .text._ZN14USBDeviceClass14armRecvCtrlOUTEm
                0x00006134       0x60 c:\Users\xiaoy\Documents\GitHub\iotHardware\build/core\core.a(USBCore.cpp.o)
                0x00006134                USBDeviceClass::armRecvCtrlOUT(unsigned long)
 .text._ZN14USBDeviceClass11recvControlEPvm
                0x00006194       0x3c c:\Users\xiaoy\Documents\GitHub\iotHardware\build/core\core.a(USBCore.cpp.o)
                0x00006194                USBDeviceClass::recvControl(void*, unsigned long)
 .text._ZN14USBDeviceClass7armRecvEm
                0x000061d0       0x3c c:\Users\xiaoy\Documents\GitHub\iotHardware\build/core\core.a(USBCore.cpp.o)
                0x000061d0                USBDeviceClass::armRecv(unsigned long)
 .text._ZN14USBDeviceClass4recvEmPvm
                0x0000620c       0xd8 c:\Users\xiaoy\Documents\GitHub\iotHardware\build/core\core.a(USBCore.cpp.o)
                0x0000620c                USBDeviceClass::recv(unsigned long, void*, unsigned long)
 .text._ZN14USBDeviceClass4recvEm
                0x000062e4       0x1c c:\Users\xiaoy\Documents\GitHub\iotHardware\build/core\core.a(USBCore.cpp.o)
                0x000062e4                USBDeviceClass::recv(unsigned long)
 .text._ZN14USBDeviceClass4sendEmPKvm
                0x00006300      0x124 c:\Users\xiaoy\Documents\GitHub\iotHardware\build/core\core.a(USBCore.cpp.o)
                0x00006300                USBDeviceClass::send(unsigned long, void const*, unsigned long)
 .text._ZN14USBDeviceClass7armSendEmPKvm
                0x00006424       0x48 c:\Users\xiaoy\Documents\GitHub\iotHardware\build/core\core.a(USBCore.cpp.o)
                0x00006424                USBDeviceClass::armSend(unsigned long, void const*, unsigned long)
 .text._ZN14USBDeviceClass11sendControlEPKvm
                0x0000646c       0x58 c:\Users\xiaoy\Documents\GitHub\iotHardware\build/core\core.a(USBCore.cpp.o)
                0x0000646c                USBDeviceClass::sendControl(void const*, unsigned long)
 .text._ZN14USBDeviceClass20sendStringDescriptorEPKhh
                0x000064c4       0x68 c:\Users\xiaoy\Documents\GitHub\iotHardware\build/core\core.a(USBCore.cpp.o)
                0x000064c4                USBDeviceClass::sendStringDescriptor(unsigned char const*, unsigned char)
 .text._ZN14USBDeviceClass12packMessagesEb.part.6
                0x0000652c       0x20 c:\Users\xiaoy\Documents\GitHub\iotHardware\build/core\core.a(USBCore.cpp.o)
 .text._ZN14USBDeviceClass17sendConfigurationEm
                0x0000654c       0x90 c:\Users\xiaoy\Documents\GitHub\iotHardware\build/core\core.a(USBCore.cpp.o)
                0x0000654c                USBDeviceClass::sendConfiguration(unsigned long)
 .text._ZN14USBDeviceClass14sendDescriptorER8USBSetup
                0x000065dc       0xb4 c:\Users\xiaoy\Documents\GitHub\iotHardware\build/core\core.a(USBCore.cpp.o)
                0x000065dc                USBDeviceClass::sendDescriptor(USBSetup&)
 .text._ZN14USBDeviceClass19handleStandardSetupER8USBSetup
                0x00006690      0x118 c:\Users\xiaoy\Documents\GitHub\iotHardware\build/core\core.a(USBCore.cpp.o)
                0x00006690                USBDeviceClass::handleStandardSetup(USBSetup&)
 .text._ZN14USBDeviceClass10ISRHandlerEv
                0x000067a8      0x150 c:\Users\xiaoy\Documents\GitHub\iotHardware\build/core\core.a(USBCore.cpp.o)
                0x000067a8                USBDeviceClass::ISRHandler()
 .text.UDD_Handler
                0x000068f8       0x10 c:\Users\xiaoy\Documents\GitHub\iotHardware\build/core\core.a(USBCore.cpp.o)
                0x000068f8                UDD_Handler
 .text.startup._GLOBAL__sub_I__ZN20USBDevice_SAMD21G18x5resetEv
                0x00006908       0x10 c:\Users\xiaoy\Documents\GitHub\iotHardware\build/core\core.a(USBCore.cpp.o)
 .text._ZN13PluggableUSB_12getInterfaceEPh
                0x00006918       0x2a c:\Users\xiaoy\Documents\GitHub\iotHardware\build/core\core.a(PluggableUSB.cpp.o)
                0x00006918                PluggableUSB_::getInterface(unsigned char*)
 .text._ZN13PluggableUSB_13getDescriptorER8USBSetup
                0x00006942       0x20 c:\Users\xiaoy\Documents\GitHub\iotHardware\build/core\core.a(PluggableUSB.cpp.o)
                0x00006942                PluggableUSB_::getDescriptor(USBSetup&)
 .text._ZN13PluggableUSB_12getShortNameEPc
                0x00006962       0x1e c:\Users\xiaoy\Documents\GitHub\iotHardware\build/core\core.a(PluggableUSB.cpp.o)
                0x00006962                PluggableUSB_::getShortName(char*)
 .text._ZN13PluggableUSB_5setupER8USBSetup
                0x00006980       0x24 c:\Users\xiaoy\Documents\GitHub\iotHardware\build/core\core.a(PluggableUSB.cpp.o)
                0x00006980                PluggableUSB_::setup(USBSetup&)
 .text._Z12PluggableUSBv
                0x000069a4       0x24 c:\Users\xiaoy\Documents\GitHub\iotHardware\build/core\core.a(PluggableUSB.cpp.o)
                0x000069a4                PluggableUSB()
 .text.__fpclassifyd
                0x000069c8       0x60 c:/users/xiaoy/appdata/local/arduino15/packages/arduino/tools/arm-none-eabi-gcc/4.8.3-2014q1/bin/../lib/gcc/arm-none-eabi/4.8.3/../../../../arm-none-eabi/lib/armv6-m\libm.a(lib_a-s_fpclassify.o)
                0x000069c8                __fpclassifyd
 .text          0x00006a28       0x14 c:/users/xiaoy/appdata/local/arduino15/packages/arduino/tools/arm-none-eabi-gcc/4.8.3-2014q1/bin/../lib/gcc/arm-none-eabi/4.8.3/armv6-m\libgcc.a(_thumb1_case_uqi.o)
                0x00006a28                __gnu_thumb1_case_uqi
 .text          0x00006a3c       0x9c c:/users/xiaoy/appdata/local/arduino15/packages/arduino/tools/arm-none-eabi-gcc/4.8.3-2014q1/bin/../lib/gcc/arm-none-eabi/4.8.3/armv6-m\libgcc.a(_udivsi3.o)
                0x00006a3c                __aeabi_uidiv
                0x00006a3c                __udivsi3
                0x00006ac4                __aeabi_uidivmod
 .text          0x00006ad8        0x4 c:/users/xiaoy/appdata/local/arduino15/packages/arduino/tools/arm-none-eabi-gcc/4.8.3-2014q1/bin/../lib/gcc/arm-none-eabi/4.8.3/armv6-m\libgcc.a(_dvmd_tls.o)
                0x00006ad8                __aeabi_idiv0
                0x00006ad8                __aeabi_ldiv0
 .text          0x00006adc       0x7c c:/users/xiaoy/appdata/local/arduino15/packages/arduino/tools/arm-none-eabi-gcc/4.8.3-2014q1/bin/../lib/gcc/arm-none-eabi/4.8.3/armv6-m\libgcc.a(_arm_cmpdf2.o)
                0x00006adc                __aeabi_cdrcmple
                0x00006aec                __aeabi_cdcmple
                0x00006aec                __aeabi_cdcmpeq
                0x00006afc                __aeabi_dcmpeq
                0x00006b08                __aeabi_dcmplt
                0x00006b1c                __aeabi_dcmple
                0x00006b30                __aeabi_dcmpgt
                0x00006b44                __aeabi_dcmpge
 .text          0x00006b58       0x40 c:/users/xiaoy/appdata/local/arduino15/packages/arduino/tools/arm-none-eabi-gcc/4.8.3-2014q1/bin/../lib/gcc/arm-none-eabi/4.8.3/armv6-m\libgcc.a(_fixunsdfsi.o)
                0x00006b58                __aeabi_d2uiz
                0x00006b58                __fixunsdfsi
 .text          0x00006b98      0x638 c:/users/xiaoy/appdata/local/arduino15/packages/arduino/tools/arm-none-eabi-gcc/4.8.3-2014q1/bin/../lib/gcc/arm-none-eabi/4.8.3/armv6-m\libgcc.a(adddf3.o)
                0x00006b98                __aeabi_dadd
 .text          0x000071d0      0x648 c:/users/xiaoy/appdata/local/arduino15/packages/arduino/tools/arm-none-eabi-gcc/4.8.3-2014q1/bin/../lib/gcc/arm-none-eabi/4.8.3/armv6-m\libgcc.a(divdf3.o)
                0x000071d0                __aeabi_ddiv
 .text          0x00007818       0x94 c:/users/xiaoy/appdata/local/arduino15/packages/arduino/tools/arm-none-eabi-gcc/4.8.3-2014q1/bin/../lib/gcc/arm-none-eabi/4.8.3/armv6-m\libgcc.a(eqdf2.o)
                0x00007818                __nedf2
                0x00007818                __eqdf2
 .text          0x000078ac       0xfc c:/users/xiaoy/appdata/local/arduino15/packages/arduino/tools/arm-none-eabi-gcc/4.8.3-2014q1/bin/../lib/gcc/arm-none-eabi/4.8.3/armv6-m\libgcc.a(gedf2.o)
                0x000078ac                __gedf2
                0x000078ac                __gtdf2
 .text          0x000079a8       0xfc c:/users/xiaoy/appdata/local/arduino15/packages/arduino/tools/arm-none-eabi-gcc/4.8.3-2014q1/bin/../lib/gcc/arm-none-eabi/4.8.3/armv6-m\libgcc.a(ledf2.o)
                0x000079a8                __ledf2
                0x000079a8                __ltdf2
 .text          0x00007aa4      0x520 c:/users/xiaoy/appdata/local/arduino15/packages/arduino/tools/arm-none-eabi-gcc/4.8.3-2014q1/bin/../lib/gcc/arm-none-eabi/4.8.3/armv6-m\libgcc.a(muldf3.o)
                0x00007aa4                __aeabi_dmul
 .text          0x00007fc4      0x654 c:/users/xiaoy/appdata/local/arduino15/packages/arduino/tools/arm-none-eabi-gcc/4.8.3-2014q1/bin/../lib/gcc/arm-none-eabi/4.8.3/armv6-m\libgcc.a(subdf3.o)
                0x00007fc4                __aeabi_dsub
 .text          0x00008618       0x68 c:/users/xiaoy/appdata/local/arduino15/packages/arduino/tools/arm-none-eabi-gcc/4.8.3-2014q1/bin/../lib/gcc/arm-none-eabi/4.8.3/armv6-m\libgcc.a(fixdfsi.o)
                0x00008618                __aeabi_d2iz
 .text          0x00008680       0x68 c:/users/xiaoy/appdata/local/arduino15/packages/arduino/tools/arm-none-eabi-gcc/4.8.3-2014q1/bin/../lib/gcc/arm-none-eabi/4.8.3/armv6-m\libgcc.a(floatunsidf.o)
                0x00008680                __aeabi_ui2d
 .text          0x000086e8       0xa4 c:/users/xiaoy/appdata/local/arduino15/packages/arduino/tools/arm-none-eabi-gcc/4.8.3-2014q1/bin/../lib/gcc/arm-none-eabi/4.8.3/armv6-m\libgcc.a(extendsfdf2.o)
                0x000086e8                __aeabi_f2d
 .text          0x0000878c       0x3c c:/users/xiaoy/appdata/local/arduino15/packages/arduino/tools/arm-none-eabi-gcc/4.8.3-2014q1/bin/../lib/gcc/arm-none-eabi/4.8.3/armv6-m\libgcc.a(_clzsi2.o)
                0x0000878c                __clzsi2
 .text.__aeabi_atexit
                0x000087c8        0xe c:/users/xiaoy/appdata/local/arduino15/packages/arduino/tools/arm-none-eabi-gcc/4.8.3-2014q1/bin/../lib/gcc/arm-none-eabi/4.8.3/../../../../arm-none-eabi/lib/armv6-m\libc_s.a(lib_a-aeabi_atexit.o)
                0x000087c8                __aeabi_atexit
 *fill*         0x000087d6        0x2 
 .text.__cxa_atexit
                0x000087d8       0x20 c:/users/xiaoy/appdata/local/arduino15/packages/arduino/tools/arm-none-eabi-gcc/4.8.3-2014q1/bin/../lib/gcc/arm-none-eabi/4.8.3/../../../../arm-none-eabi/lib/armv6-m\libc_s.a(lib_a-cxa_atexit.o)
                0x000087d8                __cxa_atexit
 .text.__libc_init_array
                0x000087f8       0x4c c:/users/xiaoy/appdata/local/arduino15/packages/arduino/tools/arm-none-eabi-gcc/4.8.3-2014q1/bin/../lib/gcc/arm-none-eabi/4.8.3/../../../../arm-none-eabi/lib/armv6-m\libc_s.a(lib_a-init.o)
                0x000087f8                __libc_init_array
 .text.malloc   0x00008844       0x14 c:/users/xiaoy/appdata/local/arduino15/packages/arduino/tools/arm-none-eabi-gcc/4.8.3-2014q1/bin/../lib/gcc/arm-none-eabi/4.8.3/../../../../arm-none-eabi/lib/armv6-m\libc_s.a(lib_a-malloc.o)
                0x00008844                malloc
 .text.free     0x00008858       0x14 c:/users/xiaoy/appdata/local/arduino15/packages/arduino/tools/arm-none-eabi-gcc/4.8.3-2014q1/bin/../lib/gcc/arm-none-eabi/4.8.3/../../../../arm-none-eabi/lib/armv6-m\libc_s.a(lib_a-malloc.o)
                0x00008858                free
 .text.memcmp   0x0000886c       0x1e c:/users/xiaoy/appdata/local/arduino15/packages/arduino/tools/arm-none-eabi-gcc/4.8.3-2014q1/bin/../lib/gcc/arm-none-eabi/4.8.3/../../../../arm-none-eabi/lib/armv6-m\libc_s.a(lib_a-memcmp.o)
                0x0000886c                memcmp
 .text.memcpy   0x0000888a       0x12 c:/users/xiaoy/appdata/local/arduino15/packages/arduino/tools/arm-none-eabi-gcc/4.8.3-2014q1/bin/../lib/gcc/arm-none-eabi/4.8.3/../../../../arm-none-eabi/lib/armv6-m\libc_s.a(lib_a-memcpy-stub.o)
                0x0000888a                memcpy
 .text.memset   0x0000889c       0x10 c:/users/xiaoy/appdata/local/arduino15/packages/arduino/tools/arm-none-eabi-gcc/4.8.3-2014q1/bin/../lib/gcc/arm-none-eabi/4.8.3/../../../../arm-none-eabi/lib/armv6-m\libc_s.a(lib_a-memset.o)
                0x0000889c                memset