Archive member included because of file (symbol)

c:/users/xiaoy/appdata/local/arduino15/packages/arduino/tools/arm-none-eabi-gcc/4.8.3-2014q1/bin/../lib/gcc/arm-none-eabi/4.8.3/../../../../arm-none-eabi/lib/armv6-m\libm.a(lib_a-w_pow.o)
                              c:\Users\xiaoy\Documents\GitHub\iotHardware\build\sketch\modbus_ttn.ino.cpp.o (pow)
c:/users/xiaoy/appdata/local/arduino15/packages/arduino/tools/arm-none-eabi-gcc/4.8.3-2014q1/bin/../lib/gcc/arm-none-eabi/4.8.3/../../../../arm-none-eabi/lib/armv6-m\libm.a(lib_a-e_pow.o)
                              c:/users/xiaoy/appdata/local/arduino15/packages/arduino/tools/arm-none-eabi-gcc/4.8.3-2014q1/bin/../lib/gcc/arm-none-eabi/4.8.3/../../../../arm-none-eabi/lib/armv6-m\libm.a(lib_a-w_pow.o) (__ieee754_pow)
c:/users/xiaoy/appdata/local/arduino15/packages/arduino/tools/arm-none-eabi-gcc/4.8.3-2014q1/bin/../lib/gcc/arm-none-eabi/4.8.3/../../../../arm-none-eabi/lib/armv6-m\libm.a(lib_a-e_sqrt.o)
                              c:/users/xiaoy/appdata/local/arduino15/packages/arduino/tools/arm-none-eabi-gcc/4.8.3-2014q1/bin/../lib/gcc/arm-none-eabi/4.8.3/../../../../arm-none-eabi/lib/armv6-m\libm.a(lib_a-e_pow.o) (__ieee754_sqrt)
c:/users/xiaoy/appdata/local/arduino15/packages/arduino/tools/arm-none-eabi-gcc/4.8.3-2014q1/bin/../lib/gcc/arm-none-eabi/4.8.3/../../../../arm-none-eabi/lib/armv6-m\libm.a(lib_a-s_fabs.o)
                              c:/users/xiaoy/appdata/local/arduino15/packages/arduino/tools/arm-none-eabi-gcc/4.8.3-2014q1/bin/../lib/gcc/arm-none-eabi/4.8.3/../../../../arm-none-eabi/lib/armv6-m\libm.a(lib_a-e_pow.o) (fabs)
c:/users/xiaoy/appdata/local/arduino15/packages/arduino/tools/arm-none-eabi-gcc/4.8.3-2014q1/bin/../lib/gcc/arm-none-eabi/4.8.3/../../../../arm-none-eabi/lib/armv6-m\libm.a(lib_a-s_finite.o)
                              c:/users/xiaoy/appdata/local/arduino15/packages/arduino/tools/arm-none-eabi-gcc/4.8.3-2014q1/bin/../lib/gcc/arm-none-eabi/4.8.3/../../../../arm-none-eabi/lib/armv6-m\libm.a(lib_a-w_pow.o) (finite)
c:/users/xiaoy/appdata/local/arduino15/packages/arduino/tools/arm-none-eabi-gcc/4.8.3-2014q1/bin/../lib/gcc/arm-none-eabi/4.8.3/../../../../arm-none-eabi/lib/armv6-m\libm.a(lib_a-s_fpclassify.o)
                              c:/users/xiaoy/appdata/local/arduino15/packages/arduino/tools/arm-none-eabi-gcc/4.8.3-2014q1/bin/../lib/gcc/arm-none-eabi/4.8.3/../../../../arm-none-eabi/lib/armv6-m\libm.a(lib_a-w_pow.o) (__fpclassifyd)
c:/users/xiaoy/appdata/local/arduino15/packages/arduino/tools/arm-none-eabi-gcc/4.8.3-2014q1/bin/../lib/gcc/arm-none-eabi/4.8.3/../../../../arm-none-eabi/lib/armv6-m\libm.a(lib_a-s_lib_ver.o)
                              c:/users/xiaoy/appdata/local/arduino15/packages/arduino/tools/arm-none-eabi-gcc/4.8.3-2014q1/bin/../lib/gcc/arm-none-eabi/4.8.3/../../../../arm-none-eabi/lib/armv6-m\libm.a(lib_a-w_pow.o) (__fdlib_version)
c:/users/xiaoy/appdata/local/arduino15/packages/arduino/tools/arm-none-eabi-gcc/4.8.3-2014q1/bin/../lib/gcc/arm-none-eabi/4.8.3/../../../../arm-none-eabi/lib/armv6-m\libm.a(lib_a-s_matherr.o)
                              c:/users/xiaoy/appdata/local/arduino15/packages/arduino/tools/arm-none-eabi-gcc/4.8.3-2014q1/bin/../lib/gcc/arm-none-eabi/4.8.3/../../../../arm-none-eabi/lib/armv6-m\libm.a(lib_a-w_pow.o) (matherr)
c:/users/xiaoy/appdata/local/arduino15/packages/arduino/tools/arm-none-eabi-gcc/4.8.3-2014q1/bin/../lib/gcc/arm-none-eabi/4.8.3/../../../../arm-none-eabi/lib/armv6-m\libm.a(lib_a-s_nan.o)
                              c:/users/xiaoy/appdata/local/arduino15/packages/arduino/tools/arm-none-eabi-gcc/4.8.3-2014q1/bin/../lib/gcc/arm-none-eabi/4.8.3/../../../../arm-none-eabi/lib/armv6-m\libm.a(lib_a-e_pow.o) (nan)
c:/users/xiaoy/appdata/local/arduino15/packages/arduino/tools/arm-none-eabi-gcc/4.8.3-2014q1/bin/../lib/gcc/arm-none-eabi/4.8.3/../../../../arm-none-eabi/lib/armv6-m\libm.a(lib_a-s_rint.o)
                              c:/users/xiaoy/appdata/local/arduino15/packages/arduino/tools/arm-none-eabi-gcc/4.8.3-2014q1/bin/../lib/gcc/arm-none-eabi/4.8.3/../../../../arm-none-eabi/lib/armv6-m\libm.a(lib_a-w_pow.o) (rint)
c:/users/xiaoy/appdata/local/arduino15/packages/arduino/tools/arm-none-eabi-gcc/4.8.3-2014q1/bin/../lib/gcc/arm-none-eabi/4.8.3/../../../../arm-none-eabi/lib/armv6-m\libm.a(lib_a-s_scalbn.o)
                              c:/users/xiaoy/appdata/local/arduino15/packages/arduino/tools/arm-none-eabi-gcc/4.8.3-2014q1/bin/../lib/gcc/arm-none-eabi/4.8.3/../../../../arm-none-eabi/lib/armv6-m\libm.a(lib_a-e_pow.o) (scalbn)
c:/users/xiaoy/appdata/local/arduino15/packages/arduino/tools/arm-none-eabi-gcc/4.8.3-2014q1/bin/../lib/gcc/arm-none-eabi/4.8.3/../../../../arm-none-eabi/lib/armv6-m\libm.a(lib_a-s_copysign.o)
                              c:/users/xiaoy/appdata/local/arduino15/packages/arduino/tools/arm-none-eabi-gcc/4.8.3-2014q1/bin/../lib/gcc/arm-none-eabi/4.8.3/../../../../arm-none-eabi/lib/armv6-m\libm.a(lib_a-s_scalbn.o) (copysign)
[...]
Memory Configuration

Name             Origin             Length             Attributes
FLASH            0x00002000         0x0003e000         xr
RAM              0x20000000         0x00008000         xrw
*default*        0x00000000         0xffffffff

Linker script and memory map

LOAD c:/users/xiaoy/appdata/local/arduino15/packages/arduino/tools/arm-none-eabi-gcc/4.8.3-2014q1/bin/../lib/gcc/arm-none-eabi/4.8.3/armv6-m/crti.o
LOAD c:/users/xiaoy/appdata/local/arduino15/packages/arduino/tools/arm-none-eabi-gcc/4.8.3-2014q1/bin/../lib/gcc/arm-none-eabi/4.8.3/armv6-m/crtbegin.o
LOAD c:/users/xiaoy/appdata/local/arduino15/packages/arduino/tools/arm-none-eabi-gcc/4.8.3-2014q1/bin/../lib/gcc/arm-none-eabi/4.8.3/../../../../arm-none-eabi/lib/armv6-m/crt0.o
LOAD c:\Users\xiaoy\Documents\GitHub\iotHardware\build\sketch\modbus_ttn.ino.cpp.o
LOAD c:\Users\xiaoy\Documents\GitHub\iotHardware\build\libraries\Catena-Arduino-Platform\Catena-Arduino-Platform.a
LOAD c:\Users\xiaoy\Documents\GitHub\iotHardware\build\libraries\Catena-mcciadk\lib\mcciadklib_buffertoulong.c.o
LOAD c:\Users\xiaoy\Documents\GitHub\iotHardware\build\libraries\Catena-mcciadk\lib\mcciadklib_formatdumpline.c.o
LOAD c:\Users\xiaoy\Documents\GitHub\iotHardware\build\libraries\Catena-mcciadk\lib\mcciadklib_multiszindex.c.o
LOAD c:\Users\xiaoy\Documents\GitHub\iotHardware\build\libraries\Catena-mcciadk\lib\mcciadklib_safecopystring.c.o
LOAD c:\Users\xiaoy\Documents\GitHub\iotHardware\build\libraries\Catena-mcciadk\lib\mcciadklib_snprintf.c.o
LOAD c:\Users\xiaoy\Documents\GitHub\iotHardware\build\libraries\Catena-mcciadk\lib\mcciadklib_stringcomparecaseinsensitive.c.o
LOAD c:\Users\xiaoy\Documents\GitHub\iotHardware\build\libraries\arduino-lorawan\arduino-lorawan.a
LOAD c:\Users\xiaoy\Documents\GitHub\iotHardware\build\libraries\arduino-lmic\aes\lmic.c.o
LOAD c:\Users\xiaoy\Documents\GitHub\iotHardware\build\libraries\arduino-lmic\aes\other.c.o
LOAD c:\Users\xiaoy\Documents\GitHub\iotHardware\build\libraries\arduino-lmic\aes\ideetron\AES-128_V10.cpp.o
LOAD c:\Users\xiaoy\Documents\GitHub\iotHardware\build\libraries\arduino-lmic\hal\hal.cpp.o
LOAD c:\Users\xiaoy\Documents\GitHub\iotHardware\build\libraries\arduino-lmic\lmic\lmic.c.o
LOAD c:\Users\xiaoy\Documents\GitHub\iotHardware\build\libraries\arduino-lmic\lmic\lmic_as923.c.o
LOAD c:\Users\xiaoy\Documents\GitHub\iotHardware\build\libraries\arduino-lmic\lmic\lmic_au921.c.o
LOAD c:\Users\xiaoy\Documents\GitHub\iotHardware\build\libraries\arduino-lmic\lmic\lmic_eu868.c.o
LOAD c:\Users\xiaoy\Documents\GitHub\iotHardware\build\libraries\arduino-lmic\lmic\lmic_eu_like.c.o
LOAD c:\Users\xiaoy\Documents\GitHub\iotHardware\build\libraries\arduino-lmic\lmic\lmic_in866.c.o
LOAD c:\Users\xiaoy\Documents\GitHub\iotHardware\build\libraries\arduino-lmic\lmic\lmic_us915.c.o
LOAD c:\Users\xiaoy\Documents\GitHub\iotHardware\build\libraries\arduino-lmic\lmic\lmic_us_like.c.o
LOAD c:\Users\xiaoy\Documents\GitHub\iotHardware\build\libraries\arduino-lmic\lmic\oslmic.c.o
LOAD c:\Users\xiaoy\Documents\GitHub\iotHardware\build\libraries\arduino-lmic\lmic\radio.c.o
LOAD c:\Users\xiaoy\Documents\GitHub\iotHardware\build\libraries\SPI\SPI.cpp.o
LOAD c:\Users\xiaoy\Documents\GitHub\iotHardware\build\libraries\RTCZero\RTCZero.cpp.o
LOAD c:\Users\xiaoy\Documents\GitHub\iotHardware\build\libraries\Adafruit_FRAM_I2C\Adafruit_FRAM_I2C.cpp.o
LOAD c:\Users\xiaoy\Documents\GitHub\iotHardware\build\libraries\Wire\Wire.cpp.o
LOAD c:\Users\xiaoy\Documents\GitHub\iotHardware\build\core\variant.cpp.o
START GROUP
LOAD C:\Users\xiaoy\AppData\Local\Arduino15\packages\arduino\tools\CMSIS\4.5.0/CMSIS/Lib/GCC/\libarm_cortexM0l_math.a
LOAD c:/users/xiaoy/appdata/local/arduino15/packages/arduino/tools/arm-none-eabi-gcc/4.8.3-2014q1/bin/../lib/gcc/arm-none-eabi/4.8.3/../../../../arm-none-eabi/lib/armv6-m\libm.a
LOAD c:\Users\xiaoy\Documents\GitHub\iotHardware\build/core\core.a
END GROUP
START GROUP
LOAD c:/users/xiaoy/appdata/local/arduino15/packages/arduino/tools/arm-none-eabi-gcc/4.8.3-2014q1/bin/../lib/gcc/arm-none-eabi/4.8.3/armv6-m\libgcc.a
LOAD c:/users/xiaoy/appdata/local/arduino15/packages/arduino/tools/arm-none-eabi-gcc/4.8.3-2014q1/bin/../lib/gcc/arm-none-eabi/4.8.3/../../../../arm-none-eabi/lib/armv6-m\libc_s.a
END GROUP
START GROUP
LOAD c:/users/xiaoy/appdata/local/arduino15/packages/arduino/tools/arm-none-eabi-gcc/4.8.3-2014q1/bin/../lib/gcc/arm-none-eabi/4.8.3/armv6-m\libgcc.a
LOAD c:/users/xiaoy/appdata/local/arduino15/packages/arduino/tools/arm-none-eabi-gcc/4.8.3-2014q1/bin/../lib/gcc/arm-none-eabi/4.8.3/../../../../arm-none-eabi/lib/armv6-m\libc_s.a
LOAD c:/users/xiaoy/appdata/local/arduino15/packages/arduino/tools/arm-none-eabi-gcc/4.8.3-2014q1/bin/../lib/gcc/arm-none-eabi/4.8.3/../../../../arm-none-eabi/lib/armv6-m\libnosys.a
END GROUP
START GROUP
LOAD c:/users/xiaoy/appdata/local/arduino15/packages/arduino/tools/arm-none-eabi-gcc/4.8.3-2014q1/bin/../lib/gcc/arm-none-eabi/4.8.3/armv6-m\libgcc.a
LOAD c:/users/xiaoy/appdata/local/arduino15/packages/arduino/tools/arm-none-eabi-gcc/4.8.3-2014q1/bin/../lib/gcc/arm-none-eabi/4.8.3/../../../../arm-none-eabi/lib/armv6-m\libc_s.a
LOAD c:/users/xiaoy/appdata/local/arduino15/packages/arduino/tools/arm-none-eabi-gcc/4.8.3-2014q1/bin/../lib/gcc/arm-none-eabi/4.8.3/../../../../arm-none-eabi/lib/armv6-m\libnosys.a
END GROUP
LOAD c:/users/xiaoy/appdata/local/arduino15/packages/arduino/tools/arm-none-eabi-gcc/4.8.3-2014q1/bin/../lib/gcc/arm-none-eabi/4.8.3/armv6-m/crtend.o
LOAD c:/users/xiaoy/appdata/local/arduino15/packages/arduino/tools/arm-none-eabi-gcc/4.8.3-2014q1/bin/../lib/gcc/arm-none-eabi/4.8.3/armv6-m/crtn.o

.text           0x00002000     0x8278
                0x00002000                __text_start__ = .
 *(.sketch_boot)
                0x00002000                . = ALIGN (0x2000)
 *(.isr_vector)
 .isr_vector    0x00002000       0xb4 c:\Users\xiaoy\Documents\GitHub\iotHardware\build/core\core.a(cortex_handlers.c.o)
                0x00002000                exception_table
 *(.text*)
 .text          0x000020b4       0x60 c:/users/xiaoy/appdata/local/arduino15/packages/arduino/tools/arm-none-eabi-gcc/4.8.3-2014q1/bin/../lib/gcc/arm-none-eabi/4.8.3/armv6-m/crtbegin.o
 .text._ZN10McciCatena18cPollableInterfaceD2Ev
                0x00002114        0xc c:\Users\xiaoy\Documents\GitHub\iotHardware\build\sketch\modbus_ttn.ino.cpp.o
                0x00002114                McciCatena::cPollableInterface::~cPollableInterface()
                0x00002114                McciCatena::cPollableInterface::~cPollableInterface()
 .text._ZNK10ModbusPort9drainReadEv
                0x00002120       0x12 c:\Users\xiaoy\Documents\GitHub\iotHardware\build\sketch\modbus_ttn.ino.cpp.o
                0x00002120                ModbusPort::drainRead() const
 .text._ZNK10ModbusPort5flushEv
                0x00002132        0xa c:\Users\xiaoy\Documents\GitHub\iotHardware\build\sketch\modbus_ttn.ino.cpp.o
                0x00002132                ModbusPort::flush() const
 .text._ZNK12ModbusSerialI4UartE5beginEm
                0x0000213c        0xc c:\Users\xiaoy\Documents\GitHub\iotHardware\build\sketch\modbus_ttn.ino.cpp.o
                0x0000213c                ModbusSerial<Uart>::begin(unsigned long) const
 .text._ZNK12ModbusSerialI4UartE5beginEmt
                0x00002148        0xc c:\Users\xiaoy\Documents\GitHub\iotHardware\build\sketch\modbus_ttn.ino.cpp.o
                0x00002148                ModbusSerial<Uart>::begin(unsigned long, unsigned short) const
 .text._ZNK12ModbusSerialI4UartE9availableEv
                0x00002154        0xc c:\Users\xiaoy\Documents\GitHub\iotHardware\build\sketch\modbus_ttn.ino.cpp.o
                0x00002154                ModbusSerial<Uart>::available() const
 .text._ZNK12ModbusSerialI4UartE4readEv
                0x00002160        0xc c:\Users\xiaoy\Documents\GitHub\iotHardware\build\sketch\modbus_ttn.ino.cpp.o
                0x00002160                ModbusSerial<Uart>::read() const
 .text._ZNK12ModbusSerialI4UartE5writeEPKhj
                0x0000216c        0xc c:\Users\xiaoy\Documents\GitHub\iotHardware\build\sketch\modbus_ttn.ino.cpp.o
                0x0000216c                ModbusSerial<Uart>::write(unsigned char const*, unsigned int) const
 .text._ZNK12ModbusSerialI4UartE10drainWriteEv
                0x00002178        0xc c:\Users\xiaoy\Documents\GitHub\iotHardware\build\sketch\modbus_ttn.ino.cpp.o
                0x00002178                ModbusSerial<Uart>::drainWrite() const
 .text._ZN10McciCatena18cPollableInterfaceD0Ev
                0x00002184       0x14 c:\Users\xiaoy\Documents\GitHub\iotHardware\build\sketch\modbus_ttn.ino.cpp.o
                0x00002184                McciCatena::cPollableInterface::~cPollableInterface()
 .text._ZN10McciCatena16cCatenaModbusRtuD2Ev
                0x00002198       0x24 c:\Users\xiaoy\Documents\GitHub\iotHardware\build\sketch\modbus_ttn.ino.cpp.o
                0x00002198                McciCatena::cCatenaModbusRtu::~cCatenaModbusRtu()
                0x00002198                McciCatena::cCatenaModbusRtu::~cCatenaModbusRtu()
 .text._ZN10McciCatena16cCatenaModbusRtuD0Ev
                0x000021bc       0x12 c:\Users\xiaoy\Documents\GitHub\iotHardware\build\sketch\modbus_ttn.ino.cpp.o
                0x000021bc                McciCatena::cCatenaModbusRtu::~cCatenaModbusRtu()
 .text._ZN7queue_tD2Ev
                0x000021ce       0x30 c:\Users\xiaoy\Documents\GitHub\iotHardware\build\sketch\modbus_ttn.ino.cpp.o
                0x000021ce                queue_t::~queue_t()
                0x000021ce                queue_t::~queue_t()
 *fill*         0x000021fe        0x2 
 .text._Z9push_tailP7queue_t
                0x00002200       0x24 c:\Users\xiaoy\Documents\GitHub\iotHardware\build\sketch\modbus_ttn.ino.cpp.o
                0x00002200                push_tail(queue_t*)
 .text._Z10alarmMatchv
                0x00002224       0xf4 c:\Users\xiaoy\Documents\GitHub\iotHardware\build\sketch\modbus_ttn.ino.cpp.o
                0x00002224                alarmMatch()
 .text._Z15pop_front_queuev
                0x00002318       0x24 c:\Users\xiaoy\Documents\GitHub\iotHardware\build\sketch\modbus_ttn.ino.cpp.o
                0x00002318                pop_front_queue()
 .text._Z8wdt_initv
                0x0000233c       0x48 c:\Users\xiaoy\Documents\GitHub\iotHardware\build\sketch\modbus_ttn.ino.cpp.o
                0x0000233c                wdt_init()
 .text._Z10wdt_enablev
                0x00002384       0x10 c:\Users\xiaoy\Documents\GitHub\iotHardware\build\sketch\modbus_ttn.ino.cpp.o
                0x00002384                wdt_enable()
 .text._Z11wdt_disablev
                0x00002394       0x10 c:\Users\xiaoy\Documents\GitHub\iotHardware\build\sketch\modbus_ttn.ino.cpp.o
                0x00002394                wdt_disable()
 .text.os_getArtEui
                0x000023a4       0x10 c:\Users\xiaoy\Documents\GitHub\iotHardware\build\sketch\modbus_ttn.ino.cpp.o
                0x000023a4                os_getArtEui
 .text.os_getDevEui
                0x000023b4       0x10 c:\Users\xiaoy\Documents\GitHub\iotHardware\build\sketch\modbus_ttn.ino.cpp.o
                0x000023b4                os_getDevEui
 .text.os_getDevKey
                0x000023c4       0x10 c:\Users\xiaoy\Documents\GitHub\iotHardware\build\sketch\modbus_ttn.ino.cpp.o
                0x000023c4                os_getDevKey
 .text.onEvent  0x000023d4      0x220 c:\Users\xiaoy\Documents\GitHub\iotHardware\build\sketch\modbus_ttn.ino.cpp.o
                0x000023d4                onEvent
 .text._Z7do_sendP7osjob_t
                0x000025f4       0x50 c:\Users\xiaoy\Documents\GitHub\iotHardware\build\sketch\modbus_ttn.ino.cpp.o
                0x000025f4                do_send(osjob_t*)
 .text._Z13ttn_otaa_initv
                0x00002644       0x70 c:\Users\xiaoy\Documents\GitHub\iotHardware\build\sketch\modbus_ttn.ino.cpp.o
                0x00002644                ttn_otaa_init()
 .text._ZN6Modbus5beginEP10ModbusPortmt
                0x000026b4       0x4a c:\Users\xiaoy\Documents\GitHub\iotHardware\build\sketch\modbus_ttn.ino.cpp.o
                0x000026b4                Modbus::begin(ModbusPort*, unsigned long, unsigned short)
 *fill*         0x000026fe        0x2 
 .text._ZN6Modbus5beginEP10ModbusPortm
                0x00002700       0x10 c:\Users\xiaoy\Documents\GitHub\iotHardware\build\sketch\modbus_ttn.ino.cpp.o
                0x00002700                Modbus::begin(ModbusPort*, unsigned long)
 .text._ZN6Modbus15getTimeOutStateEv
                0x00002710       0x14 c:\Users\xiaoy\Documents\GitHub\iotHardware\build\sketch\modbus_ttn.ino.cpp.o
                0x00002710                Modbus::getTimeOutState()
 .text._ZN6Modbus11getRxBufferER8ERR_LIST
                0x00002724       0x5e c:\Users\xiaoy\Documents\GitHub\iotHardware\build\sketch\modbus_ttn.ino.cpp.o
                0x00002724                Modbus::getRxBuffer(ERR_LIST&)
 *fill*         0x00002782        0x2 
 .text._ZN6Modbus7calcCRCEh
                0x00002784       0x40 c:\Users\xiaoy\Documents\GitHub\iotHardware\build\sketch\modbus_ttn.ino.cpp.o
                0x00002784                Modbus::calcCRC(unsigned char)
 .text._ZN6Modbus12sendTxBufferEv
                0x000027c4       0x8a c:\Users\xiaoy\Documents\GitHub\iotHardware\build\sketch\modbus_ttn.ino.cpp.o
                0x000027c4                Modbus::sendTxBuffer()
 .text._ZN6Modbus5queryE8modbus_t
                0x0000284e       0xf2 c:\Users\xiaoy\Documents\GitHub\iotHardware\build\sketch\modbus_ttn.ino.cpp.o
                0x0000284e                Modbus::query(modbus_t)
 .text._ZN10McciCatena16cCatenaModbusRtu5queryE8modbus_t
                0x00002940        0xc c:\Users\xiaoy\Documents\GitHub\iotHardware\build\sketch\modbus_ttn.ino.cpp.o
                0x00002940                McciCatena::cCatenaModbusRtu::query(modbus_t)
 .text._ZN10McciCatena16cCatenaModbusRtu5queryEv
                0x0000294c       0x68 c:\Users\xiaoy\Documents\GitHub\iotHardware\build\sketch\modbus_ttn.ino.cpp.o
                0x0000294c                McciCatena::cCatenaModbusRtu::query()
 .text._ZN6Modbus14validateAnswerEv
                0x000029b4       0x80 c:\Users\xiaoy\Documents\GitHub\iotHardware\build\sketch\modbus_ttn.ino.cpp.o
                0x000029b4                Modbus::validateAnswer()
 .text._ZN6Modbus7get_FC3Ev
                0x00002a34       0x2c c:\Users\xiaoy\Documents\GitHub\iotHardware\build\sketch\modbus_ttn.ino.cpp.o
                0x00002a34                Modbus::get_FC3()
 .text._ZN6Modbus4pollEv
                0x00002a60       0xb0 c:\Users\xiaoy\Documents\GitHub\iotHardware\build\sketch\modbus_ttn.ino.cpp.o
                0x00002a60                Modbus::poll()
 .text._ZN10McciCatena16cCatenaModbusRtu4pollEv
                0x00002b10        0xa c:\Users\xiaoy\Documents\GitHub\iotHardware\build\sketch\modbus_ttn.ino.cpp.o
                0x00002b10                McciCatena::cCatenaModbusRtu::poll()
 *fill*         0x00002b1a        0x2 
 .text._Z15connectionResetv
                0x00002b1c       0x2c c:\Users\xiaoy\Documents\GitHub\iotHardware\build\sketch\modbus_ttn.ino.cpp.o
                0x00002b1c                connectionReset()
 .text._ZNSt6vectorIhSaIhEE12emplace_backIIhEEEvDpOT_
                0x00002b48       0x7a c:\Users\xiaoy\Documents\GitHub\iotHardware\build\sketch\modbus_ttn.ino.cpp.o
                0x00002b48                void std::vector<unsigned char, std::allocator<unsigned char> >::emplace_back<unsigned char>(unsigned char&&)
                0x00002b48                void std::vector<unsigned char, std::allocator<unsigned char> >::emplace_back<unsigned char>(unsigned char&&)
 .text._Z12process_dataPtiP7queue_t
                0x00002bc2       0xa4 c:\Users\xiaoy\Documents\GitHub\iotHardware\build\sketch\modbus_ttn.ino.cpp.o
                0x00002bc2                process_data(unsigned short*, int, queue_t*)
 *fill*         0x00002c66        0x2 
 .text.loop     0x00002c68      0x28c c:\Users\xiaoy\Documents\GitHub\iotHardware\build\sketch\modbus_ttn.ino.cpp.o
                0x00002c68                loop
 .text._ZNSt6vectorI8modbus_tSaIS0_EE19_M_emplace_back_auxIIRKS0_EEEvDpOT_
                0x00002ef4       0x9c c:\Users\xiaoy\Documents\GitHub\iotHardware\build\sketch\modbus_ttn.ino.cpp.o
                0x00002ef4                void std::vector<modbus_t, std::allocator<modbus_t> >::_M_emplace_back_aux<modbus_t const&>(modbus_t const&)
                0x00002ef4                void std::vector<modbus_t, std::allocator<modbus_t> >::_M_emplace_back_aux<modbus_t const&>(modbus_t const&)
 .text._ZN10McciCatena16cCatenaModbusRtu12add_telegramEhhttPt
                0x00002f90       0xd0 c:\Users\xiaoy\Documents\GitHub\iotHardware\build\sketch\modbus_ttn.ino.cpp.o
                0x00002f90                McciCatena::cCatenaModbusRtu::add_telegram(unsigned char, unsigned char, unsigned short, unsigned short, unsigned short*)
 .text._ZN10McciCatena16cCatenaModbusRtu12add_telegramEhhtt
                0x00003060       0x70 c:\Users\xiaoy\Documents\GitHub\iotHardware\build\sketch\modbus_ttn.ino.cpp.o
                0x00003060                McciCatena::cCatenaModbusRtu::add_telegram(unsigned char, unsigned char, unsigned short, unsigned short)
 .text._ZN10McciCatena16cCatenaModbusRtu12add_telegramE8modbus_t
                0x000030d0       0x2c c:\Users\xiaoy\Documents\GitHub\iotHardware\build\sketch\modbus_ttn.ino.cpp.o
                0x000030d0                McciCatena::cCatenaModbusRtu::add_telegram(modbus_t)
 .text.setup    0x000030fc       0xd8 c:\Users\xiaoy\Documents\GitHub\iotHardware\build\sketch\modbus_ttn.ino.cpp.o
                0x000030fc                setup
 .text.startup._GLOBAL__sub_I_queue
                0x000031d4      0x120 c:\Users\xiaoy\Documents\GitHub\iotHardware\build\sketch\modbus_ttn.ino.cpp.o
 .text.shift_left.constprop.0
                0x000032f4       0x34 c:\Users\xiaoy\Documents\GitHub\iotHardware\build\libraries\arduino-lmic\aes\other.c.o
 .text.os_aes   0x00003328      0x144 c:\Users\xiaoy\Documents\GitHub\iotHardware\build\libraries\arduino-lmic\aes\other.c.o
                0x00003328                os_aes
 .text._ZL17AES_Add_Round_KeyPh
                0x0000346c       0x2c c:\Users\xiaoy\Documents\GitHub\iotHardware\build\libraries\arduino-lmic\aes\ideetron\AES-128_V10.cpp.o
 .text._ZL14AES_Shift_Rowsv
                0x00003498       0x38 c:\Users\xiaoy\Documents\GitHub\iotHardware\build\libraries\arduino-lmic\aes\ideetron\AES-128_V10.cpp.o
 .text._ZL23AES_Calculate_Round_KeyhPh
                0x000034d0       0x84 c:\Users\xiaoy\Documents\GitHub\iotHardware\build\libraries\arduino-lmic\aes\ideetron\AES-128_V10.cpp.o
 .text.lmic_aes_encrypt
                0x00003554      0x16c c:\Users\xiaoy\Documents\GitHub\iotHardware\build\libraries\arduino-lmic\aes\ideetron\AES-128_V10.cpp.o
                0x00003554                lmic_aes_encrypt
 .text.hal_pin_rxtx
                0x000036c0       0x20 c:\Users\xiaoy\Documents\GitHub\iotHardware\build\libraries\arduino-lmic\hal\hal.cpp.o
                0x000036c0                hal_pin_rxtx
 .text.hal_pin_rst
                0x000036e0       0x30 c:\Users\xiaoy\Documents\GitHub\iotHardware\build\libraries\arduino-lmic\hal\hal.cpp.o
                0x000036e0                hal_pin_rst
 .text.hal_getRssiCal
                0x00003710       0x10 c:\Users\xiaoy\Documents\GitHub\iotHardware\build\libraries\arduino-lmic\hal\hal.cpp.o
                0x00003710                hal_getRssiCal
 .text.hal_pin_nss
                0x00003720       0x54 c:\Users\xiaoy\Documents\GitHub\iotHardware\build\libraries\arduino-lmic\hal\hal.cpp.o
                0x00003720                hal_pin_nss
 .text.hal_spi  0x00003774       0x10 c:\Users\xiaoy\Documents\GitHub\iotHardware\build\libraries\arduino-lmic\hal\hal.cpp.o
                0x00003774                hal_spi
 .text.hal_ticks
                0x00003784       0x24 c:\Users\xiaoy\Documents\GitHub\iotHardware\build\libraries\arduino-lmic\hal\hal.cpp.o
                0x00003784                hal_ticks
 .text.hal_waitUntil
                0x000037a8       0x38 c:\Users\xiaoy\Documents\GitHub\iotHardware\build\libraries\arduino-lmic\hal\hal.cpp.o
                0x000037a8                hal_waitUntil
 .text.hal_checkTimer
                0x000037e0       0x12 c:\Users\xiaoy\Documents\GitHub\iotHardware\build\libraries\arduino-lmic\hal\hal.cpp.o
                0x000037e0                hal_checkTimer
 *fill*         0x000037f2        0x2 
 .text.hal_disableIRQs
                0x000037f4       0x10 c:\Users\xiaoy\Documents\GitHub\iotHardware\build\libraries\arduino-lmic\hal\hal.cpp.o
                0x000037f4                hal_disableIRQs
 .text.hal_enableIRQs
                0x00003804       0x54 c:\Users\xiaoy\Documents\GitHub\iotHardware\build\libraries\arduino-lmic\hal\hal.cpp.o
                0x00003804                hal_enableIRQs
 .text.hal_sleep
                0x00003858        0x2 c:\Users\xiaoy\Documents\GitHub\iotHardware\build\libraries\arduino-lmic\hal\hal.cpp.o
                0x00003858                hal_sleep
 *fill*         0x0000385a        0x2 
 .text.hal_failed
                0x0000385c       0x40 c:\Users\xiaoy\Documents\GitHub\iotHardware\build\libraries\arduino-lmic\hal\hal.cpp.o
                0x0000385c                hal_failed
 .text.hal_init_ex
                0x0000389c       0x90 c:\Users\xiaoy\Documents\GitHub\iotHardware\build\libraries\arduino-lmic\hal\hal.cpp.o
                0x0000389c                hal_init_ex
 .text.stateJustJoined
                0x0000392c       0x8c c:\Users\xiaoy\Documents\GitHub\iotHardware\build\libraries\arduino-lmic\lmic\lmic.c.o
 .text.startScan
                0x000039b8       0x84 c:\Users\xiaoy\Documents\GitHub\iotHardware\build\libraries\arduino-lmic\lmic\lmic.c.o
 .text.startRxBcn
                0x00003a3c       0x18 c:\Users\xiaoy\Documents\GitHub\iotHardware\build\libraries\arduino-lmic\lmic\lmic.c.o
 .text.startRxPing
                0x00003a54       0x18 c:\Users\xiaoy\Documents\GitHub\iotHardware\build\libraries\arduino-lmic\lmic\lmic.c.o
 .text.setupRx1
                0x00003a6c       0x2c c:\Users\xiaoy\Documents\GitHub\iotHardware\build\libraries\arduino-lmic\lmic\lmic.c.o
 .text.setupRx1DnData
                0x00003a98       0x10 c:\Users\xiaoy\Documents\GitHub\iotHardware\build\libraries\arduino-lmic\lmic\lmic.c.o
 .text.setupRx1Jacc
                0x00003aa8       0x10 c:\Users\xiaoy\Documents\GitHub\iotHardware\build\libraries\arduino-lmic\lmic\lmic.c.o
 .text.setupRx2
                0x00003ab8       0x3c c:\Users\xiaoy\Documents\GitHub\iotHardware\build\libraries\arduino-lmic\lmic\lmic.c.o
 .text.setupRx2DnData
                0x00003af4       0x18 c:\Users\xiaoy\Documents\GitHub\iotHardware\build\libraries\arduino-lmic\lmic\lmic.c.o
 .text.setupRx2Jacc
                0x00003b0c       0x18 c:\Users\xiaoy\Documents\GitHub\iotHardware\build\libraries\arduino-lmic\lmic\lmic.c.o
 *fill*         0x00003b24        0x4 
 .text.calcBcnRxWindowFromMillis
                0x00003b28       0xa0 c:\Users\xiaoy\Documents\GitHub\iotHardware\build\libraries\arduino-lmic\lmic\lmic.c.o
 .text.calcRxWindow
                0x00003bc8       0x6c c:\Users\xiaoy\Documents\GitHub\iotHardware\build\libraries\arduino-lmic\lmic\lmic.c.o
 .text.schedRx12
                0x00003c34       0x78 c:\Users\xiaoy\Documents\GitHub\iotHardware\build\libraries\arduino-lmic\lmic\lmic.c.o
 .text.setDrTxpow.isra.2
                0x00003cac       0x2c c:\Users\xiaoy\Documents\GitHub\iotHardware\build\libraries\arduino-lmic\lmic\lmic.c.o
 .text.scan_mac_cmds
                0x00003cd8      0x270 c:\Users\xiaoy\Documents\GitHub\iotHardware\build\libraries\arduino-lmic\lmic\lmic.c.o
 .text.os_rlsbf4
                0x00003f48       0x18 c:\Users\xiaoy\Documents\GitHub\iotHardware\build\libraries\arduino-lmic\lmic\lmic.c.o
                0x00003f48                os_rlsbf4
 .text.os_rmsbf4
                0x00003f60       0x18 c:\Users\xiaoy\Documents\GitHub\iotHardware\build\libraries\arduino-lmic\lmic\lmic.c.o
                0x00003f60                os_rmsbf4
 .text.os_wlsbf4
                0x00003f78       0x10 c:\Users\xiaoy\Documents\GitHub\iotHardware\build\libraries\arduino-lmic\lmic\lmic.c.o
                0x00003f78                os_wlsbf4
 .text.aes_cipher.part.3
                0x00003f88       0x58 c:\Users\xiaoy\Documents\GitHub\iotHardware\build\libraries\arduino-lmic\lmic\lmic.c.o
 .text.rxschedInit.constprop.9
                0x00003fe0       0xb8 c:\Users\xiaoy\Documents\GitHub\iotHardware\build\libraries\arduino-lmic\lmic\lmic.c.o
 .text.txDone   0x00004098       0x44 c:\Users\xiaoy\Documents\GitHub\iotHardware\build\libraries\arduino-lmic\lmic\lmic.c.o
 .text.updataDone
                0x000040dc       0x24 c:\Users\xiaoy\Documents\GitHub\iotHardware\build\libraries\arduino-lmic\lmic\lmic.c.o
 .text.jreqDone
                0x00004100       0x14 c:\Users\xiaoy\Documents\GitHub\iotHardware\build\libraries\arduino-lmic\lmic\lmic.c.o
 .text.os_wmsbf4
                0x00004114       0x10 c:\Users\xiaoy\Documents\GitHub\iotHardware\build\libraries\arduino-lmic\lmic\lmic.c.o
                0x00004114                os_wmsbf4
 .text.os_crc16
                0x00004124       0x38 c:\Users\xiaoy\Documents\GitHub\iotHardware\build\libraries\arduino-lmic\lmic\lmic.c.o
                0x00004124                os_crc16
 .text.decodeBeacon
                0x0000415c       0xf4 c:\Users\xiaoy\Documents\GitHub\iotHardware\build\libraries\arduino-lmic\lmic\lmic.c.o
 .text.getSensitivity
                0x00004250       0x1c c:\Users\xiaoy\Documents\GitHub\iotHardware\build\libraries\arduino-lmic\lmic\lmic.c.o
                0x00004250                getSensitivity
 .text.decodeFrame
                0x0000426c      0x254 c:\Users\xiaoy\Documents\GitHub\iotHardware\build\libraries\arduino-lmic\lmic\lmic.c.o
 .text.calcAirTime
                0x000044c0       0x98 c:\Users\xiaoy\Documents\GitHub\iotHardware\build\libraries\arduino-lmic\lmic\lmic.c.o
                0x000044c0                calcAirTime
 .text.LMICcore_rndDelay
                0x00004558       0x40 c:\Users\xiaoy\Documents\GitHub\iotHardware\build\libraries\arduino-lmic\lmic\lmic.c.o
                0x00004558                LMICcore_rndDelay
 .text.txDelay  0x00004598       0x34 c:\Users\xiaoy\Documents\GitHub\iotHardware\build\libraries\arduino-lmic\lmic\lmic.c.o
 .text.LMICcore_setDrJoin
                0x000045cc        0xc c:\Users\xiaoy\Documents\GitHub\iotHardware\build\libraries\arduino-lmic\lmic\lmic.c.o
                0x000045cc                LMICcore_setDrJoin
 .text.LMIC_startJoining
                0x000045d8       0x74 c:\Users\xiaoy\Documents\GitHub\iotHardware\build\libraries\arduino-lmic\lmic\lmic.c.o
                0x000045d8                LMIC_startJoining
 .text.engineUpdate
                0x0000464c      0x640 c:\Users\xiaoy\Documents\GitHub\iotHardware\build\libraries\arduino-lmic\lmic\lmic.c.o
 .text.reportEvent
                0x00004c8c        0xc c:\Users\xiaoy\Documents\GitHub\iotHardware\build\libraries\arduino-lmic\lmic\lmic.c.o
 .text.onBcnRx  0x00004c98       0x70 c:\Users\xiaoy\Documents\GitHub\iotHardware\build\libraries\arduino-lmic\lmic\lmic.c.o
 .text.processBeacon
                0x00004d08      0x188 c:\Users\xiaoy\Documents\GitHub\iotHardware\build\libraries\arduino-lmic\lmic\lmic.c.o
 .text.processJoinAccept
                0x00004e90      0x24c c:\Users\xiaoy\Documents\GitHub\iotHardware\build\libraries\arduino-lmic\lmic\lmic.c.o
 .text.processRx1Jacc
                0x000050dc       0x38 c:\Users\xiaoy\Documents\GitHub\iotHardware\build\libraries\arduino-lmic\lmic\lmic.c.o
 .text.processRx2Jacc
                0x00005114       0x20 c:\Users\xiaoy\Documents\GitHub\iotHardware\build\libraries\arduino-lmic\lmic\lmic.c.o
 .text.onJoinFailed
                0x00005134        0xa c:\Users\xiaoy\Documents\GitHub\iotHardware\build\libraries\arduino-lmic\lmic\lmic.c.o
 .text.startJoining
                0x0000513e        0xa c:\Users\xiaoy\Documents\GitHub\iotHardware\build\libraries\arduino-lmic\lmic\lmic.c.o
 .text.runEngineUpdate
                0x00005148        0x8 c:\Users\xiaoy\Documents\GitHub\iotHardware\build\libraries\arduino-lmic\lmic\lmic.c.o
 .text.processPingRx
                0x00005150       0x30 c:\Users\xiaoy\Documents\GitHub\iotHardware\build\libraries\arduino-lmic\lmic\lmic.c.o
 .text.processDnData
                0x00005180      0x168 c:\Users\xiaoy\Documents\GitHub\iotHardware\build\libraries\arduino-lmic\lmic\lmic.c.o
 .text.processRx1DnData
                0x000052e8       0x40 c:\Users\xiaoy\Documents\GitHub\iotHardware\build\libraries\arduino-lmic\lmic\lmic.c.o
 .text.processRx2DnData
                0x00005328       0x44 c:\Users\xiaoy\Documents\GitHub\iotHardware\build\libraries\arduino-lmic\lmic\lmic.c.o
 .text.processRx2DnDataDelay
                0x0000536c        0x8 c:\Users\xiaoy\Documents\GitHub\iotHardware\build\libraries\arduino-lmic\lmic\lmic.c.o
 .text.LMIC_setDrTxpow
                0x00005374        0x8 c:\Users\xiaoy\Documents\GitHub\iotHardware\build\libraries\arduino-lmic\lmic\lmic.c.o
                0x00005374                LMIC_setDrTxpow
 .text.LMIC_reset
                0x0000537c       0x80 c:\Users\xiaoy\Documents\GitHub\iotHardware\build\libraries\arduino-lmic\lmic\lmic.c.o
                0x0000537c                LMIC_reset
 .text.runReset
                0x000053fc       0x12 c:\Users\xiaoy\Documents\GitHub\iotHardware\build\libraries\arduino-lmic\lmic\lmic.c.o
 *fill*         0x0000540e        0x2 
 .text.LMIC_init
                0x00005410       0x10 c:\Users\xiaoy\Documents\GitHub\iotHardware\build\libraries\arduino-lmic\lmic\lmic.c.o
                0x00005410                LMIC_init
 .text.LMIC_setTxData
                0x00005420       0x28 c:\Users\xiaoy\Documents\GitHub\iotHardware\build\libraries\arduino-lmic\lmic\lmic.c.o
                0x00005420                LMIC_setTxData
 .text.LMIC_setTxData2
                0x00005448       0x40 c:\Users\xiaoy\Documents\GitHub\iotHardware\build\libraries\arduino-lmic\lmic\lmic.c.o
                0x00005448                LMIC_setTxData2
 .text.LMIC_setLinkCheckMode
                0x00005488       0x20 c:\Users\xiaoy\Documents\GitHub\iotHardware\build\libraries\arduino-lmic\lmic\lmic.c.o
                0x00005488                LMIC_setLinkCheckMode
 .text.LMIC_getSessionKeys
                0x000054a8       0x38 c:\Users\xiaoy\Documents\GitHub\iotHardware\build\libraries\arduino-lmic\lmic\lmic.c.o
                0x000054a8                LMIC_getSessionKeys
 .text.LMICus915_dr2hsym
                0x000054e0       0x10 c:\Users\xiaoy\Documents\GitHub\iotHardware\build\libraries\arduino-lmic\lmic\lmic_us915.c.o
                0x000054e0                LMICus915_dr2hsym
 .text.LMICus915_convFreq
                0x000054f0       0x28 c:\Users\xiaoy\Documents\GitHub\iotHardware\build\libraries\arduino-lmic\lmic\lmic_us915.c.o
                0x000054f0                LMICus915_convFreq
 .text.LMIC_setupChannel
                0x00005518       0x40 c:\Users\xiaoy\Documents\GitHub\iotHardware\build\libraries\arduino-lmic\lmic\lmic_us915.c.o
                0x00005518                LMIC_setupChannel
 .text.LMIC_disableChannel
                0x00005558       0x4c c:\Users\xiaoy\Documents\GitHub\iotHardware\build\libraries\arduino-lmic\lmic\lmic_us915.c.o
                0x00005558                LMIC_disableChannel
 .text.LMIC_enableChannel
                0x000055a4       0x4c c:\Users\xiaoy\Documents\GitHub\iotHardware\build\libraries\arduino-lmic\lmic\lmic_us915.c.o
                0x000055a4                LMIC_enableChannel
 .text.LMIC_enableSubBand
                0x000055f0       0x38 c:\Users\xiaoy\Documents\GitHub\iotHardware\build\libraries\arduino-lmic\lmic\lmic_us915.c.o
                0x000055f0                LMIC_enableSubBand
 .text.LMIC_disableSubBand
                0x00005628       0x38 c:\Users\xiaoy\Documents\GitHub\iotHardware\build\libraries\arduino-lmic\lmic\lmic_us915.c.o
                0x00005628                LMIC_disableSubBand
 .text.LMIC_selectSubBand
                0x00005660       0x30 c:\Users\xiaoy\Documents\GitHub\iotHardware\build\libraries\arduino-lmic\lmic\lmic_us915.c.o
                0x00005660                LMIC_selectSubBand
 .text.LMICus915_updateTx
                0x00005690       0x8c c:\Users\xiaoy\Documents\GitHub\iotHardware\build\libraries\arduino-lmic\lmic\lmic_us915.c.o
                0x00005690                LMICus915_updateTx
 .text.LMICus915_setBcnRxParams
                0x0000571c       0x34 c:\Users\xiaoy\Documents\GitHub\iotHardware\build\libraries\arduino-lmic\lmic\lmic_us915.c.o
                0x0000571c                LMICus915_setBcnRxParams
 .text.LMICus915_setRx1Params
                0x00005750       0x4c c:\Users\xiaoy\Documents\GitHub\iotHardware\build\libraries\arduino-lmic\lmic\lmic_us915.c.o
                0x00005750                LMICus915_setRx1Params
 .text.setNextChannel
                0x0000579c       0xac c:\Users\xiaoy\Documents\GitHub\iotHardware\build\libraries\arduino-lmic\lmic\lmic_us_like.c.o
 .text.LMICuslike_initDefaultChannels
                0x00005848       0x24 c:\Users\xiaoy\Documents\GitHub\iotHardware\build\libraries\arduino-lmic\lmic\lmic_us_like.c.o
                0x00005848                LMICuslike_initDefaultChannels
 .text.LMICuslike_mapChannels
                0x0000586c       0x9e c:\Users\xiaoy\Documents\GitHub\iotHardware\build\libraries\arduino-lmic\lmic\lmic_us_like.c.o
                0x0000586c                LMICuslike_mapChannels
 *fill*         0x0000590a        0x2 
 .text.LMICuslike_nextTx
                0x0000590c       0x50 c:\Users\xiaoy\Documents\GitHub\iotHardware\build\libraries\arduino-lmic\lmic\lmic_us_like.c.o
                0x0000590c                LMICuslike_nextTx
 .text.LMICuslike_initJoinLoop
                0x0000595c       0x48 c:\Users\xiaoy\Documents\GitHub\iotHardware\build\libraries\arduino-lmic\lmic\lmic_us_like.c.o
                0x0000595c                LMICuslike_initJoinLoop
 .text.LMICuslike_nextJoinState
                0x000059a4       0x80 c:\Users\xiaoy\Documents\GitHub\iotHardware\build\libraries\arduino-lmic\lmic\lmic_us_like.c.o
                0x000059a4                LMICuslike_nextJoinState
 .text.unlinkjob
                0x00005a24       0x1a c:\Users\xiaoy\Documents\GitHub\iotHardware\build\libraries\arduino-lmic\lmic\oslmic.c.o
 *fill*         0x00005a3e        0x2 
 .text.os_init_ex
                0x00005a40       0x24 c:\Users\xiaoy\Documents\GitHub\iotHardware\build\libraries\arduino-lmic\lmic\oslmic.c.o
                0x00005a40                os_init_ex
 .text.os_init  0x00005a64       0x20 c:\Users\xiaoy\Documents\GitHub\iotHardware\build\libraries\arduino-lmic\lmic\oslmic.c.o
                0x00005a64                os_init
 .text.os_getTime
                0x00005a84        0x8 c:\Users\xiaoy\Documents\GitHub\iotHardware\build\libraries\arduino-lmic\lmic\oslmic.c.o
                0x00005a84                os_getTime
 .text.os_clearCallback
                0x00005a8c       0x28 c:\Users\xiaoy\Documents\GitHub\iotHardware\build\libraries\arduino-lmic\lmic\oslmic.c.o
                0x00005a8c                os_clearCallback
 .text.os_setCallback
                0x00005ab4       0x34 c:\Users\xiaoy\Documents\GitHub\iotHardware\build\libraries\arduino-lmic\lmic\oslmic.c.o
                0x00005ab4                os_setCallback
 .text.os_setTimedCallback
                0x00005ae8       0x44 c:\Users\xiaoy\Documents\GitHub\iotHardware\build\libraries\arduino-lmic\lmic\oslmic.c.o
                0x00005ae8                os_setTimedCallback
 .text.os_runloop_once
                0x00005b2c       0x44 c:\Users\xiaoy\Documents\GitHub\iotHardware\build\libraries\arduino-lmic\lmic\oslmic.c.o
                0x00005b2c                os_runloop_once
 .text.writeReg
                0x00005b70       0x22 c:\Users\xiaoy\Documents\GitHub\iotHardware\build\libraries\arduino-lmic\lmic\radio.c.o
 *fill*         0x00005b92        0x2 
 .text.configLoraModem
                0x00005b94       0xa4 c:\Users\xiaoy\Documents\GitHub\iotHardware\build\libraries\arduino-lmic\lmic\radio.c.o
 .text.configChannel
                0x00005c38       0x48 c:\Users\xiaoy\Documents\GitHub\iotHardware\build\libraries\arduino-lmic\lmic\radio.c.o
 .text.readReg  0x00005c80       0x24 c:\Users\xiaoy\Documents\GitHub\iotHardware\build\libraries\arduino-lmic\lmic\radio.c.o
 .text.opmode   0x00005ca4       0x1c c:\Users\xiaoy\Documents\GitHub\iotHardware\build\libraries\arduino-lmic\lmic\radio.c.o
 .text.configPower
                0x00005cc0       0x40 c:\Users\xiaoy\Documents\GitHub\iotHardware\build\libraries\arduino-lmic\lmic\radio.c.o
 .text.readBuf.constprop.0
                0x00005d00       0x38 c:\Users\xiaoy\Documents\GitHub\iotHardware\build\libraries\arduino-lmic\lmic\radio.c.o
 .text.writeBuf.constprop.1
                0x00005d38       0x38 c:\Users\xiaoy\Documents\GitHub\iotHardware\build\libraries\arduino-lmic\lmic\radio.c.o
 .text.rxlora   0x00005d70       0xd4 c:\Users\xiaoy\Documents\GitHub\iotHardware\build\libraries\arduino-lmic\lmic\radio.c.o
 .text.startrx  0x00005e44      0x108 c:\Users\xiaoy\Documents\GitHub\iotHardware\build\libraries\arduino-lmic\lmic\radio.c.o
 .text.radio_init
                0x00005f4c       0x94 c:\Users\xiaoy\Documents\GitHub\iotHardware\build\libraries\arduino-lmic\lmic\radio.c.o
                0x00005f4c                radio_init
 .text.radio_rand1
                0x00005fe0       0x38 c:\Users\xiaoy\Documents\GitHub\iotHardware\build\libraries\arduino-lmic\lmic\radio.c.o
                0x00005fe0                radio_rand1
 .text.radio_monitor_rssi
                0x00006018       0xa0 c:\Users\xiaoy\Documents\GitHub\iotHardware\build\libraries\arduino-lmic\lmic\radio.c.o
                0x00006018                radio_monitor_rssi
 .text.radio_irq_handler
                0x000060b8      0x118 c:\Users\xiaoy\Documents\GitHub\iotHardware\build\libraries\arduino-lmic\lmic\radio.c.o
                0x000060b8                radio_irq_handler
 .text.os_radio
                0x000061d0      0x1b4 c:\Users\xiaoy\Documents\GitHub\iotHardware\build\libraries\arduino-lmic\lmic\radio.c.o
                0x000061d0                os_radio
 .text._ZN8SPIClass4initEv
                0x00006384       0x12 c:\Users\xiaoy\Documents\GitHub\iotHardware\build\libraries\SPI\SPI.cpp.o
                0x00006384                SPIClass::init()
 .text._ZN8SPIClass6configE11SPISettings
                0x00006396       0x36 c:\Users\xiaoy\Documents\GitHub\iotHardware\build\libraries\SPI\SPI.cpp.o
                0x00006396                SPIClass::config(SPISettings)
 .text._ZN8SPIClass5beginEv
                0x000063cc       0x50 c:\Users\xiaoy\Documents\GitHub\iotHardware\build\libraries\SPI\SPI.cpp.o
                0x000063cc                SPIClass::begin()
 .text._ZN8SPIClass16beginTransactionE11SPISettings
                0x0000641c       0x38 c:\Users\xiaoy\Documents\GitHub\iotHardware\build\libraries\SPI\SPI.cpp.o
                0x0000641c                SPIClass::beginTransaction(SPISettings)
 .text._ZN8SPIClass14endTransactionEv
                0x00006454       0x24 c:\Users\xiaoy\Documents\GitHub\iotHardware\build\libraries\SPI\SPI.cpp.o
                0x00006454                SPIClass::endTransaction()
 .text._ZN8SPIClass8transferEh
                0x00006478        0xa c:\Users\xiaoy\Documents\GitHub\iotHardware\build\libraries\SPI\SPI.cpp.o
                0x00006478                SPIClass::transfer(unsigned char)
 *fill*         0x00006482        0x2 
 .text.startup._GLOBAL__sub_I__ZN8SPIClassC2EP6SERCOMhhh14SercomSpiTXPad11SercomRXPad
                0x00006484       0x38 c:\Users\xiaoy\Documents\GitHub\iotHardware\build\libraries\SPI\SPI.cpp.o
 .text._ZN7RTCZeroC2Ev
                0x000064bc        0x6 c:\Users\xiaoy\Documents\GitHub\iotHardware\build\libraries\RTCZero\RTCZero.cpp.o
                0x000064bc                RTCZero::RTCZero()
                0x000064bc                RTCZero::RTCZero()
 *fill*         0x000064c2        0x2 
 .text.RTC_Handler
                0x000064c4       0x1c c:\Users\xiaoy\Documents\GitHub\iotHardware\build\libraries\RTCZero\RTCZero.cpp.o
                0x000064c4                RTC_Handler
 .text._ZN7RTCZero11enableAlarmENS_11Alarm_MatchE
                0x000064e0       0x24 c:\Users\xiaoy\Documents\GitHub\iotHardware\build\libraries\RTCZero\RTCZero.cpp.o
                0x000064e0                RTCZero::enableAlarm(RTCZero::Alarm_Match)
 .text._ZN7RTCZero12disableAlarmEv
                0x00006504       0x1c c:\Users\xiaoy\Documents\GitHub\iotHardware\build\libraries\RTCZero\RTCZero.cpp.o
                0x00006504                RTCZero::disableAlarm()
 .text._ZN7RTCZero15attachInterruptEPFvvE
                0x00006520        0xc c:\Users\xiaoy\Documents\GitHub\iotHardware\build\libraries\RTCZero\RTCZero.cpp.o
                0x00006520                RTCZero::attachInterrupt(void (*)())
 .text._ZN7RTCZero10setSecondsEh
                0x0000652c       0x24 c:\Users\xiaoy\Documents\GitHub\iotHardware\build\libraries\RTCZero\RTCZero.cpp.o
                0x0000652c                RTCZero::setSeconds(unsigned char)
 .text._ZN7RTCZero10setMinutesEh
                0x00006550       0x28 c:\Users\xiaoy\Documents\GitHub\iotHardware\build\libraries\RTCZero\RTCZero.cpp.o
                0x00006550                RTCZero::setMinutes(unsigned char)
 .text._ZN7RTCZero15setAlarmSecondsEh
                0x00006578       0x24 c:\Users\xiaoy\Documents\GitHub\iotHardware\build\libraries\RTCZero\RTCZero.cpp.o
                0x00006578                RTCZero::setAlarmSeconds(unsigned char)
 .text._ZN7RTCZero14configureClockEv
                0x0000659c       0x3c c:\Users\xiaoy\Documents\GitHub\iotHardware\build\libraries\RTCZero\RTCZero.cpp.o
                0x0000659c                RTCZero::configureClock()
 .text._ZN7RTCZero14RTCreadRequestEv
                0x000065d8       0x1c c:\Users\xiaoy\Documents\GitHub\iotHardware\build\libraries\RTCZero\RTCZero.cpp.o
                0x000065d8                RTCZero::RTCreadRequest()
 .text._ZN7RTCZero10getSecondsEv
                0x000065f4       0x14 c:\Users\xiaoy\Documents\GitHub\iotHardware\build\libraries\RTCZero\RTCZero.cpp.o
                0x000065f4                RTCZero::getSeconds()
 .text._ZN7RTCZero10getMinutesEv
                0x00006608       0x14 c:\Users\xiaoy\Documents\GitHub\iotHardware\build\libraries\RTCZero\RTCZero.cpp.o
                0x00006608                RTCZero::getMinutes()
 .text._ZN7RTCZero10RTCdisableEv
                0x0000661c       0x18 c:\Users\xiaoy\Documents\GitHub\iotHardware\build\libraries\RTCZero\RTCZero.cpp.o
                0x0000661c                RTCZero::RTCdisable()
 .text._ZN7RTCZero9RTCenableEv
                0x00006634       0x18 c:\Users\xiaoy\Documents\GitHub\iotHardware\build\libraries\RTCZero\RTCZero.cpp.o
                0x00006634                RTCZero::RTCenable()
 .text._ZN7RTCZero8RTCresetEv
                0x0000664c       0x18 c:\Users\xiaoy\Documents\GitHub\iotHardware\build\libraries\RTCZero\RTCZero.cpp.o
                0x0000664c                RTCZero::RTCreset()
 .text._ZN7RTCZero14RTCresetRemoveEv
                0x00006664       0x18 c:\Users\xiaoy\Documents\GitHub\iotHardware\build\libraries\RTCZero\RTCZero.cpp.o
                0x00006664                RTCZero::RTCresetRemove()
 .text._ZN7RTCZero5beginEb
                0x0000667c       0xd0 c:\Users\xiaoy\Documents\GitHub\iotHardware\build\libraries\RTCZero\RTCZero.cpp.o
                0x0000667c                RTCZero::begin(bool)
 .text._ZN7TwoWire5writeEPKhj
                0x0000674c       0x24 c:\Users\xiaoy\Documents\GitHub\iotHardware\build\libraries\Wire\Wire.cpp.o
                0x0000674c                TwoWire::write(unsigned char const*, unsigned int)
 .text._ZN7TwoWire5flushEv
                0x00006770        0x2 c:\Users\xiaoy\Documents\GitHub\iotHardware\build\libraries\Wire\Wire.cpp.o
                0x00006770                TwoWire::flush()
 .text._ZN7TwoWire4readEv
                0x00006772        0xa c:\Users\xiaoy\Documents\GitHub\iotHardware\build\libraries\Wire\Wire.cpp.o
                0x00006772                TwoWire::read()
 .text._ZN7TwoWire9availableEv
                0x0000677c        0xa c:\Users\xiaoy\Documents\GitHub\iotHardware\build\libraries\Wire\Wire.cpp.o
                0x0000677c                TwoWire::available()
 .text._ZN7TwoWire5writeEh
                0x00006786       0x28 c:\Users\xiaoy\Documents\GitHub\iotHardware\build\libraries\Wire\Wire.cpp.o
                0x00006786                TwoWire::write(unsigned char)
 .text._ZN7TwoWire4peekEv
                0x000067ae        0xa c:\Users\xiaoy\Documents\GitHub\iotHardware\build\libraries\Wire\Wire.cpp.o
                0x000067ae                TwoWire::peek()
 .text._ZN7TwoWireC2EP6SERCOMhh
                0x000067b8       0x3c c:\Users\xiaoy\Documents\GitHub\iotHardware\build\libraries\Wire\Wire.cpp.o
                0x000067b8                TwoWire::TwoWire(SERCOM*, unsigned char, unsigned char)
                0x000067b8                TwoWire::TwoWire(SERCOM*, unsigned char, unsigned char)
 .text._ZN7TwoWire9onServiceEv
                0x000067f4      0x104 c:\Users\xiaoy\Documents\GitHub\iotHardware\build\libraries\Wire\Wire.cpp.o
                0x000067f4                TwoWire::onService()
 .text.SERCOM3_Handler
                0x000068f8       0x10 c:\Users\xiaoy\Documents\GitHub\iotHardware\build\libraries\Wire\Wire.cpp.o
                0x000068f8                SERCOM3_Handler
 .text.startup._GLOBAL__sub_I__ZN7TwoWireC2EP6SERCOMhh
                0x00006908       0x18 c:\Users\xiaoy\Documents\GitHub\iotHardware\build\libraries\Wire\Wire.cpp.o
 .text.SERCOM0_Handler
                0x00006920       0x10 c:\Users\xiaoy\Documents\GitHub\iotHardware\build\core\variant.cpp.o
                0x00006920                SERCOM0_Handler
 .text.SERCOM5_Handler
                0x00006930       0x10 c:\Users\xiaoy\Documents\GitHub\iotHardware\build\core\variant.cpp.o
                0x00006930                SERCOM5_Handler
 .text.startup._GLOBAL__sub_I_g_APinDescription
                0x00006940       0x94 c:\Users\xiaoy\Documents\GitHub\iotHardware\build\core\variant.cpp.o
 .text.Dummy_Handler
                0x000069d4        0x2 c:\Users\xiaoy\Documents\GitHub\iotHardware\build/core\core.a(cortex_handlers.c.o)
                0x000069d4                DMAC_Handler
                0x000069d4                HardFault_Handler
                0x000069d4                AC_Handler
                0x000069d4                PendSV_Handler
                0x000069d4                NMI_Handler
                0x000069d4                TC7_Handler
                0x000069d4                SERCOM1_Handler
                0x000069d4                ADC_Handler
                0x000069d4                TCC1_Handler
                0x000069d4                SERCOM2_Handler
                0x000069d4                TCC0_Handler
                0x000069d4                EIC_Handler
                0x000069d4                TC6_Handler
                0x000069d4                WDT_Handler
                0x000069d4                TC4_Handler
                0x000069d4                TC3_Handler
                0x000069d4                Dummy_Handler
                0x000069d4                PM_Handler
                0x000069d4                SVC_Handler
                0x000069d4                TCC2_Handler
                0x000069d4                EVSYS_Handler
                0x000069d4                SERCOM4_Handler
                0x000069d4                I2S_Handler
                0x000069d4                NVMCTRL_Handler
                0x000069d4                DAC_Handler
                0x000069d4                PTC_Handler
                0x000069d4                SYSCTRL_Handler
 *fill*         0x000069d6        0x2 
 .text.USB_Handler
                0x000069d8       0x14 c:\Users\xiaoy\Documents\GitHub\iotHardware\build/core\core.a(cortex_handlers.c.o)
                0x000069d8                USB_Handler
 .text.Reset_Handler
                0x000069ec       0x54 c:\Users\xiaoy\Documents\GitHub\iotHardware\build/core\core.a(cortex_handlers.c.o)
                0x000069ec                Reset_Handler
 .text.SysTick_Handler
                0x00006a40       0x10 c:\Users\xiaoy\Documents\GitHub\iotHardware\build/core\core.a(cortex_handlers.c.o)
                0x00006a40                SysTick_Handler
 .text.USB_SetHandler
                0x00006a50        0xc c:\Users\xiaoy\Documents\GitHub\iotHardware\build/core\core.a(cortex_handlers.c.o)
                0x00006a50                USB_SetHandler
 .text.millis   0x00006a5c        0xc c:\Users\xiaoy\Documents\GitHub\iotHardware\build/core\core.a(delay.c.o)
                0x00006a5c                millis
 .text.micros   0x00006a68       0x64 c:\Users\xiaoy\Documents\GitHub\iotHardware\build/core\core.a(delay.c.o)
                0x00006a68                micros
 .text.delay    0x00006acc       0x20 c:\Users\xiaoy\Documents\GitHub\iotHardware\build/core\core.a(delay.c.o)
                0x00006acc                delay
 .text.SysTick_DefaultHandler
                0x00006aec       0x14 c:\Users\xiaoy\Documents\GitHub\iotHardware\build/core\core.a(delay.c.o)
                0x00006aec                SysTick_DefaultHandler
 .text.__empty  0x00006b00        0x2 c:\Users\xiaoy\Documents\GitHub\iotHardware\build/core\core.a(hooks.c.o)
                0x00006b00                yield
 .text.__false  0x00006b02        0x4 c:\Users\xiaoy\Documents\GitHub\iotHardware\build/core\core.a(hooks.c.o)
                0x00006b02                sysTickHook
 *fill*         0x00006b06        0x2 
 .text.SystemInit
                0x00006b08      0x168 c:\Users\xiaoy\Documents\GitHub\iotHardware\build/core\core.a(startup.c.o)
                0x00006b08                SystemInit
 .text.init     0x00006c70       0xf0 c:\Users\xiaoy\Documents\GitHub\iotHardware\build/core\core.a(wiring.c.o)
                0x00006c70                init
 .text.analogReference
                0x00006d60       0x5c c:\Users\xiaoy\Documents\GitHub\iotHardware\build/core\core.a(wiring_analog.c.o)
                0x00006d60                analogReference
 .text.pinMode  0x00006dbc       0xb4 c:\Users\xiaoy\Documents\GitHub\iotHardware\build/core\core.a(wiring_digital.c.o)
                0x00006dbc                pinMode
 .text.digitalWrite
                0x00006e70       0x60 c:\Users\xiaoy\Documents\GitHub\iotHardware\build/core\core.a(wiring_digital.c.o)
                0x00006e70                digitalWrite
 .text.digitalRead
                0x00006ed0       0x30 c:\Users\xiaoy\Documents\GitHub\iotHardware\build/core\core.a(wiring_digital.c.o)
                0x00006ed0                digitalRead
 .text.pinPeripheral
                0x00006f00       0xc4 c:\Users\xiaoy\Documents\GitHub\iotHardware\build/core\core.a(wiring_private.c.o)
                0x00006f00                pinPeripheral
 .text._ZN5Print5writeEPKhj
                0x00006fc4       0x28 c:\Users\xiaoy\Documents\GitHub\iotHardware\build/core\core.a(Print.cpp.o)
                0x00006fc4                Print::write(unsigned char const*, unsigned int)
 .text._ZN5Print5printEmi.part.4
                0x00006fec        0xc c:\Users\xiaoy\Documents\GitHub\iotHardware\build/core\core.a(Print.cpp.o)
 .text._ZN5Print5writeEPKc
                0x00006ff8       0x1c c:\Users\xiaoy\Documents\GitHub\iotHardware\build/core\core.a(Print.cpp.o)
                0x00006ff8                Print::write(char const*)
 .text._ZN5Print5printEPK19__FlashStringHelper
                0x00007014        0x8 c:\Users\xiaoy\Documents\GitHub\iotHardware\build/core\core.a(Print.cpp.o)
                0x00007014                Print::print(__FlashStringHelper const*)
 .text._ZN5Print5printEPKc
                0x0000701c        0x8 c:\Users\xiaoy\Documents\GitHub\iotHardware\build/core\core.a(Print.cpp.o)
                0x0000701c                Print::print(char const*)
 .text._ZN5Print5printEc
                0x00007024        0xa c:\Users\xiaoy\Documents\GitHub\iotHardware\build/core\core.a(Print.cpp.o)
                0x00007024                Print::print(char)
 *fill*         0x0000702e        0x2 
 .text._ZN5Print7printlnEv
                0x00007030       0x10 c:\Users\xiaoy\Documents\GitHub\iotHardware\build/core\core.a(Print.cpp.o)
                0x00007030                Print::println()
 .text._ZN5Print7printlnEPK19__FlashStringHelper
                0x00007040       0x14 c:\Users\xiaoy\Documents\GitHub\iotHardware\build/core\core.a(Print.cpp.o)
                0x00007040                Print::println(__FlashStringHelper const*)
 .text._ZN5Print7printlnEPKc
                0x00007054       0x14 c:\Users\xiaoy\Documents\GitHub\iotHardware\build/core\core.a(Print.cpp.o)
                0x00007054                Print::println(char const*)
 .text._ZN5Print11printNumberEmh
                0x00007068       0x4e c:\Users\xiaoy\Documents\GitHub\iotHardware\build/core\core.a(Print.cpp.o)
                0x00007068                Print::printNumber(unsigned long, unsigned char)
 .text._ZN5Print5printEli
                0x000070b6       0x3c c:\Users\xiaoy\Documents\GitHub\iotHardware\build/core\core.a(Print.cpp.o)
                0x000070b6                Print::print(long, int)
 .text._ZN5Print7printlnEii
                0x000070f2       0x14 c:\Users\xiaoy\Documents\GitHub\iotHardware\build/core\core.a(Print.cpp.o)
                0x000070f2                Print::println(int, int)
 .text._ZN5Print5printEmi
                0x00007106       0x14 c:\Users\xiaoy\Documents\GitHub\iotHardware\build/core\core.a(Print.cpp.o)
                0x00007106                Print::print(unsigned long, int)
 .text._ZN5Print5printEhi
                0x0000711a        0x8 c:\Users\xiaoy\Documents\GitHub\iotHardware\build/core\core.a(Print.cpp.o)
                0x0000711a                Print::print(unsigned char, int)
 .text._ZN5Print7printlnEhi
                0x00007122       0x14 c:\Users\xiaoy\Documents\GitHub\iotHardware\build/core\core.a(Print.cpp.o)
                0x00007122                Print::println(unsigned char, int)
 .text._ZN5Print7printlnEji
                0x00007136       0x14 c:\Users\xiaoy\Documents\GitHub\iotHardware\build/core\core.a(Print.cpp.o)
                0x00007136                Print::println(unsigned int, int)
 .text._ZN5Print7printlnEmi
                0x0000714a       0x14 c:\Users\xiaoy\Documents\GitHub\iotHardware\build/core\core.a(Print.cpp.o)
                0x0000714a                Print::println(unsigned long, int)
 *fill*         0x0000715e        0x2 
 .text.initiateReset
                0x00007160        0xc c:\Users\xiaoy\Documents\GitHub\iotHardware\build/core\core.a(Reset.cpp.o)
                0x00007160                initiateReset
 .text.cancelReset
                0x0000716c       0x10 c:\Users\xiaoy\Documents\GitHub\iotHardware\build/core\core.a(Reset.cpp.o)
                0x0000716c                cancelReset
 .text.tickReset
                0x0000717c       0x74 c:\Users\xiaoy\Documents\GitHub\iotHardware\build/core\core.a(Reset.cpp.o)
                0x0000717c                tickReset
 .text._ZN10RingBufferC2Ev
                0x000071f0       0x1a c:\Users\xiaoy\Documents\GitHub\iotHardware\build/core\core.a(RingBuffer.cpp.o)
                0x000071f0                RingBuffer::RingBuffer()
                0x000071f0                RingBuffer::RingBuffer()
 .text._ZN10RingBuffer10store_charEh
                0x0000720a       0x24 c:\Users\xiaoy\Documents\GitHub\iotHardware\build/core\core.a(RingBuffer.cpp.o)
                0x0000720a                RingBuffer::store_char(unsigned char)
 .text._ZN10RingBuffer5clearEv
                0x0000722e        0xe c:\Users\xiaoy\Documents\GitHub\iotHardware\build/core\core.a(RingBuffer.cpp.o)
                0x0000722e                RingBuffer::clear()
 .text._ZN10RingBuffer9read_charEv
                0x0000723c       0x28 c:\Users\xiaoy\Documents\GitHub\iotHardware\build/core\core.a(RingBuffer.cpp.o)
                0x0000723c                RingBuffer::read_char()
 .text._ZN10RingBuffer9availableEv
                0x00007264       0x12 c:\Users\xiaoy\Documents\GitHub\iotHardware\build/core\core.a(RingBuffer.cpp.o)
                0x00007264                RingBuffer::available()
 .text._ZN10RingBuffer4peekEv
                0x00007276       0x1a c:\Users\xiaoy\Documents\GitHub\iotHardware\build/core\core.a(RingBuffer.cpp.o)
                0x00007276                RingBuffer::peek()
 .text._ZN10RingBuffer6isFullEv
                0x00007290       0x20 c:\Users\xiaoy\Documents\GitHub\iotHardware\build/core\core.a(RingBuffer.cpp.o)
                0x00007290                RingBuffer::isFull()
 .text._ZN6SERCOMC2EP6Sercom
                0x000072b0        0x4 c:\Users\xiaoy\Documents\GitHub\iotHardware\build/core\core.a(SERCOM.cpp.o)
                0x000072b0                SERCOM::SERCOM(Sercom*)
                0x000072b0                SERCOM::SERCOM(Sercom*)
 .text._ZN6SERCOM9initFrameE18SercomUartCharSize15SercomDataOrder16SercomParityMode19SercomNumberStopBit
                0x000072b4       0x38 c:\Users\xiaoy\Documents\GitHub\iotHardware\build/core\core.a(SERCOM.cpp.o)
                0x000072b4                SERCOM::initFrame(SercomUartCharSize, SercomDataOrder, SercomParityMode, SercomNumberStopBit)
 .text._ZN6SERCOM8initPadsE15SercomUartTXPad11SercomRXPad
                0x000072ec       0x26 c:\Users\xiaoy\Documents\GitHub\iotHardware\build/core\core.a(SERCOM.cpp.o)
                0x000072ec                SERCOM::initPads(SercomUartTXPad, SercomRXPad)
 .text._ZN6SERCOM9resetUARTEv
                0x00007312       0x1c c:\Users\xiaoy\Documents\GitHub\iotHardware\build/core\core.a(SERCOM.cpp.o)
                0x00007312                SERCOM::resetUART()
 .text._ZN6SERCOM10enableUARTEv
                0x0000732e       0x14 c:\Users\xiaoy\Documents\GitHub\iotHardware\build/core\core.a(SERCOM.cpp.o)
                0x0000732e                SERCOM::enableUART()
 .text._ZN6SERCOM9flushUARTEv
                0x00007342       0x10 c:\Users\xiaoy\Documents\GitHub\iotHardware\build/core\core.a(SERCOM.cpp.o)
                0x00007342                SERCOM::flushUART()
 .text._ZN6SERCOM15clearStatusUARTEv
                0x00007352        0x8 c:\Users\xiaoy\Documents\GitHub\iotHardware\build/core\core.a(SERCOM.cpp.o)
                0x00007352                SERCOM::clearStatusUART()
 .text._ZN6SERCOM17availableDataUARTEv
                0x0000735a        0xa c:\Users\xiaoy\Documents\GitHub\iotHardware\build/core\core.a(SERCOM.cpp.o)
                0x0000735a                SERCOM::availableDataUART()
 .text._ZN6SERCOM11isUARTErrorEv
                0x00007364        0x8 c:\Users\xiaoy\Documents\GitHub\iotHardware\build/core\core.a(SERCOM.cpp.o)
                0x00007364                SERCOM::isUARTError()
 .text._ZN6SERCOM20acknowledgeUARTErrorEv
                0x0000736c        0xe c:\Users\xiaoy\Documents\GitHub\iotHardware\build/core\core.a(SERCOM.cpp.o)
                0x0000736c                SERCOM::acknowledgeUARTError()
 .text._ZN6SERCOM12readDataUARTEv
                0x0000737a        0x8 c:\Users\xiaoy\Documents\GitHub\iotHardware\build/core\core.a(SERCOM.cpp.o)
                0x0000737a                SERCOM::readDataUART()
 .text._ZN6SERCOM13writeDataUARTEh
                0x00007382        0xe c:\Users\xiaoy\Documents\GitHub\iotHardware\build/core\core.a(SERCOM.cpp.o)
                0x00007382                SERCOM::writeDataUART(unsigned char)
 .text._ZN6SERCOM12initSPIClockE18SercomSpiClockModem
                0x00007390       0x30 c:\Users\xiaoy\Documents\GitHub\iotHardware\build/core\core.a(SERCOM.cpp.o)
                0x00007390                SERCOM::initSPIClock(SercomSpiClockMode, unsigned long)
 .text._ZN6SERCOM8resetSPIEv
                0x000073c0       0x1c c:\Users\xiaoy\Documents\GitHub\iotHardware\build/core\core.a(SERCOM.cpp.o)
                0x000073c0                SERCOM::resetSPI()
 .text._ZN6SERCOM9enableSPIEv
                0x000073dc       0x14 c:\Users\xiaoy\Documents\GitHub\iotHardware\build/core\core.a(SERCOM.cpp.o)
                0x000073dc                SERCOM::enableSPI()
 .text._ZN6SERCOM10disableSPIEv
                0x000073f0       0x12 c:\Users\xiaoy\Documents\GitHub\iotHardware\build/core\core.a(SERCOM.cpp.o)
                0x000073f0                SERCOM::disableSPI()
 .text._ZN6SERCOM15transferDataSPIEh
                0x00007402       0x1a c:\Users\xiaoy\Documents\GitHub\iotHardware\build/core\core.a(SERCOM.cpp.o)
                0x00007402                SERCOM::transferDataSPI(unsigned char)
 .text._ZN6SERCOM18prepareNackBitWIREEv
                0x0000741c       0x10 c:\Users\xiaoy\Documents\GitHub\iotHardware\build/core\core.a(SERCOM.cpp.o)
                0x0000741c                SERCOM::prepareNackBitWIRE()
 .text._ZN6SERCOM17prepareAckBitWIREEv
                0x0000742c       0x14 c:\Users\xiaoy\Documents\GitHub\iotHardware\build/core\core.a(SERCOM.cpp.o)
                0x0000742c                SERCOM::prepareAckBitWIRE()
 .text._ZN6SERCOM22prepareCommandBitsWireEh
                0x00007440       0x2c c:\Users\xiaoy\Documents\GitHub\iotHardware\build/core\core.a(SERCOM.cpp.o)
                0x00007440                SERCOM::prepareCommandBitsWire(unsigned char)
 .text._ZN6SERCOM17sendDataSlaveWIREEh
                0x0000746c       0x1a c:\Users\xiaoy\Documents\GitHub\iotHardware\build/core\core.a(SERCOM.cpp.o)
                0x0000746c                SERCOM::sendDataSlaveWIRE(unsigned char)
 .text._ZN6SERCOM11isSlaveWIREEv
                0x00007486       0x12 c:\Users\xiaoy\Documents\GitHub\iotHardware\build/core\core.a(SERCOM.cpp.o)
                0x00007486                SERCOM::isSlaveWIRE()
 .text._ZN6SERCOM15isDataReadyWIREEv
                0x00007498        0xa c:\Users\xiaoy\Documents\GitHub\iotHardware\build/core\core.a(SERCOM.cpp.o)
                0x00007498                SERCOM::isDataReadyWIRE()
 .text._ZN6SERCOM18isStopDetectedWIREEv
                0x000074a2        0xa c:\Users\xiaoy\Documents\GitHub\iotHardware\build/core\core.a(SERCOM.cpp.o)
                0x000074a2                SERCOM::isStopDetectedWIRE()
 .text._ZN6SERCOM21isRestartDetectedWIREEv
                0x000074ac        0xa c:\Users\xiaoy\Documents\GitHub\iotHardware\build/core\core.a(SERCOM.cpp.o)
                0x000074ac                SERCOM::isRestartDetectedWIRE()
 .text._ZN6SERCOM14isAddressMatchEv
                0x000074b6        0xa c:\Users\xiaoy\Documents\GitHub\iotHardware\build/core\core.a(SERCOM.cpp.o)
                0x000074b6                SERCOM::isAddressMatch()
 .text._ZN6SERCOM25isMasterReadOperationWIREEv
                0x000074c0        0xa c:\Users\xiaoy\Documents\GitHub\iotHardware\build/core\core.a(SERCOM.cpp.o)
                0x000074c0                SERCOM::isMasterReadOperationWIRE()
 .text._ZN6SERCOM12readDataWIREEv
                0x000074ca       0x1a c:\Users\xiaoy\Documents\GitHub\iotHardware\build/core\core.a(SERCOM.cpp.o)
                0x000074ca                SERCOM::readDataWIRE()
 .text._ZN6SERCOM13initClockNVICEv
                0x000074e4       0xb4 c:\Users\xiaoy\Documents\GitHub\iotHardware\build/core\core.a(SERCOM.cpp.o)
                0x000074e4                SERCOM::initClockNVIC()
 .text._ZN6SERCOM8initUARTE14SercomUartMode20SercomUartSampleRatem
                0x00007598       0x6c c:\Users\xiaoy\Documents\GitHub\iotHardware\build/core\core.a(SERCOM.cpp.o)
                0x00007598                SERCOM::initUART(SercomUartMode, SercomUartSampleRate, unsigned long)
 .text._ZN6SERCOM7initSPIE14SercomSpiTXPad11SercomRXPad17SercomSpiCharSize15SercomDataOrder
                0x00007604       0x50 c:\Users\xiaoy\Documents\GitHub\iotHardware\build/core\core.a(SERCOM.cpp.o)
                0x00007604                SERCOM::initSPI(SercomSpiTXPad, SercomRXPad, SercomSpiCharSize, SercomDataOrder)
 .text._ZN4UartcvbEv
                0x00007654        0x4 c:\Users\xiaoy\Documents\GitHub\iotHardware\build/core\core.a(Uart.cpp.o)
                0x00007654                Uart::operator bool()
 .text._ZN4Uart5beginEm
                0x00007658       0x10 c:\Users\xiaoy\Documents\GitHub\iotHardware\build/core\core.a(Uart.cpp.o)
                0x00007658                Uart::begin(unsigned long)
 .text._ZN4Uart3endEv
                0x00007668       0x14 c:\Users\xiaoy\Documents\GitHub\iotHardware\build/core\core.a(Uart.cpp.o)
                0x00007668                Uart::end()
 .text._ZN4Uart5flushEv
                0x0000767c        0xa c:\Users\xiaoy\Documents\GitHub\iotHardware\build/core\core.a(Uart.cpp.o)
                0x0000767c                Uart::flush()
 .text._ZN4Uart9availableEv
                0x00007686        0xa c:\Users\xiaoy\Documents\GitHub\iotHardware\build/core\core.a(Uart.cpp.o)
                0x00007686                Uart::available()
 .text._ZN4Uart4peekEv
                0x00007690        0xa c:\Users\xiaoy\Documents\GitHub\iotHardware\build/core\core.a(Uart.cpp.o)
                0x00007690                Uart::peek()
 .text._ZN4Uart4readEv
                0x0000769a        0xa c:\Users\xiaoy\Documents\GitHub\iotHardware\build/core\core.a(Uart.cpp.o)
                0x0000769a                Uart::read()
 .text._ZN4Uart5writeEh
                0x000076a4        0xc c:\Users\xiaoy\Documents\GitHub\iotHardware\build/core\core.a(Uart.cpp.o)
                0x000076a4                Uart::write(unsigned char)
 .text._ZN4UartC2EP6SERCOMhh11SercomRXPad15SercomUartTXPad
                0x000076b0       0x48 c:\Users\xiaoy\Documents\GitHub\iotHardware\build/core\core.a(Uart.cpp.o)
                0x000076b0                Uart::Uart(SERCOM*, unsigned char, unsigned char, SercomRXPad, SercomUartTXPad)
                0x000076b0                Uart::Uart(SERCOM*, unsigned char, unsigned char, SercomRXPad, SercomUartTXPad)
 .text._ZN4Uart10IrqHandlerEv
                0x000076f8       0x36 c:\Users\xiaoy\Documents\GitHub\iotHardware\build/core\core.a(Uart.cpp.o)
                0x000076f8                Uart::IrqHandler()
 .text._ZN4Uart16extractNbStopBitEt
                0x0000772e        0xe c:\Users\xiaoy\Documents\GitHub\iotHardware\build/core\core.a(Uart.cpp.o)
                0x0000772e                Uart::extractNbStopBit(unsigned short)
 .text._ZN4Uart15extractCharSizeEt
                0x0000773c       0x2c c:\Users\xiaoy\Documents\GitHub\iotHardware\build/core\core.a(Uart.cpp.o)
                0x0000773c                Uart::extractCharSize(unsigned short)
 .text._ZN4Uart13extractParityEt
                0x00007768       0x18 c:\Users\xiaoy\Documents\GitHub\iotHardware\build/core\core.a(Uart.cpp.o)
                0x00007768                Uart::extractParity(unsigned short)
 .text._ZN4Uart5beginEmt
                0x00007780       0x88 c:\Users\xiaoy\Documents\GitHub\iotHardware\build/core\core.a(Uart.cpp.o)
                0x00007780                Uart::begin(unsigned long, unsigned short)
 .text._Z8makeWordhh
                0x00007808        0x6 c:\Users\xiaoy\Documents\GitHub\iotHardware\build/core\core.a(WMath.cpp.o)
                0x00007808                makeWord(unsigned char, unsigned char)
 .text.__cxa_pure_virtual
                0x0000780e        0x2 c:\Users\xiaoy\Documents\GitHub\iotHardware\build/core\core.a(abi.cpp.o)
                0x0000780e                __cxa_pure_virtual
 .text._Z11initVariantv
                0x00007810        0x2 c:\Users\xiaoy\Documents\GitHub\iotHardware\build/core\core.a(main.cpp.o)
                0x00007810                initVariant()
 *fill*         0x00007812        0x2 
 .text.startup.main
                0x00007814       0x40 c:\Users\xiaoy\Documents\GitHub\iotHardware\build/core\core.a(main.cpp.o)
                0x00007814                main
 .text._Znwj    0x00007854        0x8 c:\Users\xiaoy\Documents\GitHub\iotHardware\build/core\core.a(new.cpp.o)
                0x00007854                operator new(unsigned int)
 .text._Znaj    0x0000785c        0x8 c:\Users\xiaoy\Documents\GitHub\iotHardware\build/core\core.a(new.cpp.o)
                0x0000785c                operator new[](unsigned int)
 .text._ZdlPv   0x00007864        0x8 c:\Users\xiaoy\Documents\GitHub\iotHardware\build/core\core.a(new.cpp.o)
                0x00007864                operator delete(void*)
 .text._ZdaPv   0x0000786c        0x8 c:\Users\xiaoy\Documents\GitHub\iotHardware\build/core\core.a(new.cpp.o)
                0x0000786c                operator delete[](void*)
 .text._ZN7Serial_17availableForWriteEv
                0x00007874        0x4 c:\Users\xiaoy\Documents\GitHub\iotHardware\build/core\core.a(CDC.cpp.o)
                0x00007874                Serial_::availableForWrite()
 .text._ZN7Serial_5writeEh
                0x00007878       0x14 c:\Users\xiaoy\Documents\GitHub\iotHardware\build/core\core.a(CDC.cpp.o)
                0x00007878                Serial_::write(unsigned char)
 .text._ZN7Serial_9availableEv
                0x0000788c        0xc c:\Users\xiaoy\Documents\GitHub\iotHardware\build/core\core.a(CDC.cpp.o)
                0x0000788c                Serial_::available()
 .text._ZN7Serial_5flushEv
                0x00007898        0xc c:\Users\xiaoy\Documents\GitHub\iotHardware\build/core\core.a(CDC.cpp.o)
                0x00007898                Serial_::flush()
 .text._ZN7Serial_5writeEPKhj
                0x000078a4       0x1c c:\Users\xiaoy\Documents\GitHub\iotHardware\build/core\core.a(CDC.cpp.o)
                0x000078a4                Serial_::write(unsigned char const*, unsigned int)
 .text._ZN7Serial_4peekEv
                0x000078c0       0x1c c:\Users\xiaoy\Documents\GitHub\iotHardware\build/core\core.a(CDC.cpp.o)
                0x000078c0                Serial_::peek()
 .text._ZN7Serial_4readEv
                0x000078dc       0x24 c:\Users\xiaoy\Documents\GitHub\iotHardware\build/core\core.a(CDC.cpp.o)
                0x000078dc                Serial_::read()
 .text._Z16CDC_GetInterfacePh
                0x00007900       0x1c c:\Users\xiaoy\Documents\GitHub\iotHardware\build/core\core.a(CDC.cpp.o)
                0x00007900                CDC_GetInterface(unsigned char*)
 .text._Z9CDC_SetupR8USBSetup
                0x0000791c       0x80 c:\Users\xiaoy\Documents\GitHub\iotHardware\build/core\core.a(CDC.cpp.o)
                0x0000791c                CDC_Setup(USBSetup&)
 .text.startup._GLOBAL__sub_I__Z17_CDC_GetInterfacev
                0x0000799c       0x28 c:\Users\xiaoy\Documents\GitHub\iotHardware\build/core\core.a(CDC.cpp.o)
 .text._ZN26DoubleBufferedEPOutHandler4initEv
                0x000079c4        0x2 c:\Users\xiaoy\Documents\GitHub\iotHardware\build/core\core.a(USBCore.cpp.o)
                0x000079c4                DoubleBufferedEPOutHandler::init()
 *fill*         0x000079c6        0x2 
 .text._ZN14USBDeviceClass6initEPEmm.part.4
                0x000079c8       0xc8 c:\Users\xiaoy\Documents\GitHub\iotHardware\build/core\core.a(USBCore.cpp.o)
 .text._ZN7__GuardC2Ev
                0x00007a90        0xe c:\Users\xiaoy\Documents\GitHub\iotHardware\build/core\core.a(USBCore.cpp.o)
                0x00007a90                __Guard::__Guard()
                0x00007a90                __Guard::__Guard()
 .text._ZN7__GuardD2Ev
                0x00007a9e        0xe c:\Users\xiaoy\Documents\GitHub\iotHardware\build/core\core.a(USBCore.cpp.o)
                0x00007a9e                __Guard::~__Guard()
                0x00007a9e                __Guard::~__Guard()
 .text._ZNK26DoubleBufferedEPOutHandler9availableEv
                0x00007aac       0x5e c:\Users\xiaoy\Documents\GitHub\iotHardware\build/core\core.a(USBCore.cpp.o)
                0x00007aac                DoubleBufferedEPOutHandler::available() const
 *fill*         0x00007b0a        0x2 
 .text._ZN26DoubleBufferedEPOutHandler7releaseEv
                0x00007b0c       0x58 c:\Users\xiaoy\Documents\GitHub\iotHardware\build/core\core.a(USBCore.cpp.o)
                0x00007b0c                DoubleBufferedEPOutHandler::release()
 .text._ZN26DoubleBufferedEPOutHandler4recvEPvm
                0x00007b64      0x11c c:\Users\xiaoy\Documents\GitHub\iotHardware\build/core\core.a(USBCore.cpp.o)
                0x00007b64                DoubleBufferedEPOutHandler::recv(void*, unsigned long)
 .text._ZN26DoubleBufferedEPOutHandler14handleEndpointEv
                0x00007c80       0xc4 c:\Users\xiaoy\Documents\GitHub\iotHardware\build/core\core.a(USBCore.cpp.o)
                0x00007c80                DoubleBufferedEPOutHandler::handleEndpoint()
 .text._ZN14USBDeviceClass14SendInterfacesEPm
                0x00007d44       0x2c c:\Users\xiaoy\Documents\GitHub\iotHardware\build/core\core.a(USBCore.cpp.o)
                0x00007d44                USBDeviceClass::SendInterfaces(unsigned long*)
 .text._ZN14USBDeviceClass14handleEndpointEh
                0x00007d70       0x40 c:\Users\xiaoy\Documents\GitHub\iotHardware\build/core\core.a(USBCore.cpp.o)
                0x00007d70                USBDeviceClass::handleEndpoint(unsigned char)
 .text._ZN14USBDeviceClass4initEv
                0x00007db0       0xf0 c:\Users\xiaoy\Documents\GitHub\iotHardware\build/core\core.a(USBCore.cpp.o)
                0x00007db0                USBDeviceClass::init()
 .text._ZN14USBDeviceClass6attachEv
                0x00007ea0       0x34 c:\Users\xiaoy\Documents\GitHub\iotHardware\build/core\core.a(USBCore.cpp.o)
                0x00007ea0                USBDeviceClass::attach()
 .text._ZN14USBDeviceClass10setAddressEm
                0x00007ed4       0x48 c:\Users\xiaoy\Documents\GitHub\iotHardware\build/core\core.a(USBCore.cpp.o)
                0x00007ed4                USBDeviceClass::setAddress(unsigned long)
 .text._ZN14USBDeviceClass25handleClassInterfaceSetupER8USBSetup
                0x00007f1c       0x40 c:\Users\xiaoy\Documents\GitHub\iotHardware\build/core\core.a(USBCore.cpp.o)
                0x00007f1c                USBDeviceClass::handleClassInterfaceSetup(USBSetup&)
 .text._ZN14USBDeviceClass6initEPEmm
                0x00007f5c      0x100 c:\Users\xiaoy\Documents\GitHub\iotHardware\build/core\core.a(USBCore.cpp.o)
                0x00007f5c                USBDeviceClass::initEP(unsigned long, unsigned long)
 .text._ZN14USBDeviceClass13initEndpointsEv
                0x0000805c       0x24 c:\Users\xiaoy\Documents\GitHub\iotHardware\build/core\core.a(USBCore.cpp.o)
                0x0000805c                USBDeviceClass::initEndpoints()
 .text._ZN14USBDeviceClass9availableEm
                0x00008080       0x2c c:\Users\xiaoy\Documents\GitHub\iotHardware\build/core\core.a(USBCore.cpp.o)
                0x00008080                USBDeviceClass::available(unsigned long)
 .text._ZN14USBDeviceClass5flushEm
                0x000080ac       0x2c c:\Users\xiaoy\Documents\GitHub\iotHardware\build/core\core.a(USBCore.cpp.o)
                0x000080ac                USBDeviceClass::flush(unsigned long)
 .text._ZN14USBDeviceClass14armRecvCtrlOUTEm
                0x000080d8       0x60 c:\Users\xiaoy\Documents\GitHub\iotHardware\build/core\core.a(USBCore.cpp.o)
                0x000080d8                USBDeviceClass::armRecvCtrlOUT(unsigned long)
 .text._ZN14USBDeviceClass11recvControlEPvm
                0x00008138       0x3c c:\Users\xiaoy\Documents\GitHub\iotHardware\build/core\core.a(USBCore.cpp.o)
                0x00008138                USBDeviceClass::recvControl(void*, unsigned long)
 .text._ZN14USBDeviceClass7armRecvEm
                0x00008174       0x3c c:\Users\xiaoy\Documents\GitHub\iotHardware\build/core\core.a(USBCore.cpp.o)
                0x00008174                USBDeviceClass::armRecv(unsigned long)
 .text._ZN14USBDeviceClass4recvEmPvm
                0x000081b0       0xd8 c:\Users\xiaoy\Documents\GitHub\iotHardware\build/core\core.a(USBCore.cpp.o)
                0x000081b0                USBDeviceClass::recv(unsigned long, void*, unsigned long)
 .text._ZN14USBDeviceClass4recvEm
                0x00008288       0x1c c:\Users\xiaoy\Documents\GitHub\iotHardware\build/core\core.a(USBCore.cpp.o)
                0x00008288                USBDeviceClass::recv(unsigned long)
 .text._ZN14USBDeviceClass4sendEmPKvm
                0x000082a4      0x124 c:\Users\xiaoy\Documents\GitHub\iotHardware\build/core\core.a(USBCore.cpp.o)
                0x000082a4                USBDeviceClass::send(unsigned long, void const*, unsigned long)
 .text._ZN14USBDeviceClass7armSendEmPKvm
                0x000083c8       0x48 c:\Users\xiaoy\Documents\GitHub\iotHardware\build/core\core.a(USBCore.cpp.o)
                0x000083c8                USBDeviceClass::armSend(unsigned long, void const*, unsigned long)
 .text._ZN14USBDeviceClass11sendControlEPKvm
                0x00008410       0x58 c:\Users\xiaoy\Documents\GitHub\iotHardware\build/core\core.a(USBCore.cpp.o)
                0x00008410                USBDeviceClass::sendControl(void const*, unsigned long)
 .text._ZN14USBDeviceClass20sendStringDescriptorEPKhh
                0x00008468       0x68 c:\Users\xiaoy\Documents\GitHub\iotHardware\build/core\core.a(USBCore.cpp.o)
                0x00008468                USBDeviceClass::sendStringDescriptor(unsigned char const*, unsigned char)
 .text._ZN14USBDeviceClass12packMessagesEb.part.6
                0x000084d0       0x20 c:\Users\xiaoy\Documents\GitHub\iotHardware\build/core\core.a(USBCore.cpp.o)
 .text._ZN14USBDeviceClass17sendConfigurationEm
                0x000084f0       0x90 c:\Users\xiaoy\Documents\GitHub\iotHardware\build/core\core.a(USBCore.cpp.o)
                0x000084f0                USBDeviceClass::sendConfiguration(unsigned long)
 .text._ZN14USBDeviceClass14sendDescriptorER8USBSetup
                0x00008580       0xb4 c:\Users\xiaoy\Documents\GitHub\iotHardware\build/core\core.a(USBCore.cpp.o)
                0x00008580                USBDeviceClass::sendDescriptor(USBSetup&)
 .text._ZN14USBDeviceClass19handleStandardSetupER8USBSetup
                0x00008634      0x118 c:\Users\xiaoy\Documents\GitHub\iotHardware\build/core\core.a(USBCore.cpp.o)
                0x00008634                USBDeviceClass::handleStandardSetup(USBSetup&)
 .text._ZN14USBDeviceClass10ISRHandlerEv
                0x0000874c      0x150 c:\Users\xiaoy\Documents\GitHub\iotHardware\build/core\core.a(USBCore.cpp.o)
                0x0000874c                USBDeviceClass::ISRHandler()
 .text.UDD_Handler
                0x0000889c       0x10 c:\Users\xiaoy\Documents\GitHub\iotHardware\build/core\core.a(USBCore.cpp.o)
                0x0000889c                UDD_Handler
 .text.startup._GLOBAL__sub_I_usbd
                0x000088ac       0x10 c:\Users\xiaoy\Documents\GitHub\iotHardware\build/core\core.a(USBCore.cpp.o)
 .text._ZN13PluggableUSB_12getInterfaceEPh
                0x000088bc       0x2a c:\Users\xiaoy\Documents\GitHub\iotHardware\build/core\core.a(PluggableUSB.cpp.o)
                0x000088bc                PluggableUSB_::getInterface(unsigned char*)
 .text._ZN13PluggableUSB_13getDescriptorER8USBSetup
                0x000088e6       0x20 c:\Users\xiaoy\Documents\GitHub\iotHardware\build/core\core.a(PluggableUSB.cpp.o)
                0x000088e6                PluggableUSB_::getDescriptor(USBSetup&)
 .text._ZN13PluggableUSB_12getShortNameEPc
                0x00008906       0x1e c:\Users\xiaoy\Documents\GitHub\iotHardware\build/core\core.a(PluggableUSB.cpp.o)
                0x00008906                PluggableUSB_::getShortName(char*)
 .text._ZN13PluggableUSB_5setupER8USBSetup
                0x00008924       0x24 c:\Users\xiaoy\Documents\GitHub\iotHardware\build/core\core.a(PluggableUSB.cpp.o)
                0x00008924                PluggableUSB_::setup(USBSetup&)
 .text._Z12PluggableUSBv
                0x00008948       0x24 c:\Users\xiaoy\Documents\GitHub\iotHardware\build/core\core.a(PluggableUSB.cpp.o)
                0x00008948                PluggableUSB()
 .text._ZN20USBDevice_SAMD21G18x5resetEv
                0x0000896c       0x32 c:\Users\xiaoy\Documents\GitHub\iotHardware\build/core\core.a(SAMD21_USBDevice.cpp.o)
                0x0000896c                USBDevice_SAMD21G18x::reset()
 *fill*         0x0000899e        0x2 
 .text._ZN20USBDevice_SAMD21G18x9calibrateEv
                0x000089a0       0x5c c:\Users\xiaoy\Documents\GitHub\iotHardware\build/core\core.a(SAMD21_USBDevice.cpp.o)
                0x000089a0                USBDevice_SAMD21G18x::calibrate()
 .text          0x000089fc       0x14 c:/users/xiaoy/appdata/local/arduino15/packages/arduino/tools/arm-none-eabi-gcc/4.8.3-2014q1/bin/../lib/gcc/arm-none-eabi/4.8.3/armv6-m\libgcc.a(_thumb1_case_uqi.o)
                0x000089fc                __gnu_thumb1_case_uqi
 .text          0x00008a10       0x14 c:/users/xiaoy/appdata/local/arduino15/packages/arduino/tools/arm-none-eabi-gcc/4.8.3-2014q1/bin/../lib/gcc/arm-none-eabi/4.8.3/armv6-m\libgcc.a(_thumb1_case_uhi.o)
                0x00008a10                __gnu_thumb1_case_uhi
 .text          0x00008a24       0x9c c:/users/xiaoy/appdata/local/arduino15/packages/arduino/tools/arm-none-eabi-gcc/4.8.3-2014q1/bin/../lib/gcc/arm-none-eabi/4.8.3/armv6-m\libgcc.a(_udivsi3.o)
                0x00008a24                __aeabi_uidiv
                0x00008a24                __udivsi3
                0x00008aac                __aeabi_uidivmod
 .text          0x00008ac0       0xc0 c:/users/xiaoy/appdata/local/arduino15/packages/arduino/tools/arm-none-eabi-gcc/4.8.3-2014q1/bin/../lib/gcc/arm-none-eabi/4.8.3/armv6-m\libgcc.a(_divsi3.o)
                0x00008ac0                __divsi3
                0x00008ac0                __aeabi_idiv
                0x00008b6c                __aeabi_idivmod
 .text          0x00008b80        0x4 c:/users/xiaoy/appdata/local/arduino15/packages/arduino/tools/arm-none-eabi-gcc/4.8.3-2014q1/bin/../lib/gcc/arm-none-eabi/4.8.3/armv6-m\libgcc.a(_dvmd_tls.o)
                0x00008b80                __aeabi_idiv0
                0x00008b80                __aeabi_ldiv0
 .text          0x00008b84       0x48 c:/users/xiaoy/appdata/local/arduino15/packages/arduino/tools/arm-none-eabi-gcc/4.8.3-2014q1/bin/../lib/gcc/arm-none-eabi/4.8.3/armv6-m\libgcc.a(_aeabi_ldivmod.o)
                0x00008b84                __aeabi_ldivmod
 .text          0x00008bcc       0x40 c:/users/xiaoy/appdata/local/arduino15/packages/arduino/tools/arm-none-eabi-gcc/4.8.3-2014q1/bin/../lib/gcc/arm-none-eabi/4.8.3/armv6-m\libgcc.a(_aeabi_uldivmod.o)
                0x00008bcc                __aeabi_uldivmod
 .text          0x00008c0c       0x44 c:/users/xiaoy/appdata/local/arduino15/packages/arduino/tools/arm-none-eabi-gcc/4.8.3-2014q1/bin/../lib/gcc/arm-none-eabi/4.8.3/armv6-m\libgcc.a(_muldi3.o)
                0x00008c0c                __muldi3
                0x00008c0c                __aeabi_lmul
 .text          0x00008c50       0x6c c:/users/xiaoy/appdata/local/arduino15/packages/arduino/tools/arm-none-eabi-gcc/4.8.3-2014q1/bin/../lib/gcc/arm-none-eabi/4.8.3/armv6-m\libgcc.a(bpabi.o)
                0x00008c50                __gnu_ldivmod_helper
                0x00008c88                __gnu_uldivmod_helper
 .text          0x00008cbc       0x3c c:/users/xiaoy/appdata/local/arduino15/packages/arduino/tools/arm-none-eabi-gcc/4.8.3-2014q1/bin/../lib/gcc/arm-none-eabi/4.8.3/armv6-m\libgcc.a(_clzsi2.o)
                0x00008cbc                __clzsi2
 .text          0x00008cf8      0x3b8 c:/users/xiaoy/appdata/local/arduino15/packages/arduino/tools/arm-none-eabi-gcc/4.8.3-2014q1/bin/../lib/gcc/arm-none-eabi/4.8.3/armv6-m\libgcc.a(_divdi3.o)
                0x00008cf8                __divdi3
 .text          0x000090b0      0x384 c:/users/xiaoy/appdata/local/arduino15/packages/arduino/tools/arm-none-eabi-gcc/4.8.3-2014q1/bin/../lib/gcc/arm-none-eabi/4.8.3/armv6-m\libgcc.a(_udivdi3.o)
                0x000090b0                __udivdi3
 .text.__aeabi_atexit
                0x00009434        0xe c:/users/xiaoy/appdata/local/arduino15/packages/arduino/tools/arm-none-eabi-gcc/4.8.3-2014q1/bin/../lib/gcc/arm-none-eabi/4.8.3/../../../../arm-none-eabi/lib/armv6-m\libc_s.a(lib_a-aeabi_atexit.o)
                0x00009434                __aeabi_atexit
 *fill*         0x00009442        0x2 
 .text.__cxa_atexit
                0x00009444       0x20 c:/users/xiaoy/appdata/local/arduino15/packages/arduino/tools/arm-none-eabi-gcc/4.8.3-2014q1/bin/../lib/gcc/arm-none-eabi/4.8.3/../../../../arm-none-eabi/lib/armv6-m\libc_s.a(lib_a-cxa_atexit.o)
                0x00009444                __cxa_atexit
 .text.__libc_init_array
                0x00009464       0x4c c:/users/xiaoy/appdata/local/arduino15/packages/arduino/tools/arm-none-eabi-gcc/4.8.3-2014q1/bin/../lib/gcc/arm-none-eabi/4.8.3/../../../../arm-none-eabi/lib/armv6-m\libc_s.a(lib_a-init.o)
                0x00009464                __libc_init_array
 .text.malloc   0x000094b0       0x14 c:/users/xiaoy/appdata/local/arduino15/packages/arduino/tools/arm-none-eabi-gcc/4.8.3-2014q1/bin/../lib/gcc/arm-none-eabi/4.8.3/../../../../arm-none-eabi/lib/armv6-m\libc_s.a(lib_a-malloc.o)
                0x000094b0                malloc
 .text.free     0x000094c4       0x14 c:/users/xiaoy/appdata/local/arduino15/packages/arduino/tools/arm-none-eabi-gcc/4.8.3-2014q1/bin/../lib/gcc/arm-none-eabi/4.8.3/../../../../arm-none-eabi/lib/armv6-m\libc_s.a(lib_a-malloc.o)
                0x000094c4                free
 .text.memcpy   0x000094d8       0x12 c:/users/xiaoy/appdata/local/arduino15/packages/arduino/tools/arm-none-eabi-gcc/4.8.3-2014q1/bin/../lib/gcc/arm-none-eabi/4.8.3/../../../../arm-none-eabi/lib/armv6-m\libc_s.a(lib_a-memcpy-stub.o)
                0x000094d8                memcpy
 .text.memmove  0x000094ea       0x32 c:/users/xiaoy/appdata/local/arduino15/packages/arduino/tools/arm-none-eabi-gcc/4.8.3-2014q1/bin/../lib/gcc/arm-none-eabi/4.8.3/../../../../arm-none-eabi/lib/armv6-m\libc_s.a(lib_a-memmove.o)
                0x000094ea                memmove
 .text.memset   0x0000951c       0x10 c:/users/xiaoy/appdata/local/arduino15/packages/arduino/tools/arm-none-eabi-gcc/4.8.3-2014q1/bin/../lib/gcc/arm-none-eabi/4.8.3/../../../../arm-none-eabi/lib/armv6-m\libc_s.a(lib_a-memset.o)
                0x0000951c                memset
 .text._free_r  0x0000952c       0x90 c:/users/xiaoy/appdata/local/arduino15/packages/arduino/tools/arm-none-eabi-gcc/4.8.3-2014q1/bin/../lib/gcc/arm-none-eabi/4.8.3/../../../../arm-none-eabi/lib/armv6-m\libc_s.a(lib_a-nano-freer.o)
                0x0000952c                _free_r
 .text._malloc_r
                0x000095bc       0xa8 c:/users/xiaoy/appdata/local/arduino15/packages/arduino/tools/arm-none-eabi-gcc/4.8.3-2014q1/bin/../lib/gcc/arm-none-eabi/4.8.3/../../../../arm-none-eabi/lib/armv6-m\libc_s.a(lib_a-nano-mallocr.o)
                0x000095bc                _malloc_r
 .text._sbrk_r  0x00009664       0x24 c:/users/xiaoy/appdata/local/arduino15/packages/arduino/tools/arm-none-eabi-gcc/4.8.3-2014q1/bin/../lib/gcc/arm-none-eabi/4.8.3/../../../../arm-none-eabi/lib/armv6-m\libc_s.a(lib_a-sbrkr.o)
                0x00009664                _sbrk_r
 .text.strlen   0x00009688        0xe c:/users/xiaoy/appdata/local/arduino15/packages/arduino/tools/arm-none-eabi-gcc/4.8.3-2014q1/bin/../lib/gcc/arm-none-eabi/4.8.3/../../../../arm-none-eabi/lib/armv6-m\libc_s.a(lib_a-strlen.o)
                0x00009688                strlen
 *fill*         0x00009696        0x2 
 .text._sbrk    0x00009698       0x34 c:/users/xiaoy/appdata/local/arduino15/packages/arduino/tools/arm-none-eabi-gcc/4.8.3-2014q1/bin/../lib/gcc/arm-none-eabi/4.8.3/../../../../arm-none-eabi/lib/armv6-m\libnosys.a(sbrk.o)
                0x00009698                _sbrk
 *(.init)
 .init          0x000096cc        0x4 c:/users/xiaoy/appdata/local/arduino15/packages/arduino/tools/arm-none-eabi-gcc/4.8.3-2014q1/bin/../lib/gcc/arm-none-eabi/4.8.3/armv6-m/crti.o
                0x000096cc                _init
 .init          0x000096d0        0x8 c:/users/xiaoy/appdata/local/arduino15/packages/arduino/tools/arm-none-eabi-gcc/4.8.3-2014q1/bin/../lib/gcc/arm-none-eabi/4.8.3/armv6-m/crtn.o
 *(.fini)
 .fini          0x000096d8        0x4 c:/users/xiaoy/appdata/local/arduino15/packages/arduino/tools/arm-none-eabi-gcc/4.8.3-2014q1/bin/../lib/gcc/arm-none-eabi/4.8.3/armv6-m/crti.o
                0x000096d8                _fini
 .fini          0x000096dc        0x8 c:/users/xiaoy/appdata/local/arduino15/packages/arduino/tools/arm-none-eabi-gcc/4.8.3-2014q1/bin/../lib/gcc/arm-none-eabi/4.8.3/armv6-m/crtn.o
 *crtbegin.o(.ctors)
 *crtbegin?.o(.ctors)
 *(EXCLUDE_FILE(*crtend.o *crtend?.o) .ctors)
 *(SORT(.ctors.*))
 *(.ctors)
 *crtbegin.o(.dtors)
 *crtbegin?.o(.dtors)
 *(EXCLUDE_FILE(*crtend.o *crtend?.o) .dtors)
 *(SORT(.dtors.*))
 *(.dtors)
 *(.rodata*)
 *fill*         0x000096e4        0x4 
 .rodata._ZTVN10McciCatena18cPollableInterfaceE
                0x000096e8       0x18 c:\Users\xiaoy\Documents\GitHub\iotHardware\build\sketch\modbus_ttn.ino.cpp.o
                0x000096e8                vtable for McciCatena::cPollableInterface
 .rodata._ZTV12ModbusSerialI4UartE
                0x00009700       0x28 c:\Users\xiaoy\Documents\GitHub\iotHardware\build\sketch\modbus_ttn.ino.cpp.o
                0x00009700                vtable for ModbusSerial<Uart>
 .rodata._ZL2T1
                0x00009728        0xc c:\Users\xiaoy\Documents\GitHub\iotHardware\build\sketch\modbus_ttn.ino.cpp.o
 .rodata._ZL12fctsupported
                0x00009734        0x8 c:\Users\xiaoy\Documents\GitHub\iotHardware\build\sketch\modbus_ttn.ino.cpp.o
 .rodata._ZL2T5
                0x0000973c        0xc c:\Users\xiaoy\Documents\GitHub\iotHardware\build\sketch\modbus_ttn.ino.cpp.o
 .rodata._ZL2T3
                0x00009748        0xc c:\Users\xiaoy\Documents\GitHub\iotHardware\build\sketch\modbus_ttn.ino.cpp.o
 *fill*         0x00009754        0x4 
 .rodata._ZTVN10McciCatena16cCatenaModbusRtuE
                0x00009758       0x20 c:\Users\xiaoy\Documents\GitHub\iotHardware\build\sketch\modbus_ttn.ino.cpp.o
                0x00009758                vtable for McciCatena::cCatenaModbusRtu
 .rodata._ZL2T6
                0x00009778        0xc c:\Users\xiaoy\Documents\GitHub\iotHardware\build\sketch\modbus_ttn.ino.cpp.o
 .rodata.str1.1
                0x00009784      0x205 c:\Users\xiaoy\Documents\GitHub\iotHardware\build\sketch\modbus_ttn.ino.cpp.o
                                0x20b (size before relaxing)
 *fill*         0x00009989        0x3 
 .rodata.lmic_pins
                0x0000998c        0xc c:\Users\xiaoy\Documents\GitHub\iotHardware\build\sketch\modbus_ttn.ino.cpp.o
                0x0000998c                lmic_pins
 .rodata._ZL6APPEUI
                0x00009998        0x8 c:\Users\xiaoy\Documents\GitHub\iotHardware\build\sketch\modbus_ttn.ino.cpp.o
 .rodata._ZL2T2
                0x000099a0        0xc c:\Users\xiaoy\Documents\GitHub\iotHardware\build\sketch\modbus_ttn.ino.cpp.o
 .rodata._ZL2T4
                0x000099ac        0xc c:\Users\xiaoy\Documents\GitHub\iotHardware\build\sketch\modbus_ttn.ino.cpp.o
 .rodata._ZL6APPKEY
                0x000099b8       0x10 c:\Users\xiaoy\Documents\GitHub\iotHardware\build\sketch\modbus_ttn.ino.cpp.o
 .rodata._ZL6DEVEUI
                0x000099c8        0x8 c:\Users\xiaoy\Documents\GitHub\iotHardware\build\sketch\modbus_ttn.ino.cpp.o
 .rodata._ZL22constant_table_S_Table
                0x000099d0      0x100 c:\Users\xiaoy\Documents\GitHub\iotHardware\build\libraries\arduino-lmic\aes\ideetron\AES-128_V10.cpp.o
 .rodata.str1.1
                0x00009ad0       0x51 c:\Users\xiaoy\Documents\GitHub\iotHardware\build\libraries\arduino-lmic\hal\hal.cpp.o
 .rodata.constant_table_SENSITIVITY
                0x00009b21       0x15 c:\Users\xiaoy\Documents\GitHub\iotHardware\build\libraries\arduino-lmic\lmic\lmic.c.o
 .rodata.str1.1
                0x00009b36       0x48 c:\Users\xiaoy\Documents\GitHub\iotHardware\build\libraries\arduino-lmic\lmic\lmic.c.o
 .rodata.constant_table_DRADJUST
                0x00009b7e        0xa c:\Users\xiaoy\Documents\GitHub\iotHardware\build\libraries\arduino-lmic\lmic\lmic.c.o
 .rodata.constant_table_DR2HSYM_osticks
                0x00009b88       0x18 c:\Users\xiaoy\Documents\GitHub\iotHardware\build\libraries\arduino-lmic\lmic\lmic_us915.c.o
 .rodata.str1.1
                0x00009ba0       0x4e c:\Users\xiaoy\Documents\GitHub\iotHardware\build\libraries\arduino-lmic\lmic\lmic_us915.c.o
 .rodata.constant_table__DR2RPS_CRC
                0x00009bee       0x10 c:\Users\xiaoy\Documents\GitHub\iotHardware\build\libraries\arduino-lmic\lmic\lmic_us915.c.o
                0x00009bee                constant_table__DR2RPS_CRC
 .rodata.str1.1
                0x00009bfe       0x50 c:\Users\xiaoy\Documents\GitHub\iotHardware\build\libraries\arduino-lmic\lmic\lmic_us_like.c.o
 .rodata.str1.1
                0x00009c4e       0x4a c:\Users\xiaoy\Documents\GitHub\iotHardware\build\libraries\arduino-lmic\lmic\oslmic.c.o
 .rodata.str1.1
                0x00009c98       0x49 c:\Users\xiaoy\Documents\GitHub\iotHardware\build\libraries\arduino-lmic\lmic\radio.c.o
 *fill*         0x00009ce1        0x1 
 .rodata.constant_table_LORA_RXDONE_FIXUP
                0x00009ce2        0xe c:\Users\xiaoy\Documents\GitHub\iotHardware\build\libraries\arduino-lmic\lmic\radio.c.o
 .rodata.constant_table_rxlorairqmask
                0x00009cf0        0x3 c:\Users\xiaoy\Documents\GitHub\iotHardware\build\libraries\arduino-lmic\lmic\radio.c.o
 *fill*         0x00009cf3        0x5 
 .rodata._ZTV7TwoWire
                0x00009cf8       0x20 c:\Users\xiaoy\Documents\GitHub\iotHardware\build\libraries\Wire\Wire.cpp.o
                0x00009cf8                vtable for TwoWire
 .rodata.g_APinDescription
                0x00009d18      0x450 c:\Users\xiaoy\Documents\GitHub\iotHardware\build\core\variant.cpp.o
                0x00009d18                g_APinDescription
 .rodata.str1.1
                0x0000a168        0xf c:\Users\xiaoy\Documents\GitHub\iotHardware\build/core\core.a(Print.cpp.o)
                                 0x11 (size before relaxing)
 *fill*         0x0000a177        0x1 
 .rodata._ZTV4Uart