Archive member included because of file (symbol)

c:\Users\xiaoy\Documents\GitHub\iotHardware\build\libraries\Catena-Arduino-Platform\Catena-Arduino-Platform.a(CatenaBase.cpp.o)
                              c:\Users\xiaoy\Documents\GitHub\iotHardware\build\sketch\Modbus_Reading.ino.cpp.o (McciCatena::CatenaBase::CatenaBase())
c:\Users\xiaoy\Documents\GitHub\iotHardware\build\libraries\Catena-Arduino-Platform\Catena-Arduino-Platform.a(Catena_CommandStream.cpp.o)
                              c:\Users\xiaoy\Documents\GitHub\iotHardware\build\libraries\Catena-Arduino-Platform\Catena-Arduino-Platform.a(CatenaBase.cpp.o) (McciCatena::cCommandStream::registerCommands(McciCatena::cCommandStream::cDispatch*, void*))
c:\Users\xiaoy\Documents\GitHub\iotHardware\build\libraries\Catena-Arduino-Platform\Catena-Arduino-Platform.a(Catena_Log.cpp.o)
                              c:\Users\xiaoy\Documents\GitHub\iotHardware\build\libraries\Catena-Arduino-Platform\Catena-Arduino-Platform.a(CatenaBase.cpp.o) (McciCatena::gLog)
c:\Users\xiaoy\Documents\GitHub\iotHardware\build\libraries\Catena-Arduino-Platform\Catena-Arduino-Platform.a(Catena_StreamLineCollector.cpp.o)
                              c:\Users\xiaoy\Documents\GitHub\iotHardware\build\libraries\Catena-Arduino-Platform\Catena-Arduino-Platform.a(Catena_CommandStream.cpp.o) (McciCatena::cStreamLineCollector::readAsync(void (*)(void*, McciCatena::cStreamLineCollector::ErrorCode, unsigned char*, unsigned int), void*, unsigned char*, unsigned int))
c:\Users\xiaoy\Documents\GitHub\iotHardware\build\libraries\Catena-Arduino-Platform\Catena-Arduino-Platform.a(CatenaSamd21.cpp.o)
                              c:\Users\xiaoy\Documents\GitHub\iotHardware\build\sketch\Modbus_Reading.ino.cpp.o (vtable for McciCatena::CatenaSamd21::cSerialReady)
c:\Users\xiaoy\Documents\GitHub\iotHardware\build\libraries\Catena-Arduino-Platform\Catena-Arduino-Platform.a(CatenaSamd21_begin.cpp.o)
                              c:\Users\xiaoy\Documents\GitHub\iotHardware\build\sketch\Modbus_Reading.ino.cpp.o (McciCatena::CatenaSamd21::begin())
c:\Users\xiaoy\Documents\GitHub\iotHardware\build\libraries\Catena-Arduino-Platform\Catena-Arduino-Platform.a(CatenaSamd21_registerCommands.cpp.o)
                              c:\Users\xiaoy\Documents\GitHub\iotHardware\build\sketch\Modbus_Reading.ino.cpp.o (McciCatena::CatenaSamd21::registerCommands())
c:\Users\xiaoy\Documents\GitHub\iotHardware\build\libraries\Catena-Arduino-Platform\Catena-Arduino-Platform.a(catenasamd21_getplatformforid.cpp.o)
                              c:\Users\xiaoy\Documents\GitHub\iotHardware\build\sketch\Modbus_Reading.ino.cpp.o (McciCatena::CatenaSamd21::GetPlatformForID(McciCatena::CatenaSamd21::UniqueID_buffer_t const*, McciCatena::CatenaBase::EUI64_buffer_t*, unsigned long*))
c:\Users\xiaoy\Documents\GitHub\iotHardware\build\libraries\Catena-Arduino-Platform\Catena-Arduino-Platform.a(catenasamd21_getuniqueid.cpp.o)
                              c:\Users\xiaoy\Documents\GitHub\iotHardware\build\libraries\Catena-Arduino-Platform\Catena-Arduino-Platform.a(CatenaSamd21_begin.cpp.o) (McciCatena::CatenaSamd21::GetUniqueID(McciCatena::CatenaSamd21::UniqueID_buffer_t*))
c:\Users\xiaoy\Documents\GitHub\iotHardware\build\libraries\Catena-Arduino-Platform\Catena-Arduino-Platform.a(catenasamd21_getuniqueidstring.cpp.o)
                              c:\Users\xiaoy\Documents\GitHub\iotHardware\build\libraries\Catena-Arduino-Platform\Catena-Arduino-Platform.a(CatenaSamd21_registerCommands.cpp.o) (McciCatena::CatenaSamd21::GetUniqueIDstring(McciCatena::CatenaSamd21::UniqueID_string_t*))
c:\Users\xiaoy\Documents\GitHub\iotHardware\build\libraries\Catena-Arduino-Platform\Catena-Arduino-Platform.a(catenasamd_gk_wellknowncpubindings.cpp.o)
                              c:\Users\xiaoy\Documents\GitHub\iotHardware\build\libraries\Catena-Arduino-Platform\Catena-Arduino-Platform.a(catenasamd21_getplatformforid.cpp.o) (McciCatena::CatenaSamd21::nvCpuIdToPlatform)
c:\Users\xiaoy\Documents\GitHub\iotHardware\build\libraries\Catena-Arduino-Platform\Catena-Arduino-Platform.a(catena4410_getprovisioninginfo.cpp.o)
                              c:\Users\xiaoy\Documents\GitHub\iotHardware\build\sketch\Modbus_Reading.ino.cpp.o (McciCatena::CatenaFeatherM0::GetProvisioningInfo())
c:\Users\xiaoy\Documents\GitHub\iotHardware\build\libraries\Catena-Arduino-Platform\Catena-Arduino-Platform.a(catenasamd_gk_plaformhierarchy.cpp.o)
                              c:\Users\xiaoy\Documents\GitHub\iotHardware\build\libraries\Catena-Arduino-Platform\Catena-Arduino-Platform.a(catenasamd_gk_wellknowncpubindings.cpp.o) (McciCatena::gkPlatformCatena4450_m102)
c:\Users\xiaoy\Documents\GitHub\iotHardware\build/core\core.a(cortex_handlers.c.o)
                              (Reset_Handler)
c:\Users\xiaoy\Documents\GitHub\iotHardware\build/core\core.a(delay.c.o)
                              c:\Users\xiaoy\Documents\GitHub\iotHardware\build\sketch\Modbus_Reading.ino.cpp.o (millis)
[...]
Memory Configuration

Name             Origin             Length             Attributes
FLASH            0x00002000         0x0003e000         xr
RAM              0x20000000         0x00008000         xrw
*default*        0x00000000         0xffffffff

Linker script and memory map

LOAD c:/users/xiaoy/appdata/local/arduino15/packages/arduino/tools/arm-none-eabi-gcc/4.8.3-2014q1/bin/../lib/gcc/arm-none-eabi/4.8.3/armv6-m/crti.o
LOAD c:/users/xiaoy/appdata/local/arduino15/packages/arduino/tools/arm-none-eabi-gcc/4.8.3-2014q1/bin/../lib/gcc/arm-none-eabi/4.8.3/armv6-m/crtbegin.o
LOAD c:/users/xiaoy/appdata/local/arduino15/packages/arduino/tools/arm-none-eabi-gcc/4.8.3-2014q1/bin/../lib/gcc/arm-none-eabi/4.8.3/../../../../arm-none-eabi/lib/armv6-m/crt0.o
LOAD c:\Users\xiaoy\Documents\GitHub\iotHardware\build\sketch\Modbus_Reading.ino.cpp.o
LOAD c:\Users\xiaoy\Documents\GitHub\iotHardware\build\libraries\Catena-Arduino-Platform\Catena-Arduino-Platform.a
LOAD c:\Users\xiaoy\Documents\GitHub\iotHardware\build\libraries\Catena-mcciadk\lib\mcciadklib_buffertoulong.c.o
LOAD c:\Users\xiaoy\Documents\GitHub\iotHardware\build\libraries\Catena-mcciadk\lib\mcciadklib_formatdumpline.c.o
LOAD c:\Users\xiaoy\Documents\GitHub\iotHardware\build\libraries\Catena-mcciadk\lib\mcciadklib_multiszindex.c.o
LOAD c:\Users\xiaoy\Documents\GitHub\iotHardware\build\libraries\Catena-mcciadk\lib\mcciadklib_safecopystring.c.o
LOAD c:\Users\xiaoy\Documents\GitHub\iotHardware\build\libraries\Catena-mcciadk\lib\mcciadklib_snprintf.c.o
LOAD c:\Users\xiaoy\Documents\GitHub\iotHardware\build\libraries\Catena-mcciadk\lib\mcciadklib_stringcomparecaseinsensitive.c.o
LOAD c:\Users\xiaoy\Documents\GitHub\iotHardware\build\libraries\arduino-lorawan\arduino-lorawan.a
LOAD c:\Users\xiaoy\Documents\GitHub\iotHardware\build\libraries\SPI\SPI.cpp.o
LOAD c:\Users\xiaoy\Documents\GitHub\iotHardware\build\libraries\Adafruit_FRAM_I2C\Adafruit_FRAM_I2C.cpp.o
LOAD c:\Users\xiaoy\Documents\GitHub\iotHardware\build\libraries\Wire\Wire.cpp.o
LOAD c:\Users\xiaoy\Documents\GitHub\iotHardware\build\libraries\RTCZero\RTCZero.cpp.o
LOAD c:\Users\xiaoy\Documents\GitHub\iotHardware\build\libraries\arduino-lmic\aes\lmic.c.o
LOAD c:\Users\xiaoy\Documents\GitHub\iotHardware\build\libraries\arduino-lmic\aes\other.c.o
LOAD c:\Users\xiaoy\Documents\GitHub\iotHardware\build\libraries\arduino-lmic\aes\ideetron\AES-128_V10.cpp.o
LOAD c:\Users\xiaoy\Documents\GitHub\iotHardware\build\libraries\arduino-lmic\hal\hal.cpp.o
LOAD c:\Users\xiaoy\Documents\GitHub\iotHardware\build\libraries\arduino-lmic\lmic\lmic.c.o
LOAD c:\Users\xiaoy\Documents\GitHub\iotHardware\build\libraries\arduino-lmic\lmic\lmic_as923.c.o
LOAD c:\Users\xiaoy\Documents\GitHub\iotHardware\build\libraries\arduino-lmic\lmic\lmic_au921.c.o
LOAD c:\Users\xiaoy\Documents\GitHub\iotHardware\build\libraries\arduino-lmic\lmic\lmic_eu868.c.o
LOAD c:\Users\xiaoy\Documents\GitHub\iotHardware\build\libraries\arduino-lmic\lmic\lmic_eu_like.c.o
LOAD c:\Users\xiaoy\Documents\GitHub\iotHardware\build\libraries\arduino-lmic\lmic\lmic_in866.c.o
LOAD c:\Users\xiaoy\Documents\GitHub\iotHardware\build\libraries\arduino-lmic\lmic\lmic_us915.c.o
LOAD c:\Users\xiaoy\Documents\GitHub\iotHardware\build\libraries\arduino-lmic\lmic\lmic_us_like.c.o
LOAD c:\Users\xiaoy\Documents\GitHub\iotHardware\build\libraries\arduino-lmic\lmic\oslmic.c.o
LOAD c:\Users\xiaoy\Documents\GitHub\iotHardware\build\libraries\arduino-lmic\lmic\radio.c.o
LOAD c:\Users\xiaoy\Documents\GitHub\iotHardware\build\core\variant.cpp.o
START GROUP
LOAD C:\Users\xiaoy\AppData\Local\Arduino15\packages\arduino\tools\CMSIS\4.5.0/CMSIS/Lib/GCC/\libarm_cortexM0l_math.a
LOAD c:/users/xiaoy/appdata/local/arduino15/packages/arduino/tools/arm-none-eabi-gcc/4.8.3-2014q1/bin/../lib/gcc/arm-none-eabi/4.8.3/../../../../arm-none-eabi/lib/armv6-m\libm.a
LOAD c:\Users\xiaoy\Documents\GitHub\iotHardware\build/core\core.a
END GROUP
START GROUP
LOAD c:/users/xiaoy/appdata/local/arduino15/packages/arduino/tools/arm-none-eabi-gcc/4.8.3-2014q1/bin/../lib/gcc/arm-none-eabi/4.8.3/armv6-m\libgcc.a
LOAD c:/users/xiaoy/appdata/local/arduino15/packages/arduino/tools/arm-none-eabi-gcc/4.8.3-2014q1/bin/../lib/gcc/arm-none-eabi/4.8.3/../../../../arm-none-eabi/lib/armv6-m\libc_s.a
END GROUP
START GROUP
LOAD c:/users/xiaoy/appdata/local/arduino15/packages/arduino/tools/arm-none-eabi-gcc/4.8.3-2014q1/bin/../lib/gcc/arm-none-eabi/4.8.3/armv6-m\libgcc.a
LOAD c:/users/xiaoy/appdata/local/arduino15/packages/arduino/tools/arm-none-eabi-gcc/4.8.3-2014q1/bin/../lib/gcc/arm-none-eabi/4.8.3/../../../../arm-none-eabi/lib/armv6-m\libc_s.a
LOAD c:/users/xiaoy/appdata/local/arduino15/packages/arduino/tools/arm-none-eabi-gcc/4.8.3-2014q1/bin/../lib/gcc/arm-none-eabi/4.8.3/../../../../arm-none-eabi/lib/armv6-m\libnosys.a
END GROUP
START GROUP
LOAD c:/users/xiaoy/appdata/local/arduino15/packages/arduino/tools/arm-none-eabi-gcc/4.8.3-2014q1/bin/../lib/gcc/arm-none-eabi/4.8.3/armv6-m\libgcc.a
LOAD c:/users/xiaoy/appdata/local/arduino15/packages/arduino/tools/arm-none-eabi-gcc/4.8.3-2014q1/bin/../lib/gcc/arm-none-eabi/4.8.3/../../../../arm-none-eabi/lib/armv6-m\libc_s.a
LOAD c:/users/xiaoy/appdata/local/arduino15/packages/arduino/tools/arm-none-eabi-gcc/4.8.3-2014q1/bin/../lib/gcc/arm-none-eabi/4.8.3/../../../../arm-none-eabi/lib/armv6-m\libnosys.a
END GROUP
LOAD c:/users/xiaoy/appdata/local/arduino15/packages/arduino/tools/arm-none-eabi-gcc/4.8.3-2014q1/bin/../lib/gcc/arm-none-eabi/4.8.3/armv6-m/crtend.o
LOAD c:/users/xiaoy/appdata/local/arduino15/packages/arduino/tools/arm-none-eabi-gcc/4.8.3-2014q1/bin/../lib/gcc/arm-none-eabi/4.8.3/armv6-m/crtn.o

.text           0x00002000     0x69c8
                0x00002000                __text_start__ = .
 *(.sketch_boot)
                0x00002000                . = ALIGN (0x2000)
 *(.isr_vector)
 .isr_vector    0x00002000       0xb4 c:\Users\xiaoy\Documents\GitHub\iotHardware\build/core\core.a(cortex_handlers.c.o)
                0x00002000                exception_table
 *(.text*)
 .text          0x000020b4       0x60 c:/users/xiaoy/appdata/local/arduino15/packages/arduino/tools/arm-none-eabi-gcc/4.8.3-2014q1/bin/../lib/gcc/arm-none-eabi/4.8.3/armv6-m/crtbegin.o
 .text._ZN10McciCatena18cPollableInterfaceD2Ev
                0x00002114        0xc c:\Users\xiaoy\Documents\GitHub\iotHardware\build\sketch\Modbus_Reading.ino.cpp.o
                0x00002114                McciCatena::cPollableInterface::~cPollableInterface()
                0x00002114                McciCatena::cPollableInterface::~cPollableInterface()
 .text._ZN10McciCatena14cPollingEngineD2Ev
                0x00002120        0xc c:\Users\xiaoy\Documents\GitHub\iotHardware\build\sketch\Modbus_Reading.ino.cpp.o
                0x00002120                McciCatena::cPollingEngine::~cPollingEngine()
                0x00002120                McciCatena::cPollingEngine::~cPollingEngine()
 .text._ZN10McciCatena14cPollingEngine4pollEv
                0x0000212c       0x18 c:\Users\xiaoy\Documents\GitHub\iotHardware\build\sketch\Modbus_Reading.ino.cpp.o
                0x0000212c                McciCatena::cPollingEngine::poll()
 .text._ZN10McciCatena10CatenaBaseD2Ev
                0x00002144       0x18 c:\Users\xiaoy\Documents\GitHub\iotHardware\build\sketch\Modbus_Reading.ino.cpp.o
                0x00002144                McciCatena::CatenaBase::~CatenaBase()
                0x00002144                McciCatena::CatenaBase::~CatenaBase()
 .text._ZN10McciCatena10CatenaBase9GetSysEUIEv
                0x0000215c        0x4 c:\Users\xiaoy\Documents\GitHub\iotHardware\build\sketch\Modbus_Reading.ino.cpp.o
                0x0000215c                McciCatena::CatenaBase::GetSysEUI()
 .text._ZN10McciCatena12CatenaSamd21D2Ev
                0x00002160       0x14 c:\Users\xiaoy\Documents\GitHub\iotHardware\build\sketch\Modbus_Reading.ino.cpp.o
                0x00002160                McciCatena::CatenaSamd21::~CatenaSamd21()
                0x00002160                McciCatena::CatenaSamd21::~CatenaSamd21()
 .text._ZN10McciCatena15CatenaFeatherM0D2Ev
                0x00002174       0x14 c:\Users\xiaoy\Documents\GitHub\iotHardware\build\sketch\Modbus_Reading.ino.cpp.o
                0x00002174                McciCatena::CatenaFeatherM0::~CatenaFeatherM0()
                0x00002174                McciCatena::CatenaFeatherM0::~CatenaFeatherM0()
 .text._ZNK10McciCatena15CatenaFeatherM014GetLoRaWANkeysEv
                0x00002188        0x4 c:\Users\xiaoy\Documents\GitHub\iotHardware\build\sketch\Modbus_Reading.ino.cpp.o
                0x00002188                McciCatena::CatenaFeatherM0::GetLoRaWANkeys() const
 .text._ZNK10ModbusPort9drainReadEv
                0x0000218c       0x12 c:\Users\xiaoy\Documents\GitHub\iotHardware\build\sketch\Modbus_Reading.ino.cpp.o
                0x0000218c                ModbusPort::drainRead() const
 .text._ZNK10ModbusPort5flushEv
                0x0000219e        0xa c:\Users\xiaoy\Documents\GitHub\iotHardware\build\sketch\Modbus_Reading.ino.cpp.o
                0x0000219e                ModbusPort::flush() const
 .text._ZN10McciCatena16cCatenaModbusRtu18poll_multiple_regsEv
                0x000021a8        0x2 c:\Users\xiaoy\Documents\GitHub\iotHardware\build\sketch\Modbus_Reading.ino.cpp.o
                0x000021a8                McciCatena::cCatenaModbusRtu::poll_multiple_regs()
 *fill*         0x000021aa        0x2 
 .text._ZN10McciCatena16cCatenaModbusRtuD2Ev
                0x000021ac        0xc c:\Users\xiaoy\Documents\GitHub\iotHardware\build\sketch\Modbus_Reading.ino.cpp.o
                0x000021ac                McciCatena::cCatenaModbusRtu::~cCatenaModbusRtu()
                0x000021ac                McciCatena::cCatenaModbusRtu::~cCatenaModbusRtu()
 .text._ZN10McciCatena6CatenaD2Ev
                0x000021b8       0x14 c:\Users\xiaoy\Documents\GitHub\iotHardware\build\sketch\Modbus_Reading.ino.cpp.o
                0x000021b8                McciCatena::Catena::~Catena()
                0x000021b8                McciCatena::Catena::~Catena()
 .text._ZNK12ModbusSerialI4UartE5beginEm
                0x000021cc        0xc c:\Users\xiaoy\Documents\GitHub\iotHardware\build\sketch\Modbus_Reading.ino.cpp.o
                0x000021cc                ModbusSerial<Uart>::begin(unsigned long) const
 .text._ZNK12ModbusSerialI4UartE5beginEmt
                0x000021d8        0xc c:\Users\xiaoy\Documents\GitHub\iotHardware\build\sketch\Modbus_Reading.ino.cpp.o
                0x000021d8                ModbusSerial<Uart>::begin(unsigned long, unsigned short) const
 .text._ZNK12ModbusSerialI4UartE9availableEv
                0x000021e4        0xc c:\Users\xiaoy\Documents\GitHub\iotHardware\build\sketch\Modbus_Reading.ino.cpp.o
                0x000021e4                ModbusSerial<Uart>::available() const
 .text._ZNK12ModbusSerialI4UartE4readEv
                0x000021f0        0xc c:\Users\xiaoy\Documents\GitHub\iotHardware\build\sketch\Modbus_Reading.ino.cpp.o
                0x000021f0                ModbusSerial<Uart>::read() const
 .text._ZNK12ModbusSerialI4UartE5writeEPKhj
                0x000021fc        0xc c:\Users\xiaoy\Documents\GitHub\iotHardware\build\sketch\Modbus_Reading.ino.cpp.o
                0x000021fc                ModbusSerial<Uart>::write(unsigned char const*, unsigned int) const
 .text._ZNK12ModbusSerialI4UartE10drainWriteEv
                0x00002208        0xc c:\Users\xiaoy\Documents\GitHub\iotHardware\build\sketch\Modbus_Reading.ino.cpp.o
                0x00002208                ModbusSerial<Uart>::drainWrite() const
 .text._ZN10McciCatena18cPollableInterfaceD0Ev
                0x00002214       0x14 c:\Users\xiaoy\Documents\GitHub\iotHardware\build\sketch\Modbus_Reading.ino.cpp.o
                0x00002214                McciCatena::cPollableInterface::~cPollableInterface()
 .text._ZN10McciCatena14cPollingEngineD0Ev
                0x00002228       0x14 c:\Users\xiaoy\Documents\GitHub\iotHardware\build\sketch\Modbus_Reading.ino.cpp.o
                0x00002228                McciCatena::cPollingEngine::~cPollingEngine()
 .text._ZN10McciCatena10CatenaBaseD0Ev
                0x0000223c       0x12 c:\Users\xiaoy\Documents\GitHub\iotHardware\build\sketch\Modbus_Reading.ino.cpp.o
                0x0000223c                McciCatena::CatenaBase::~CatenaBase()
 .text._ZN10McciCatena12CatenaSamd21D0Ev
                0x0000224e       0x12 c:\Users\xiaoy\Documents\GitHub\iotHardware\build\sketch\Modbus_Reading.ino.cpp.o
                0x0000224e                McciCatena::CatenaSamd21::~CatenaSamd21()
 .text._ZN10McciCatena15CatenaFeatherM0D0Ev
                0x00002260       0x12 c:\Users\xiaoy\Documents\GitHub\iotHardware\build\sketch\Modbus_Reading.ino.cpp.o
                0x00002260                McciCatena::CatenaFeatherM0::~CatenaFeatherM0()
 *fill*         0x00002272        0x2 
 .text._ZN10McciCatena16cCatenaModbusRtuD0Ev
                0x00002274       0x14 c:\Users\xiaoy\Documents\GitHub\iotHardware\build\sketch\Modbus_Reading.ino.cpp.o
                0x00002274                McciCatena::cCatenaModbusRtu::~cCatenaModbusRtu()
 .text._ZN10McciCatena6CatenaD0Ev
                0x00002288       0x12 c:\Users\xiaoy\Documents\GitHub\iotHardware\build\sketch\Modbus_Reading.ino.cpp.o
                0x00002288                McciCatena::Catena::~Catena()
 .text._ZN6Modbus5beginEP10ModbusPortmt
                0x0000229a       0x4a c:\Users\xiaoy\Documents\GitHub\iotHardware\build\sketch\Modbus_Reading.ino.cpp.o
                0x0000229a                Modbus::begin(ModbusPort*, unsigned long, unsigned short)
 .text._ZN6Modbus5beginEP10ModbusPortm
                0x000022e4       0x10 c:\Users\xiaoy\Documents\GitHub\iotHardware\build\sketch\Modbus_Reading.ino.cpp.o
                0x000022e4                Modbus::begin(ModbusPort*, unsigned long)
 .text._ZN6Modbus15getTimeOutStateEv
                0x000022f4       0x14 c:\Users\xiaoy\Documents\GitHub\iotHardware\build\sketch\Modbus_Reading.ino.cpp.o
                0x000022f4                Modbus::getTimeOutState()
 .text._ZN6Modbus11getRxBufferER8ERR_LIST
                0x00002308       0x5e c:\Users\xiaoy\Documents\GitHub\iotHardware\build\sketch\Modbus_Reading.ino.cpp.o
                0x00002308                Modbus::getRxBuffer(ERR_LIST&)
 *fill*         0x00002366        0x2 
 .text._ZN6Modbus7calcCRCEh
                0x00002368       0x40 c:\Users\xiaoy\Documents\GitHub\iotHardware\build\sketch\Modbus_Reading.ino.cpp.o
                0x00002368                Modbus::calcCRC(unsigned char)
 .text._ZN6Modbus12sendTxBufferEv
                0x000023a8       0x8a c:\Users\xiaoy\Documents\GitHub\iotHardware\build\sketch\Modbus_Reading.ino.cpp.o
                0x000023a8                Modbus::sendTxBuffer()
 .text._ZN6Modbus5queryE8modbus_t
                0x00002432       0xf2 c:\Users\xiaoy\Documents\GitHub\iotHardware\build\sketch\Modbus_Reading.ino.cpp.o
                0x00002432                Modbus::query(modbus_t)
 .text._ZN6Modbus14validateAnswerEv
                0x00002524       0x80 c:\Users\xiaoy\Documents\GitHub\iotHardware\build\sketch\Modbus_Reading.ino.cpp.o
                0x00002524                Modbus::validateAnswer()
 .text._ZN6Modbus7get_FC3Ev
                0x000025a4       0x2c c:\Users\xiaoy\Documents\GitHub\iotHardware\build\sketch\Modbus_Reading.ino.cpp.o
                0x000025a4                Modbus::get_FC3()
 .text._ZN6Modbus4pollEv
                0x000025d0       0xb0 c:\Users\xiaoy\Documents\GitHub\iotHardware\build\sketch\Modbus_Reading.ino.cpp.o
                0x000025d0                Modbus::poll()
 .text._ZN10McciCatena16cCatenaModbusRtu4pollEv
                0x00002680       0x10 c:\Users\xiaoy\Documents\GitHub\iotHardware\build\sketch\Modbus_Reading.ino.cpp.o
                0x00002680                McciCatena::cCatenaModbusRtu::poll()
 .text.setup    0x00002690       0xb0 c:\Users\xiaoy\Documents\GitHub\iotHardware\build\sketch\Modbus_Reading.ino.cpp.o
                0x00002690                setup
 .text.loop     0x00002740      0x178 c:\Users\xiaoy\Documents\GitHub\iotHardware\build\sketch\Modbus_Reading.ino.cpp.o
                0x00002740                loop
 .text.startup._GLOBAL__sub_I__ZN6ModbusC2Ev
                0x000028b8       0x88 c:\Users\xiaoy\Documents\GitHub\iotHardware\build\sketch\Modbus_Reading.ino.cpp.o
 .text._ZN10McciCatena10CatenaBase5beginEv
                0x00002940       0x10 c:\Users\xiaoy\Documents\GitHub\iotHardware\build\libraries\Catena-Arduino-Platform\Catena-Arduino-Platform.a(CatenaBase.cpp.o)
                0x00002940                McciCatena::CatenaBase::begin()
 .text._ZN10McciCatena10CatenaBase16registerCommandsEv
                0x00002950        0x2 c:\Users\xiaoy\Documents\GitHub\iotHardware\build\libraries\Catena-Arduino-Platform\Catena-Arduino-Platform.a(CatenaBase.cpp.o)
                0x00002950                McciCatena::CatenaBase::registerCommands()
 *fill*         0x00002952        0x2 
 .text._ZN10McciCatena10CatenaBaseC2Ev
                0x00002954       0x5c c:\Users\xiaoy\Documents\GitHub\iotHardware\build\libraries\Catena-Arduino-Platform\Catena-Arduino-Platform.a(CatenaBase.cpp.o)
                0x00002954                McciCatena::CatenaBase::CatenaBase()
                0x00002954                McciCatena::CatenaBase::CatenaBase()
 .text._ZN10McciCatena10CatenaBase14registerObjectEPNS_15cPollableObjectE
                0x000029b0       0x1a c:\Users\xiaoy\Documents\GitHub\iotHardware\build\libraries\Catena-Arduino-Platform\Catena-Arduino-Platform.a(CatenaBase.cpp.o)
                0x000029b0                McciCatena::CatenaBase::registerObject(McciCatena::cPollableObject*)
 .text._ZN10McciCatena10CatenaBase4pollEv
                0x000029ca        0xa c:\Users\xiaoy\Documents\GitHub\iotHardware\build\libraries\Catena-Arduino-Platform\Catena-Arduino-Platform.a(CatenaBase.cpp.o)
                0x000029ca                McciCatena::CatenaBase::poll()
 .text._ZN10McciCatena10CatenaBase11addCommandsERNS_14cCommandStream9cDispatchEPv
                0x000029d4        0xa c:\Users\xiaoy\Documents\GitHub\iotHardware\build\libraries\Catena-Arduino-Platform\Catena-Arduino-Platform.a(CatenaBase.cpp.o)
                0x000029d4                McciCatena::CatenaBase::addCommands(McciCatena::cCommandStream::cDispatch&, void*)
 *fill*         0x000029de        0x2 
 .text._ZN10McciCatena14cCommandStreamD2Ev
                0x000029e0        0xc c:\Users\xiaoy\Documents\GitHub\iotHardware\build\libraries\Catena-Arduino-Platform\Catena-Arduino-Platform.a(Catena_CommandStream.cpp.o)
                0x000029e0                McciCatena::cCommandStream::~cCommandStream()
                0x000029e0                McciCatena::cCommandStream::~cCommandStream()
 .text._ZN10McciCatena14cCommandStream14readCompleteCbEPvNS_20cStreamLineCollector9ErrorCodeEPhj
                0x000029ec       0x1e c:\Users\xiaoy\Documents\GitHub\iotHardware\build\libraries\Catena-Arduino-Platform\Catena-Arduino-Platform.a(Catena_CommandStream.cpp.o)
                0x000029ec                McciCatena::cCommandStream::readCompleteCb(void*, McciCatena::cStreamLineCollector::ErrorCode, unsigned char*, unsigned int)
 .text._ZN10McciCatena14cCommandStream9cDispatchD2Ev
                0x00002a0a        0x2 c:\Users\xiaoy\Documents\GitHub\iotHardware\build\libraries\Catena-Arduino-Platform\Catena-Arduino-Platform.a(Catena_CommandStream.cpp.o)
                0x00002a0a                McciCatena::cCommandStream::cDispatch::~cDispatch()
                0x00002a0a                McciCatena::cCommandStream::cDispatch::~cDispatch()
 .text._ZN10McciCatena14cCommandStreamD0Ev
                0x00002a0c       0x14 c:\Users\xiaoy\Documents\GitHub\iotHardware\build\libraries\Catena-Arduino-Platform\Catena-Arduino-Platform.a(Catena_CommandStream.cpp.o)
                0x00002a0c                McciCatena::cCommandStream::~cCommandStream()
 .text._ZN10McciCatena14cCommandStream16registerCommandsEPNS0_9cDispatchEPv
                0x00002a20       0x1e c:\Users\xiaoy\Documents\GitHub\iotHardware\build\libraries\Catena-Arduino-Platform\Catena-Arduino-Platform.a(Catena_CommandStream.cpp.o)
                0x00002a20                McciCatena::cCommandStream::registerCommands(McciCatena::cCommandStream::cDispatch*, void*)
 .text._ZNK10McciCatena14cCommandStream9cDispatch6searchEPKc
                0x00002a3e       0x28 c:\Users\xiaoy\Documents\GitHub\iotHardware\build\libraries\Catena-Arduino-Platform\Catena-Arduino-Platform.a(Catena_CommandStream.cpp.o)
                0x00002a3e                McciCatena::cCommandStream::cDispatch::search(char const*) const
 *fill*         0x00002a66        0x2 
 .text._ZN10McciCatena14cCommandStream10launchReadEv
                0x00002a68       0x28 c:\Users\xiaoy\Documents\GitHub\iotHardware\build\libraries\Catena-Arduino-Platform\Catena-Arduino-Platform.a(Catena_CommandStream.cpp.o)
                0x00002a68                McciCatena::cCommandStream::launchRead()
 .text._ZN10McciCatena14cCommandStream6printfEPKcz
                0x00002a90       0x1c c:\Users\xiaoy\Documents\GitHub\iotHardware\build\libraries\Catena-Arduino-Platform\Catena-Arduino-Platform.a(Catena_CommandStream.cpp.o)
                0x00002a90                McciCatena::cCommandStream::printf(char const*, ...)
 .text._ZN10McciCatena14cCommandStream12dispatchHelpEiPPc
                0x00002aac       0x50 c:\Users\xiaoy\Documents\GitHub\iotHardware\build\libraries\Catena-Arduino-Platform\Catena-Arduino-Platform.a(Catena_CommandStream.cpp.o)
                0x00002aac                McciCatena::cCommandStream::dispatchHelp(int, char**)
 .text._ZN10McciCatena14cCommandStream8dispatchEiPPc
                0x00002afc       0x90 c:\Users\xiaoy\Documents\GitHub\iotHardware\build\libraries\Catena-Arduino-Platform\Catena-Arduino-Platform.a(Catena_CommandStream.cpp.o)
                0x00002afc                McciCatena::cCommandStream::dispatch(int, char**)
 .text._ZN10McciCatena14cCommandStream16parseAndDispatchEv
                0x00002b8c       0x6a c:\Users\xiaoy\Documents\GitHub\iotHardware\build\libraries\Catena-Arduino-Platform\Catena-Arduino-Platform.a(Catena_CommandStream.cpp.o)
                0x00002b8c                McciCatena::cCommandStream::parseAndDispatch()
 *fill*         0x00002bf6        0x2 
 .text._ZN10McciCatena14cCommandStream4pollEv
                0x00002bf8       0x60 c:\Users\xiaoy\Documents\GitHub\iotHardware\build\libraries\Catena-Arduino-Platform\Catena-Arduino-Platform.a(Catena_CommandStream.cpp.o)
                0x00002bf8                McciCatena::cCommandStream::poll()
 .text._ZL6doEchoPN10McciCatena14cCommandStreamEPviPPc
                0x00002c58       0x34 c:\Users\xiaoy\Documents\GitHub\iotHardware\build\libraries\Catena-Arduino-Platform\Catena-Arduino-Platform.a(Catena_CommandStream.cpp.o)
 .text.startup._GLOBAL__sub_I__ZN10McciCatena14cCommandStream5beginEPNS_20cStreamLineCollectorEPNS_10CatenaBaseE
                0x00002c8c       0x30 c:\Users\xiaoy\Documents\GitHub\iotHardware\build\libraries\Catena-Arduino-Platform\Catena-Arduino-Platform.a(Catena_CommandStream.cpp.o)
 .text._ZN10McciCatena4cLog6printfENS0_10DebugFlagsEPKcz
                0x00002cbc       0x58 c:\Users\xiaoy\Documents\GitHub\iotHardware\build\libraries\Catena-Arduino-Platform\Catena-Arduino-Platform.a(Catena_Log.cpp.o)
                0x00002cbc                McciCatena::cLog::printf(McciCatena::cLog::DebugFlags, char const*, ...)
 .text.startup._GLOBAL__sub_I__ZN10McciCatena4gLogE
                0x00002d14        0xc c:\Users\xiaoy\Documents\GitHub\iotHardware\build\libraries\Catena-Arduino-Platform\Catena-Arduino-Platform.a(Catena_Log.cpp.o)
 .text._ZN10McciCatena20cStreamLineCollectorD2Ev
                0x00002d20        0xc c:\Users\xiaoy\Documents\GitHub\iotHardware\build\libraries\Catena-Arduino-Platform\Catena-Arduino-Platform.a(Catena_StreamLineCollector.cpp.o)
                0x00002d20                McciCatena::cStreamLineCollector::~cStreamLineCollector()
                0x00002d20                McciCatena::cStreamLineCollector::~cStreamLineCollector()
 .text._ZN10McciCatena20cStreamLineCollectorD0Ev
                0x00002d2c       0x14 c:\Users\xiaoy\Documents\GitHub\iotHardware\build\libraries\Catena-Arduino-Platform\Catena-Arduino-Platform.a(Catena_StreamLineCollector.cpp.o)
                0x00002d2c                McciCatena::cStreamLineCollector::~cStreamLineCollector()
 .text._ZN10McciCatena20cStreamLineCollector9readAsyncEPFvPvNS0_9ErrorCodeEPhjES1_S3_j
                0x00002d40       0x2c c:\Users\xiaoy\Documents\GitHub\iotHardware\build\libraries\Catena-Arduino-Platform\Catena-Arduino-Platform.a(Catena_StreamLineCollector.cpp.o)
                0x00002d40                McciCatena::cStreamLineCollector::readAsync(void (*)(void*, McciCatena::cStreamLineCollector::ErrorCode, unsigned char*, unsigned int), void*, unsigned char*, unsigned int)
 .text._ZN10McciCatena20cStreamLineCollector12readCompleteENS0_9ErrorCodeE
                0x00002d6c       0x1a c:\Users\xiaoy\Documents\GitHub\iotHardware\build\libraries\Catena-Arduino-Platform\Catena-Arduino-Platform.a(Catena_StreamLineCollector.cpp.o)
                0x00002d6c                McciCatena::cStreamLineCollector::readComplete(McciCatena::cStreamLineCollector::ErrorCode)
 .text._ZN10McciCatena20cStreamLineCollector4pollEv
                0x00002d86       0xc2 c:\Users\xiaoy\Documents\GitHub\iotHardware\build\libraries\Catena-Arduino-Platform\Catena-Arduino-Platform.a(Catena_StreamLineCollector.cpp.o)
                0x00002d86                McciCatena::cStreamLineCollector::poll()
 .text._ZN10McciCatena20cStreamLineCollector7vprintfEPKcSt9__va_list
                0x00002e48       0x3a c:\Users\xiaoy\Documents\GitHub\iotHardware\build\libraries\Catena-Arduino-Platform\Catena-Arduino-Platform.a(Catena_StreamLineCollector.cpp.o)
                0x00002e48                McciCatena::cStreamLineCollector::vprintf(char const*, std::__va_list)
 *fill*         0x00002e82        0x2 
 .text._ZNK10McciCatena12CatenaSamd2112cSerialReady7isReadyEv
                0x00002e84       0x10 c:\Users\xiaoy\Documents\GitHub\iotHardware\build\libraries\Catena-Arduino-Platform\Catena-Arduino-Platform.a(CatenaSamd21.cpp.o)
                0x00002e84                McciCatena::CatenaSamd21::cSerialReady::isReady() const
 .text._ZN10McciCatena12CatenaSamd215beginEmm
                0x00002e94       0xa0 c:\Users\xiaoy\Documents\GitHub\iotHardware\build\libraries\Catena-Arduino-Platform\Catena-Arduino-Platform.a(CatenaSamd21_begin.cpp.o)
                0x00002e94                McciCatena::CatenaSamd21::begin(unsigned long, unsigned long)
 .text._ZN10McciCatena12CatenaSamd215beginEv
                0x00002f34       0x24 c:\Users\xiaoy\Documents\GitHub\iotHardware\build\libraries\Catena-Arduino-Platform\Catena-Arduino-Platform.a(CatenaSamd21_begin.cpp.o)
                0x00002f34                McciCatena::CatenaSamd21::begin()
 .text._ZL7doCpuidPN10McciCatena14cCommandStreamEPviPPc
                0x00002f58       0x24 c:\Users\xiaoy\Documents\GitHub\iotHardware\build\libraries\Catena-Arduino-Platform\Catena-Arduino-Platform.a(CatenaSamd21_registerCommands.cpp.o)
 .text._ZN10McciCatena12CatenaSamd2116registerCommandsEv
                0x00002f7c       0x18 c:\Users\xiaoy\Documents\GitHub\iotHardware\build\libraries\Catena-Arduino-Platform\Catena-Arduino-Platform.a(CatenaSamd21_registerCommands.cpp.o)
                0x00002f7c                McciCatena::CatenaSamd21::registerCommands()
 .text.startup._GLOBAL__sub_I__ZN10McciCatena12CatenaSamd2116registerCommandsEv
                0x00002f94       0x30 c:\Users\xiaoy\Documents\GitHub\iotHardware\build\libraries\Catena-Arduino-Platform\Catena-Arduino-Platform.a(CatenaSamd21_registerCommands.cpp.o)
 .text._ZN10McciCatena12CatenaSamd2116GetPlatformForIDEPKNS0_17UniqueID_buffer_tEPNS_10CatenaBase14EUI64_buffer_tEPm
                0x00002fc4       0x84 c:\Users\xiaoy\Documents\GitHub\iotHardware\build\libraries\Catena-Arduino-Platform\Catena-Arduino-Platform.a(catenasamd21_getplatformforid.cpp.o)
                0x00002fc4                McciCatena::CatenaSamd21::GetPlatformForID(McciCatena::CatenaSamd21::UniqueID_buffer_t const*, McciCatena::CatenaBase::EUI64_buffer_t*, unsigned long*)
 .text._ZN10McciCatena12CatenaSamd2111GetUniqueIDEPNS0_17UniqueID_buffer_tE
                0x00003048       0x30 c:\Users\xiaoy\Documents\GitHub\iotHardware\build\libraries\Catena-Arduino-Platform\Catena-Arduino-Platform.a(catenasamd21_getuniqueid.cpp.o)
                0x00003048                McciCatena::CatenaSamd21::GetUniqueID(McciCatena::CatenaSamd21::UniqueID_buffer_t*)
 .text._ZN10McciCatena12CatenaSamd2117GetUniqueIDstringEPNS0_17UniqueID_string_tE
                0x00003078       0x50 c:\Users\xiaoy\Documents\GitHub\iotHardware\build\libraries\Catena-Arduino-Platform\Catena-Arduino-Platform.a(catenasamd21_getuniqueidstring.cpp.o)
                0x00003078                McciCatena::CatenaSamd21::GetUniqueIDstring(McciCatena::CatenaSamd21::UniqueID_string_t*)
 .text._ZN10McciCatena15CatenaFeatherM019GetProvisioningInfoEv
                0x000030c8       0x44 c:\Users\xiaoy\Documents\GitHub\iotHardware\build\libraries\Catena-Arduino-Platform\Catena-Arduino-Platform.a(catena4410_getprovisioninginfo.cpp.o)
                0x000030c8                McciCatena::CatenaFeatherM0::GetProvisioningInfo()
 .text.McciAdkLib_StringCompareCaseInsensitive
                0x0000310c       0x50 c:\Users\xiaoy\Documents\GitHub\iotHardware\build\libraries\Catena-mcciadk\lib\mcciadklib_stringcomparecaseinsensitive.c.o
                0x0000310c                McciAdkLib_StringCompareCaseInsensitive
 .text.startup._GLOBAL__sub_I__ZN8SPIClassC2EP6SERCOMhhh14SercomSpiTXPad11SercomRXPad
                0x0000315c       0x38 c:\Users\xiaoy\Documents\GitHub\iotHardware\build\libraries\SPI\SPI.cpp.o
 .text._ZN7TwoWire5writeEPKhj
                0x00003194       0x24 c:\Users\xiaoy\Documents\GitHub\iotHardware\build\libraries\Wire\Wire.cpp.o
                0x00003194                TwoWire::write(unsigned char const*, unsigned int)
 .text._ZN7TwoWire5flushEv
                0x000031b8        0x2 c:\Users\xiaoy\Documents\GitHub\iotHardware\build\libraries\Wire\Wire.cpp.o
                0x000031b8                TwoWire::flush()
 .text._ZN7TwoWire4readEv
                0x000031ba        0xa c:\Users\xiaoy\Documents\GitHub\iotHardware\build\libraries\Wire\Wire.cpp.o
                0x000031ba                TwoWire::read()
 .text._ZN7TwoWire9availableEv
                0x000031c4        0xa c:\Users\xiaoy\Documents\GitHub\iotHardware\build\libraries\Wire\Wire.cpp.o
                0x000031c4                TwoWire::available()
 .text._ZN7TwoWire5writeEh
                0x000031ce       0x28 c:\Users\xiaoy\Documents\GitHub\iotHardware\build\libraries\Wire\Wire.cpp.o
                0x000031ce                TwoWire::write(unsigned char)
 .text._ZN7TwoWire4peekEv
                0x000031f6        0xa c:\Users\xiaoy\Documents\GitHub\iotHardware\build\libraries\Wire\Wire.cpp.o
                0x000031f6                TwoWire::peek()
 .text._ZN7TwoWireC2EP6SERCOMhh
                0x00003200       0x3c c:\Users\xiaoy\Documents\GitHub\iotHardware\build\libraries\Wire\Wire.cpp.o
                0x00003200                TwoWire::TwoWire(SERCOM*, unsigned char, unsigned char)
                0x00003200                TwoWire::TwoWire(SERCOM*, unsigned char, unsigned char)
 .text._ZN7TwoWire9onServiceEv
                0x0000323c      0x104 c:\Users\xiaoy\Documents\GitHub\iotHardware\build\libraries\Wire\Wire.cpp.o
                0x0000323c                TwoWire::onService()
 .text.SERCOM3_Handler
                0x00003340       0x10 c:\Users\xiaoy\Documents\GitHub\iotHardware\build\libraries\Wire\Wire.cpp.o
                0x00003340                SERCOM3_Handler
 .text.startup._GLOBAL__sub_I__ZN7TwoWireC2EP6SERCOMhh
                0x00003350       0x18 c:\Users\xiaoy\Documents\GitHub\iotHardware\build\libraries\Wire\Wire.cpp.o
 .text.RTC_Handler
                0x00003368       0x1c c:\Users\xiaoy\Documents\GitHub\iotHardware\build\libraries\RTCZero\RTCZero.cpp.o
                0x00003368                RTC_Handler
 .text.SERCOM0_Handler
                0x00003384       0x10 c:\Users\xiaoy\Documents\GitHub\iotHardware\build\core\variant.cpp.o
                0x00003384                SERCOM0_Handler
 .text.SERCOM5_Handler
                0x00003394       0x10 c:\Users\xiaoy\Documents\GitHub\iotHardware\build\core\variant.cpp.o
                0x00003394                SERCOM5_Handler
 .text.startup._GLOBAL__sub_I_g_APinDescription
                0x000033a4       0x94 c:\Users\xiaoy\Documents\GitHub\iotHardware\build\core\variant.cpp.o
 .text.Dummy_Handler
                0x00003438        0x2 c:\Users\xiaoy\Documents\GitHub\iotHardware\build/core\core.a(cortex_handlers.c.o)
                0x00003438                DMAC_Handler
                0x00003438                HardFault_Handler
                0x00003438                AC_Handler
                0x00003438                PendSV_Handler
                0x00003438                NMI_Handler
                0x00003438                TC7_Handler
                0x00003438                SERCOM1_Handler
                0x00003438                ADC_Handler
                0x00003438                TCC1_Handler
                0x00003438                SERCOM2_Handler
                0x00003438                TCC0_Handler
                0x00003438                EIC_Handler
                0x00003438                TC6_Handler
                0x00003438                WDT_Handler
                0x00003438                TC4_Handler
                0x00003438                TC3_Handler
                0x00003438                Dummy_Handler
                0x00003438                PM_Handler
                0x00003438                SVC_Handler
                0x00003438                TCC2_Handler
                0x00003438                EVSYS_Handler
                0x00003438                SERCOM4_Handler
                0x00003438                I2S_Handler
                0x00003438                NVMCTRL_Handler
                0x00003438                DAC_Handler
                0x00003438                PTC_Handler
                0x00003438                SYSCTRL_Handler
 *fill*         0x0000343a        0x2 
 .text.USB_Handler
                0x0000343c       0x14 c:\Users\xiaoy\Documents\GitHub\iotHardware\build/core\core.a(cortex_handlers.c.o)
                0x0000343c                USB_Handler
 .text.Reset_Handler
                0x00003450       0x54 c:\Users\xiaoy\Documents\GitHub\iotHardware\build/core\core.a(cortex_handlers.c.o)
                0x00003450                Reset_Handler
 .text.SysTick_Handler
                0x000034a4       0x10 c:\Users\xiaoy\Documents\GitHub\iotHardware\build/core\core.a(cortex_handlers.c.o)
                0x000034a4                SysTick_Handler
 .text.USB_SetHandler
                0x000034b4        0xc c:\Users\xiaoy\Documents\GitHub\iotHardware\build/core\core.a(cortex_handlers.c.o)
                0x000034b4                USB_SetHandler
 .text.millis   0x000034c0        0xc c:\Users\xiaoy\Documents\GitHub\iotHardware\build/core\core.a(delay.c.o)
                0x000034c0                millis
 .text.delay    0x000034cc       0x20 c:\Users\xiaoy\Documents\GitHub\iotHardware\build/core\core.a(delay.c.o)
                0x000034cc                delay
 .text.SysTick_DefaultHandler
                0x000034ec       0x14 c:\Users\xiaoy\Documents\GitHub\iotHardware\build/core\core.a(delay.c.o)
                0x000034ec                SysTick_DefaultHandler
 .text.__empty  0x00003500        0x2 c:\Users\xiaoy\Documents\GitHub\iotHardware\build/core\core.a(hooks.c.o)
                0x00003500                yield
 .text.__false  0x00003502        0x4 c:\Users\xiaoy\Documents\GitHub\iotHardware\build/core\core.a(hooks.c.o)
                0x00003502                sysTickHook
 *fill*         0x00003506        0x2 
 .text.SystemInit
                0x00003508      0x168 c:\Users\xiaoy\Documents\GitHub\iotHardware\build/core\core.a(startup.c.o)
                0x00003508                SystemInit
 .text.init     0x00003670       0xf0 c:\Users\xiaoy\Documents\GitHub\iotHardware\build/core\core.a(wiring.c.o)
                0x00003670                init
 .text.analogReference
                0x00003760       0x5c c:\Users\xiaoy\Documents\GitHub\iotHardware\build/core\core.a(wiring_analog.c.o)
                0x00003760                analogReference
 .text.pinMode  0x000037bc       0xb4 c:\Users\xiaoy\Documents\GitHub\iotHardware\build/core\core.a(wiring_digital.c.o)
                0x000037bc                pinMode
 .text.digitalWrite
                0x00003870       0x60 c:\Users\xiaoy\Documents\GitHub\iotHardware\build/core\core.a(wiring_digital.c.o)
                0x00003870                digitalWrite
 .text.pinPeripheral
                0x000038d0       0xc4 c:\Users\xiaoy\Documents\GitHub\iotHardware\build/core\core.a(wiring_private.c.o)
                0x000038d0                pinPeripheral
 .text._ZN5Print5writeEPKhj
                0x00003994       0x28 c:\Users\xiaoy\Documents\GitHub\iotHardware\build/core\core.a(Print.cpp.o)
                0x00003994                Print::write(unsigned char const*, unsigned int)
 .text._ZN5Print5writeEPKc
                0x000039bc       0x1c c:\Users\xiaoy\Documents\GitHub\iotHardware\build/core\core.a(Print.cpp.o)
                0x000039bc                Print::write(char const*)
 .text._ZN5Print5printEPKc
                0x000039d8        0x8 c:\Users\xiaoy\Documents\GitHub\iotHardware\build/core\core.a(Print.cpp.o)
                0x000039d8                Print::print(char const*)
 .text._ZN5Print5printEc
                0x000039e0        0xa c:\Users\xiaoy\Documents\GitHub\iotHardware\build/core\core.a(Print.cpp.o)
                0x000039e0                Print::print(char)
 *fill*         0x000039ea        0x2 
 .text._ZN5Print7printlnEv
                0x000039ec       0x10 c:\Users\xiaoy\Documents\GitHub\iotHardware\build/core\core.a(Print.cpp.o)
                0x000039ec                Print::println()
 .text._ZN5Print7printlnEPKc
                0x000039fc       0x14 c:\Users\xiaoy\Documents\GitHub\iotHardware\build/core\core.a(Print.cpp.o)
                0x000039fc                Print::println(char const*)
 .text._ZN5Print11printNumberEmh
                0x00003a10       0x4e c:\Users\xiaoy\Documents\GitHub\iotHardware\build/core\core.a(Print.cpp.o)
                0x00003a10                Print::printNumber(unsigned long, unsigned char)
 .text._ZN5Print5printEli
                0x00003a5e       0x3c c:\Users\xiaoy\Documents\GitHub\iotHardware\build/core\core.a(Print.cpp.o)
                0x00003a5e                Print::print(long, int)
 .text._ZN5Print5printEii
                0x00003a9a        0x8 c:\Users\xiaoy\Documents\GitHub\iotHardware\build/core\core.a(Print.cpp.o)
                0x00003a9a                Print::print(int, int)
 *fill*         0x00003aa2        0x6 
 .text._ZN5Print10printFloatEdh
                0x00003aa8      0x170 c:\Users\xiaoy\Documents\GitHub\iotHardware\build/core\core.a(Print.cpp.o)
                0x00003aa8                Print::printFloat(double, unsigned char)
 .text._ZN5Print5printEdi
                0x00003c18        0xe c:\Users\xiaoy\Documents\GitHub\iotHardware\build/core\core.a(Print.cpp.o)
                0x00003c18                Print::print(double, int)
 *fill*         0x00003c26        0x2 
 .text.initiateReset
                0x00003c28        0xc c:\Users\xiaoy\Documents\GitHub\iotHardware\build/core\core.a(Reset.cpp.o)
                0x00003c28                initiateReset
 .text.cancelReset
                0x00003c34       0x10 c:\Users\xiaoy\Documents\GitHub\iotHardware\build/core\core.a(Reset.cpp.o)
                0x00003c34                cancelReset
 .text.tickReset
                0x00003c44       0x74 c:\Users\xiaoy\Documents\GitHub\iotHardware\build/core\core.a(Reset.cpp.o)
                0x00003c44                tickReset
 .text._ZN10RingBufferC2Ev
                0x00003cb8       0x1a c:\Users\xiaoy\Documents\GitHub\iotHardware\build/core\core.a(RingBuffer.cpp.o)
                0x00003cb8                RingBuffer::RingBuffer()
                0x00003cb8                RingBuffer::RingBuffer()
 .text._ZN10RingBuffer10store_charEh
                0x00003cd2       0x24 c:\Users\xiaoy\Documents\GitHub\iotHardware\build/core\core.a(RingBuffer.cpp.o)
                0x00003cd2                RingBuffer::store_char(unsigned char)
 .text._ZN10RingBuffer5clearEv
                0x00003cf6        0xe c:\Users\xiaoy\Documents\GitHub\iotHardware\build/core\core.a(RingBuffer.cpp.o)
                0x00003cf6                RingBuffer::clear()
 .text._ZN10RingBuffer9read_charEv
                0x00003d04       0x28 c:\Users\xiaoy\Documents\GitHub\iotHardware\build/core\core.a(RingBuffer.cpp.o)
                0x00003d04                RingBuffer::read_char()
 .text._ZN10RingBuffer9availableEv
                0x00003d2c       0x12 c:\Users\xiaoy\Documents\GitHub\iotHardware\build/core\core.a(RingBuffer.cpp.o)
                0x00003d2c                RingBuffer::available()
 .text._ZN10RingBuffer4peekEv
                0x00003d3e       0x1a c:\Users\xiaoy\Documents\GitHub\iotHardware\build/core\core.a(RingBuffer.cpp.o)
                0x00003d3e                RingBuffer::peek()
 .text._ZN10RingBuffer6isFullEv
                0x00003d58       0x20 c:\Users\xiaoy\Documents\GitHub\iotHardware\build/core\core.a(RingBuffer.cpp.o)
                0x00003d58                RingBuffer::isFull()
 .text._ZN6SERCOMC2EP6Sercom
                0x00003d78        0x4 c:\Users\xiaoy\Documents\GitHub\iotHardware\build/core\core.a(SERCOM.cpp.o)
                0x00003d78                SERCOM::SERCOM(Sercom*)
                0x00003d78                SERCOM::SERCOM(Sercom*)
 .text._ZN6SERCOM9initFrameE18SercomUartCharSize15SercomDataOrder16SercomParityMode19SercomNumberStopBit
                0x00003d7c       0x38 c:\Users\xiaoy\Documents\GitHub\iotHardware\build/core\core.a(SERCOM.cpp.o)
                0x00003d7c                SERCOM::initFrame(SercomUartCharSize, SercomDataOrder, SercomParityMode, SercomNumberStopBit)
 .text._ZN6SERCOM8initPadsE15SercomUartTXPad11SercomRXPad
                0x00003db4       0x26 c:\Users\xiaoy\Documents\GitHub\iotHardware\build/core\core.a(SERCOM.cpp.o)
                0x00003db4                SERCOM::initPads(SercomUartTXPad, SercomRXPad)
 .text._ZN6SERCOM9resetUARTEv
                0x00003dda       0x1c c:\Users\xiaoy\Documents\GitHub\iotHardware\build/core\core.a(SERCOM.cpp.o)
                0x00003dda                SERCOM::resetUART()
 .text._ZN6SERCOM10enableUARTEv
                0x00003df6       0x14 c:\Users\xiaoy\Documents\GitHub\iotHardware\build/core\core.a(SERCOM.cpp.o)
                0x00003df6                SERCOM::enableUART()
 .text._ZN6SERCOM9flushUARTEv
                0x00003e0a       0x10 c:\Users\xiaoy\Documents\GitHub\iotHardware\build/core\core.a(SERCOM.cpp.o)
                0x00003e0a                SERCOM::flushUART()
 .text._ZN6SERCOM15clearStatusUARTEv
                0x00003e1a        0x8 c:\Users\xiaoy\Documents\GitHub\iotHardware\build/core\core.a(SERCOM.cpp.o)
                0x00003e1a                SERCOM::clearStatusUART()
 .text._ZN6SERCOM17availableDataUARTEv
                0x00003e22        0xa c:\Users\xiaoy\Documents\GitHub\iotHardware\build/core\core.a(SERCOM.cpp.o)
                0x00003e22                SERCOM::availableDataUART()
 .text._ZN6SERCOM11isUARTErrorEv
                0x00003e2c        0x8 c:\Users\xiaoy\Documents\GitHub\iotHardware\build/core\core.a(SERCOM.cpp.o)
                0x00003e2c                SERCOM::isUARTError()
 .text._ZN6SERCOM20acknowledgeUARTErrorEv
                0x00003e34        0xe c:\Users\xiaoy\Documents\GitHub\iotHardware\build/core\core.a(SERCOM.cpp.o)
                0x00003e34                SERCOM::acknowledgeUARTError()
 .text._ZN6SERCOM12readDataUARTEv
                0x00003e42        0x8 c:\Users\xiaoy\Documents\GitHub\iotHardware\build/core\core.a(SERCOM.cpp.o)
                0x00003e42                SERCOM::readDataUART()
 .text._ZN6SERCOM13writeDataUARTEh
                0x00003e4a        0xe c:\Users\xiaoy\Documents\GitHub\iotHardware\build/core\core.a(SERCOM.cpp.o)
                0x00003e4a                SERCOM::writeDataUART(unsigned char)
 .text._ZN6SERCOM18prepareNackBitWIREEv
                0x00003e58       0x10 c:\Users\xiaoy\Documents\GitHub\iotHardware\build/core\core.a(SERCOM.cpp.o)
                0x00003e58                SERCOM::prepareNackBitWIRE()
 .text._ZN6SERCOM17prepareAckBitWIREEv
                0x00003e68       0x14 c:\Users\xiaoy\Documents\GitHub\iotHardware\build/core\core.a(SERCOM.cpp.o)
                0x00003e68                SERCOM::prepareAckBitWIRE()
 .text._ZN6SERCOM22prepareCommandBitsWireEh
                0x00003e7c       0x2c c:\Users\xiaoy\Documents\GitHub\iotHardware\build/core\core.a(SERCOM.cpp.o)
                0x00003e7c                SERCOM::prepareCommandBitsWire(unsigned char)
 .text._ZN6SERCOM17sendDataSlaveWIREEh
                0x00003ea8       0x1a c:\Users\xiaoy\Documents\GitHub\iotHardware\build/core\core.a(SERCOM.cpp.o)
                0x00003ea8                SERCOM::sendDataSlaveWIRE(unsigned char)
 .text._ZN6SERCOM11isSlaveWIREEv
                0x00003ec2       0x12 c:\Users\xiaoy\Documents\GitHub\iotHardware\build/core\core.a(SERCOM.cpp.o)
                0x00003ec2                SERCOM::isSlaveWIRE()
 .text._ZN6SERCOM15isDataReadyWIREEv
                0x00003ed4        0xa c:\Users\xiaoy\Documents\GitHub\iotHardware\build/core\core.a(SERCOM.cpp.o)
                0x00003ed4                SERCOM::isDataReadyWIRE()
 .text._ZN6SERCOM18isStopDetectedWIREEv
                0x00003ede        0xa c:\Users\xiaoy\Documents\GitHub\iotHardware\build/core\core.a(SERCOM.cpp.o)
                0x00003ede                SERCOM::isStopDetectedWIRE()
 .text._ZN6SERCOM21isRestartDetectedWIREEv
                0x00003ee8        0xa c:\Users\xiaoy\Documents\GitHub\iotHardware\build/core\core.a(SERCOM.cpp.o)
                0x00003ee8                SERCOM::isRestartDetectedWIRE()
 .text._ZN6SERCOM14isAddressMatchEv
                0x00003ef2        0xa c:\Users\xiaoy\Documents\GitHub\iotHardware\build/core\core.a(SERCOM.cpp.o)
                0x00003ef2                SERCOM::isAddressMatch()
 .text._ZN6SERCOM25isMasterReadOperationWIREEv
                0x00003efc        0xa c:\Users\xiaoy\Documents\GitHub\iotHardware\build/core\core.a(SERCOM.cpp.o)
                0x00003efc                SERCOM::isMasterReadOperationWIRE()
 .text._ZN6SERCOM12readDataWIREEv
                0x00003f06       0x1a c:\Users\xiaoy\Documents\GitHub\iotHardware\build/core\core.a(SERCOM.cpp.o)
                0x00003f06                SERCOM::readDataWIRE()
 .text._ZN6SERCOM13initClockNVICEv
                0x00003f20       0xb4 c:\Users\xiaoy\Documents\GitHub\iotHardware\build/core\core.a(SERCOM.cpp.o)
                0x00003f20                SERCOM::initClockNVIC()
 .text._ZN6SERCOM8initUARTE14SercomUartMode20SercomUartSampleRatem
                0x00003fd4       0x6c c:\Users\xiaoy\Documents\GitHub\iotHardware\build/core\core.a(SERCOM.cpp.o)
                0x00003fd4                SERCOM::initUART(SercomUartMode, SercomUartSampleRate, unsigned long)
 .text._ZN4UartcvbEv
                0x00004040        0x4 c:\Users\xiaoy\Documents\GitHub\iotHardware\build/core\core.a(Uart.cpp.o)
                0x00004040                Uart::operator bool()
 .text._ZN4Uart5beginEm
                0x00004044       0x10 c:\Users\xiaoy\Documents\GitHub\iotHardware\build/core\core.a(Uart.cpp.o)
                0x00004044                Uart::begin(unsigned long)
 .text._ZN4Uart3endEv
                0x00004054       0x14 c:\Users\xiaoy\Documents\GitHub\iotHardware\build/core\core.a(Uart.cpp.o)
                0x00004054                Uart::end()
 .text._ZN4Uart5flushEv
                0x00004068        0xa c:\Users\xiaoy\Documents\GitHub\iotHardware\build/core\core.a(Uart.cpp.o)
                0x00004068                Uart::flush()
 .text._ZN4Uart9availableEv
                0x00004072        0xa c:\Users\xiaoy\Documents\GitHub\iotHardware\build/core\core.a(Uart.cpp.o)
                0x00004072                Uart::available()
 .text._ZN4Uart4peekEv
                0x0000407c        0xa c:\Users\xiaoy\Documents\GitHub\iotHardware\build/core\core.a(Uart.cpp.o)
                0x0000407c                Uart::peek()
 .text._ZN4Uart4readEv
                0x00004086        0xa c:\Users\xiaoy\Documents\GitHub\iotHardware\build/core\core.a(Uart.cpp.o)
                0x00004086                Uart::read()
 .text._ZN4Uart5writeEh
                0x00004090        0xc c:\Users\xiaoy\Documents\GitHub\iotHardware\build/core\core.a(Uart.cpp.o)
                0x00004090                Uart::write(unsigned char)
 .text._ZN4UartC2EP6SERCOMhh11SercomRXPad15SercomUartTXPad
                0x0000409c       0x48 c:\Users\xiaoy\Documents\GitHub\iotHardware\build/core\core.a(Uart.cpp.o)
                0x0000409c                Uart::Uart(SERCOM*, unsigned char, unsigned char, SercomRXPad, SercomUartTXPad)
                0x0000409c                Uart::Uart(SERCOM*, unsigned char, unsigned char, SercomRXPad, SercomUartTXPad)
 .text._ZN4Uart10IrqHandlerEv
                0x000040e4       0x36 c:\Users\xiaoy\Documents\GitHub\iotHardware\build/core\core.a(Uart.cpp.o)
                0x000040e4                Uart::IrqHandler()
 .text._ZN4Uart16extractNbStopBitEt
                0x0000411a        0xe c:\Users\xiaoy\Documents\GitHub\iotHardware\build/core\core.a(Uart.cpp.o)
                0x0000411a                Uart::extractNbStopBit(unsigned short)
 .text._ZN4Uart15extractCharSizeEt
                0x00004128       0x2c c:\Users\xiaoy\Documents\GitHub\iotHardware\build/core\core.a(Uart.cpp.o)
                0x00004128                Uart::extractCharSize(unsigned short)
 .text._ZN4Uart13extractParityEt
                0x00004154       0x18 c:\Users\xiaoy\Documents\GitHub\iotHardware\build/core\core.a(Uart.cpp.o)
                0x00004154                Uart::extractParity(unsigned short)
 .text._ZN4Uart5beginEmt
                0x0000416c       0x88 c:\Users\xiaoy\Documents\GitHub\iotHardware\build/core\core.a(Uart.cpp.o)
                0x0000416c                Uart::begin(unsigned long, unsigned short)
 .text._Z8makeWordhh
                0x000041f4        0x6 c:\Users\xiaoy\Documents\GitHub\iotHardware\build/core\core.a(WMath.cpp.o)
                0x000041f4                makeWord(unsigned char, unsigned char)
 .text.__cxa_pure_virtual
                0x000041fa        0x2 c:\Users\xiaoy\Documents\GitHub\iotHardware\build/core\core.a(abi.cpp.o)
                0x000041fa                __cxa_pure_virtual
 .text._Z11initVariantv
                0x000041fc        0x2 c:\Users\xiaoy\Documents\GitHub\iotHardware\build/core\core.a(main.cpp.o)
                0x000041fc                initVariant()
 *fill*         0x000041fe        0x2 
 .text.startup.main
                0x00004200       0x40 c:\Users\xiaoy\Documents\GitHub\iotHardware\build/core\core.a(main.cpp.o)
                0x00004200                main
 .text._Znwj    0x00004240        0x8 c:\Users\xiaoy\Documents\GitHub\iotHardware\build/core\core.a(new.cpp.o)
                0x00004240                operator new(unsigned int)
 .text._ZdlPv   0x00004248        0x8 c:\Users\xiaoy\Documents\GitHub\iotHardware\build/core\core.a(new.cpp.o)
                0x00004248                operator delete(void*)
 .text._ZN7Serial_17availableForWriteEv
                0x00004250        0x4 c:\Users\xiaoy\Documents\GitHub\iotHardware\build/core\core.a(CDC.cpp.o)
                0x00004250                Serial_::availableForWrite()
 .text._ZN7Serial_5writeEh
                0x00004254       0x14 c:\Users\xiaoy\Documents\GitHub\iotHardware\build/core\core.a(CDC.cpp.o)
                0x00004254                Serial_::write(unsigned char)
 .text._ZN7Serial_9availableEv
                0x00004268        0xc c:\Users\xiaoy\Documents\GitHub\iotHardware\build/core\core.a(CDC.cpp.o)
                0x00004268                Serial_::available()
 .text._ZN7Serial_5flushEv
                0x00004274        0xc c:\Users\xiaoy\Documents\GitHub\iotHardware\build/core\core.a(CDC.cpp.o)
                0x00004274                Serial_::flush()
 .text._ZN7Serial_5writeEPKhj
                0x00004280       0x1c c:\Users\xiaoy\Documents\GitHub\iotHardware\build/core\core.a(CDC.cpp.o)
                0x00004280                Serial_::write(unsigned char const*, unsigned int)
 .text._ZN7Serial_4peekEv
                0x0000429c       0x1c c:\Users\xiaoy\Documents\GitHub\iotHardware\build/core\core.a(CDC.cpp.o)
                0x0000429c                Serial_::peek()
 .text._ZN7Serial_4readEv
                0x000042b8       0x24 c:\Users\xiaoy\Documents\GitHub\iotHardware\build/core\core.a(CDC.cpp.o)
                0x000042b8                Serial_::read()
 .text._Z16CDC_GetInterfacePh
                0x000042dc       0x1c c:\Users\xiaoy\Documents\GitHub\iotHardware\build/core\core.a(CDC.cpp.o)
                0x000042dc                CDC_GetInterface(unsigned char*)
 .text._Z9CDC_SetupR8USBSetup
                0x000042f8       0x80 c:\Users\xiaoy\Documents\GitHub\iotHardware\build/core\core.a(CDC.cpp.o)
                0x000042f8                CDC_Setup(USBSetup&)
 .text._ZN7Serial_5beginEm
                0x00004378        0x2 c:\Users\xiaoy\Documents\GitHub\iotHardware\build/core\core.a(CDC.cpp.o)
                0x00004378                Serial_::begin(unsigned long)
 *fill*         0x0000437a        0x2 
 .text._ZN7Serial_3dtrEv
                0x0000437c       0x10 c:\Users\xiaoy\Documents\GitHub\iotHardware\build/core\core.a(CDC.cpp.o)
                0x0000437c                Serial_::dtr()
 .text.startup._GLOBAL__sub_I__Z17_CDC_GetInterfacev
                0x0000438c       0x28 c:\Users\xiaoy\Documents\GitHub\iotHardware\build/core\core.a(CDC.cpp.o)
 .text._ZN26DoubleBufferedEPOutHandler4initEv
                0x000043b4        0x2 c:\Users\xiaoy\Documents\GitHub\iotHardware\build/core\core.a(USBCore.cpp.o)
                0x000043b4                DoubleBufferedEPOutHandler::init()
 *fill*         0x000043b6        0x2 
 .text._ZN14USBDeviceClass6initEPEmm.part.4
                0x000043b8       0xc8 c:\Users\xiaoy\Documents\GitHub\iotHardware\build/core\core.a(USBCore.cpp.o)
 .text._ZN7__GuardC2Ev
                0x00004480        0xe c:\Users\xiaoy\Documents\GitHub\iotHardware\build/core\core.a(USBCore.cpp.o)
                0x00004480                __Guard::__Guard()
                0x00004480                __Guard::__Guard()
 .text._ZN7__GuardD2Ev
                0x0000448e        0xe c:\Users\xiaoy\Documents\GitHub\iotHardware\build/core\core.a(USBCore.cpp.o)
                0x0000448e                __Guard::~__Guard()
                0x0000448e                __Guard::~__Guard()
 .text._ZNK26DoubleBufferedEPOutHandler9availableEv
                0x0000449c       0x5e c:\Users\xiaoy\Documents\GitHub\iotHardware\build/core\core.a(USBCore.cpp.o)
                0x0000449c                DoubleBufferedEPOutHandler::available() const
 *fill*         0x000044fa        0x2 
 .text._ZN26DoubleBufferedEPOutHandler7releaseEv
                0x000044fc       0x58 c:\Users\xiaoy\Documents\GitHub\iotHardware\build/core\core.a(USBCore.cpp.o)
                0x000044fc                DoubleBufferedEPOutHandler::release()
 .text._ZN26DoubleBufferedEPOutHandler4recvEPvm
                0x00004554      0x11c c:\Users\xiaoy\Documents\GitHub\iotHardware\build/core\core.a(USBCore.cpp.o)
                0x00004554                DoubleBufferedEPOutHandler::recv(void*, unsigned long)
 .text._ZN26DoubleBufferedEPOutHandler14handleEndpointEv
                0x00004670       0xc4 c:\Users\xiaoy\Documents\GitHub\iotHardware\build/core\core.a(USBCore.cpp.o)
                0x00004670                DoubleBufferedEPOutHandler::handleEndpoint()
 .text._ZN14USBDeviceClass14SendInterfacesEPm
                0x00004734       0x2c c:\Users\xiaoy\Documents\GitHub\iotHardware\build/core\core.a(USBCore.cpp.o)
                0x00004734                USBDeviceClass::SendInterfaces(unsigned long*)
 .text._ZN14USBDeviceClass14handleEndpointEh
                0x00004760       0x40 c:\Users\xiaoy\Documents\GitHub\iotHardware\build/core\core.a(USBCore.cpp.o)
                0x00004760                USBDeviceClass::handleEndpoint(unsigned char)
 .text._ZN14USBDeviceClass4initEv
                0x000047a0       0xf0 c:\Users\xiaoy\Documents\GitHub\iotHardware\build/core\core.a(USBCore.cpp.o)
                0x000047a0                USBDeviceClass::init()
 .text._ZN14USBDeviceClass6attachEv
                0x00004890       0x34 c:\Users\xiaoy\Documents\GitHub\iotHardware\build/core\core.a(USBCore.cpp.o)
                0x00004890                USBDeviceClass::attach()
 .text._ZN14USBDeviceClass10setAddressEm
                0x000048c4       0x48 c:\Users\xiaoy\Documents\GitHub\iotHardware\build/core\core.a(USBCore.cpp.o)
                0x000048c4                USBDeviceClass::setAddress(unsigned long)
 .text._ZN14USBDeviceClass25handleClassInterfaceSetupER8USBSetup
                0x0000490c       0x40 c:\Users\xiaoy\Documents\GitHub\iotHardware\build/core\core.a(USBCore.cpp.o)
                0x0000490c                USBDeviceClass::handleClassInterfaceSetup(USBSetup&)
 .text._ZN14USBDeviceClass6initEPEmm
                0x0000494c      0x100 c:\Users\xiaoy\Documents\GitHub\iotHardware\build/core\core.a(USBCore.cpp.o)
                0x0000494c                USBDeviceClass::initEP(unsigned long, unsigned long)
 .text._ZN14USBDeviceClass13initEndpointsEv
                0x00004a4c       0x24 c:\Users\xiaoy\Documents\GitHub\iotHardware\build/core\core.a(USBCore.cpp.o)
                0x00004a4c                USBDeviceClass::initEndpoints()
 .text._ZN14USBDeviceClass9availableEm
                0x00004a70       0x2c c:\Users\xiaoy\Documents\GitHub\iotHardware\build/core\core.a(USBCore.cpp.o)
                0x00004a70                USBDeviceClass::available(unsigned long)
 .text._ZN14USBDeviceClass5flushEm
                0x00004a9c       0x2c c:\Users\xiaoy\Documents\GitHub\iotHardware\build/core\core.a(USBCore.cpp.o)
                0x00004a9c                USBDeviceClass::flush(unsigned long)
 .text._ZN14USBDeviceClass14armRecvCtrlOUTEm
                0x00004ac8       0x60 c:\Users\xiaoy\Documents\GitHub\iotHardware\build/core\core.a(USBCore.cpp.o)
                0x00004ac8                USBDeviceClass::armRecvCtrlOUT(unsigned long)
 .text._ZN14USBDeviceClass11recvControlEPvm
                0x00004b28       0x3c c:\Users\xiaoy\Documents\GitHub\iotHardware\build/core\core.a(USBCore.cpp.o)
                0x00004b28                USBDeviceClass::recvControl(void*, unsigned long)
 .text._ZN14USBDeviceClass7armRecvEm
                0x00004b64       0x3c c:\Users\xiaoy\Documents\GitHub\iotHardware\build/core\core.a(USBCore.cpp.o)
                0x00004b64                USBDeviceClass::armRecv(unsigned long)
 .text._ZN14USBDeviceClass4recvEmPvm
                0x00004ba0       0xd8 c:\Users\xiaoy\Documents\GitHub\iotHardware\build/core\core.a(USBCore.cpp.o)
                0x00004ba0                USBDeviceClass::recv(unsigned long, void*, unsigned long)
 .text._ZN14USBDeviceClass4recvEm
                0x00004c78       0x1c c:\Users\xiaoy\Documents\GitHub\iotHardware\build/core\core.a(USBCore.cpp.o)
                0x00004c78                USBDeviceClass::recv(unsigned long)
 .text._ZN14USBDeviceClass4sendEmPKvm
                0x00004c94      0x124 c:\Users\xiaoy\Documents\GitHub\iotHardware\build/core\core.a(USBCore.cpp.o)
                0x00004c94                USBDeviceClass::send(unsigned long, void const*, unsigned long)
 .text._ZN14USBDeviceClass7armSendEmPKvm
                0x00004db8       0x48 c:\Users\xiaoy\Documents\GitHub\iotHardware\build/core\core.a(USBCore.cpp.o)
                0x00004db8                USBDeviceClass::armSend(unsigned long, void const*, unsigned long)
 .text._ZN14USBDeviceClass11sendControlEPKvm
                0x00004e00       0x58 c:\Users\xiaoy\Documents\GitHub\iotHardware\build/core\core.a(USBCore.cpp.o)
                0x00004e00                USBDeviceClass::sendControl(void const*, unsigned long)
 .text._ZN14USBDeviceClass20sendStringDescriptorEPKhh
                0x00004e58       0x68 c:\Users\xiaoy\Documents\GitHub\iotHardware\build/core\core.a(USBCore.cpp.o)
                0x00004e58                USBDeviceClass::sendStringDescriptor(unsigned char const*, unsigned char)
 .text._ZN14USBDeviceClass12packMessagesEb.part.6
                0x00004ec0       0x20 c:\Users\xiaoy\Documents\GitHub\iotHardware\build/core\core.a(USBCore.cpp.o)
 .text._ZN14USBDeviceClass17sendConfigurationEm
                0x00004ee0       0x90 c:\Users\xiaoy\Documents\GitHub\iotHardware\build/core\core.a(USBCore.cpp.o)
                0x00004ee0                USBDeviceClass::sendConfiguration(unsigned long)
 .text._ZN14USBDeviceClass14sendDescriptorER8USBSetup
                0x00004f70       0xb4 c:\Users\xiaoy\Documents\GitHub\iotHardware\build/core\core.a(USBCore.cpp.o)
                0x00004f70                USBDeviceClass::sendDescriptor(USBSetup&)
 .text._ZN14USBDeviceClass19handleStandardSetupER8USBSetup
                0x00005024      0x118 c:\Users\xiaoy\Documents\GitHub\iotHardware\build/core\core.a(USBCore.cpp.o)
                0x00005024                USBDeviceClass::handleStandardSetup(USBSetup&)
 .text._ZN14USBDeviceClass10ISRHandlerEv
                0x0000513c      0x150 c:\Users\xiaoy\Documents\GitHub\iotHardware\build/core\core.a(USBCore.cpp.o)
                0x0000513c                USBDeviceClass::ISRHandler()
 .text.UDD_Handler
                0x0000528c       0x10 c:\Users\xiaoy\Documents\GitHub\iotHardware\build/core\core.a(USBCore.cpp.o)
                0x0000528c                UDD_Handler
 .text.startup._GLOBAL__sub_I_usbd
                0x0000529c       0x10 c:\Users\xiaoy\Documents\GitHub\iotHardware\build/core\core.a(USBCore.cpp.o)
 .text._ZN13PluggableUSB_12getInterfaceEPh
                0x000052ac       0x2a c:\Users\xiaoy\Documents\GitHub\iotHardware\build/core\core.a(PluggableUSB.cpp.o)
                0x000052ac                PluggableUSB_::getInterface(unsigned char*)
 .text._ZN13PluggableUSB_13getDescriptorER8USBSetup
                0x000052d6       0x20 c:\Users\xiaoy\Documents\GitHub\iotHardware\build/core\core.a(PluggableUSB.cpp.o)
                0x000052d6                PluggableUSB_::getDescriptor(USBSetup&)
 .text._ZN13PluggableUSB_12getShortNameEPc
                0x000052f6       0x1e c:\Users\xiaoy\Documents\GitHub\iotHardware\build/core\core.a(PluggableUSB.cpp.o)
                0x000052f6                PluggableUSB_::getShortName(char*)
 .text._ZN13PluggableUSB_5setupER8USBSetup
                0x00005314       0x24 c:\Users\xiaoy\Documents\GitHub\iotHardware\build/core\core.a(PluggableUSB.cpp.o)
                0x00005314                PluggableUSB_::setup(USBSetup&)
 .text._Z12PluggableUSBv
                0x00005338       0x24 c:\Users\xiaoy\Documents\GitHub\iotHardware\build/core\core.a(PluggableUSB.cpp.o)
                0x00005338                PluggableUSB()
 .text._ZN20USBDevice_SAMD21G18x5resetEv
                0x0000535c       0x32 c:\Users\xiaoy\Documents\GitHub\iotHardware\build/core\core.a(SAMD21_USBDevice.cpp.o)
                0x0000535c                USBDevice_SAMD21G18x::reset()
 *fill*         0x0000538e        0x2 
 .text._ZN20USBDevice_SAMD21G18x9calibrateEv
                0x00005390       0x5c c:\Users\xiaoy\Documents\GitHub\iotHardware\build/core\core.a(SAMD21_USBDevice.cpp.o)
                0x00005390                USBDevice_SAMD21G18x::calibrate()
 .text.__fpclassifyd
                0x000053ec       0x60 c:/users/xiaoy/appdata/local/arduino15/packages/arduino/tools/arm-none-eabi-gcc/4.8.3-2014q1/bin/../lib/gcc/arm-none-eabi/4.8.3/../../../../arm-none-eabi/lib/armv6-m\libm.a(lib_a-s_fpclassify.o)
                0x000053ec                __fpclassifyd
 .text          0x0000544c       0x14 c:/users/xiaoy/appdata/local/arduino15/packages/arduino/tools/arm-none-eabi-gcc/4.8.3-2014q1/bin/../lib/gcc/arm-none-eabi/4.8.3/armv6-m\libgcc.a(_thumb1_case_uqi.o)
                0x0000544c                __gnu_thumb1_case_uqi
 .text          0x00005460       0x9c c:/users/xiaoy/appdata/local/arduino15/packages/arduino/tools/arm-none-eabi-gcc/4.8.3-2014q1/bin/../lib/gcc/arm-none-eabi/4.8.3/armv6-m\libgcc.a(_udivsi3.o)
                0x00005460                __aeabi_uidiv
                0x00005460                __udivsi3
                0x000054e8                __aeabi_uidivmod
 .text          0x000054fc        0x4 c:/users/xiaoy/appdata/local/arduino15/packages/arduino/tools/arm-none-eabi-gcc/4.8.3-2014q1/bin/../lib/gcc/arm-none-eabi/4.8.3/armv6-m\libgcc.a(_dvmd_tls.o)
                0x000054fc                __aeabi_idiv0
                0x000054fc                __aeabi_ldiv0
 .text          0x00005500       0x7c c:/users/xiaoy/appdata/local/arduino15/packages/arduino/tools/arm-none-eabi-gcc/4.8.3-2014q1/bin/../lib/gcc/arm-none-eabi/4.8.3/armv6-m\libgcc.a(_arm_cmpdf2.o)
                0x00005500                __aeabi_cdrcmple
                0x00005510                __aeabi_cdcmple
                0x00005510                __aeabi_cdcmpeq
                0x00005520                __aeabi_dcmpeq
                0x0000552c                __aeabi_dcmplt
                0x00005540                __aeabi_dcmple
                0x00005554                __aeabi_dcmpgt
                0x00005568                __aeabi_dcmpge
 *fill*         0x0000557c        0x4 
 .text          0x00005580       0x40 c:/users/xiaoy/appdata/local/arduino15/packages/arduino/tools/arm-none-eabi-gcc/4.8.3-2014q1/bin/../lib/gcc/arm-none-eabi/4.8.3/armv6-m\libgcc.a(_fixunsdfsi.o)
                0x00005580                __aeabi_d2uiz
                0x00005580                __fixunsdfsi
 .text          0x000055c0      0x638 c:/users/xiaoy/appdata/local/arduino15/packages/arduino/tools/arm-none-eabi-gcc/4.8.3-2014q1/bin/../lib/gcc/arm-none-eabi/4.8.3/armv6-m\libgcc.a(adddf3.o)
                0x000055c0                __aeabi_dadd
 .text          0x00005bf8      0x648 c:/users/xiaoy/appdata/local/arduino15/packages/arduino/tools/arm-none-eabi-gcc/4.8.3-2014q1/bin/../lib/gcc/arm-none-eabi/4.8.3/armv6-m\libgcc.a(divdf3.o)
                0x00005bf8                __aeabi_ddiv
 .text          0x00006240       0x94 c:/users/xiaoy/appdata/local/arduino15/packages/arduino/tools/arm-none-eabi-gcc/4.8.3-2014q1/bin/../lib/gcc/arm-none-eabi/4.8.3/armv6-m\libgcc.a(eqdf2.o)
                0x00006240                __nedf2
                0x00006240                __eqdf2
 .text          0x000062d4       0xfc c:/users/xiaoy/appdata/local/arduino15/packages/arduino/tools/arm-none-eabi-gcc/4.8.3-2014q1/bin/../lib/gcc/arm-none-eabi/4.8.3/armv6-m\libgcc.a(gedf2.o)
                0x000062d4                __gedf2
                0x000062d4                __gtdf2
 .text          0x000063d0       0xfc c:/users/xiaoy/appdata/local/arduino15/packages/arduino/tools/arm-none-eabi-gcc/4.8.3-2014q1/bin/../lib/gcc/arm-none-eabi/4.8.3/armv6-m\libgcc.a(ledf2.o)
                0x000063d0                __ledf2
                0x000063d0                __ltdf2
 .text          0x000064cc      0x520 c:/users/xiaoy/appdata/local/arduino15/packages/arduino/tools/arm-none-eabi-gcc/4.8.3-2014q1/bin/../lib/gcc/arm-none-eabi/4.8.3/armv6-m\libgcc.a(muldf3.o)
                0x000064cc                __aeabi_dmul
 .text          0x000069ec      0x654 c:/users/xiaoy/appdata/local/arduino15/packages/arduino/tools/arm-none-eabi-gcc/4.8.3-2014q1/bin/../lib/gcc/arm-none-eabi/4.8.3/armv6-m\libgcc.a(subdf3.o)
                0x000069ec                __aeabi_dsub
 .text          0x00007040       0x68 c:/users/xiaoy/appdata/local/arduino15/packages/arduino/tools/arm-none-eabi-gcc/4.8.3-2014q1/bin/../lib/gcc/arm-none-eabi/4.8.3/armv6-m\libgcc.a(fixdfsi.o)
                0x00007040                __aeabi_d2iz
 .text          0x000070a8       0x68 c:/users/xiaoy/appdata/local/arduino15/packages/arduino/tools/arm-none-eabi-gcc/4.8.3-2014q1/bin/../lib/gcc/arm-none-eabi/4.8.3/armv6-m\libgcc.a(floatunsidf.o)
                0x000070a8                __aeabi_ui2d
 .text          0x00007110       0xa4 c:/users/xiaoy/appdata/local/arduino15/packages/arduino/tools/arm-none-eabi-gcc/4.8.3-2014q1/bin/../lib/gcc/arm-none-eabi/4.8.3/armv6-m\libgcc.a(extendsfdf2.o)
                0x00007110                __aeabi_f2d
 .text          0x000071b4       0x3c c:/users/xiaoy/appdata/local/arduino15/packages/arduino/tools/arm-none-eabi-gcc/4.8.3-2014q1/bin/../lib/gcc/arm-none-eabi/4.8.3/armv6-m\libgcc.a(_clzsi2.o)
                0x000071b4                __clzsi2
 .text.__aeabi_atexit
                0x000071f0        0xe c:/users/xiaoy/appdata/local/arduino15/packages/arduino/tools/arm-none-eabi-gcc/4.8.3-2014q1/bin/../lib/gcc/arm-none-eabi/4.8.3/../../../../arm-none-eabi/lib/armv6-m\libc_s.a(lib_a-aeabi_atexit.o)
                0x000071f0                __aeabi_atexit
 *fill*         0x000071fe        0x2 
 .text.__cxa_atexit
                0x00007200       0x20 c:/users/xiaoy/appdata/local/arduino15/packages/arduino/tools/arm-none-eabi-gcc/4.8.3-2014q1/bin/../lib/gcc/arm-none-eabi/4.8.3/../../../../arm-none-eabi/lib/armv6-m\libc_s.a(lib_a-cxa_atexit.o)
                0x00007200                __cxa_atexit
 .text.__libc_init_array
                0x00007220       0x4c c:/users/xiaoy/appdata/local/arduino15/packages/arduino/tools/arm-none-eabi-gcc/4.8.3-2014q1/bin/../lib/gcc/arm-none-eabi/4.8.3/../../../../arm-none-eabi/lib/armv6-m\libc_s.a(lib_a-init.o)
                0x00007220                __libc_init_array
 .text.malloc   0x0000726c       0x14 c:/users/xiaoy/appdata/local/arduino15/packages/arduino/tools/arm-none-eabi-gcc/4.8.3-2014q1/bin/../lib/gcc/arm-none-eabi/4.8.3/../../../../arm-none-eabi/lib/armv6-m\libc_s.a(lib_a-malloc.o)
                0x0000726c                malloc
 .text.free     0x00007280       0x14 c:/users/xiaoy/appdata/local/arduino15/packages/arduino/tools/arm-none-eabi-gcc/4.8.3-2014q1/bin/../lib/gcc/arm-none-eabi/4.8.3/../../../../arm-none-eabi/lib/armv6-m\libc_s.a(lib_a-malloc.o)
                0x00007280                free
 .text.memcmp   0x00007294       0x1e c:/users/xiaoy/appdata/local/arduino15/packages/arduino/tools/arm-none-eabi-gcc/4.8.3-2014q1/bin/../lib/gcc/arm-none-eabi/4.8.3/../../../../arm-none-eabi/lib/armv6-m\libc_s.a(lib_a-memcmp.o)
                0x00007294                memcmp
 .text.memcpy   0x000072b2       0x12 c:/users/xiaoy/appdata/local/arduino15/packages/arduino/tools/arm-none-eabi-gcc/4.8.3-2014q1/bin/../lib/gcc/arm-none-eabi/4.8.3/../../../../arm-none-eabi/lib/armv6-m\libc_s.a(lib_a-memcpy-stub.o)
                0x000072b2                memcpy
 .text.memset   0x000072c4       0x10 c:/users/xiaoy/appdata/local/arduino15/packages/arduino/tools/arm-none-eabi-gcc/4.8.3-2014q1/bin/../lib/gcc/arm-none-eabi/4.8.3/../../../../arm-none-eabi/lib/armv6-m\libc_s.a(lib_a-memset.o)
                0x000072c4                memset
 .text._free_r  0x000072d4       0x90 c:/users/xiaoy/appdata/local/arduino15/packages/arduino/tools/arm-none-eabi-gcc/4.8.3-2014q1/bin/../lib/gcc/arm-none-eabi/4.8.3/../../../../arm-none-eabi/lib/armv6-m\libc_s.a(lib_a-nano-freer.o)
                0x000072d4                _free_r
 .text._malloc_r
                0x00007364       0xa8 c:/users/xiaoy/appdata/local/arduino15/packages/arduino/tools/arm-none-eabi-gcc/4.8.3-2014q1/bin/../lib/gcc/arm-none-eabi/4.8.3/../../../../arm-none-eabi/lib/armv6-m\libc_s.a(lib_a-nano-mallocr.o)
                0x00007364                _malloc_r
 .text._sbrk_r  0x0000740c       0x24 c:/users/xiaoy/appdata/local/arduino15/packages/arduino/tools/arm-none-eabi-gcc/4.8.3-2014q1/bin/../lib/gcc/arm-none-eabi/4.8.3/../../../../arm-none-eabi/lib/armv6-m\libc_s.a(lib_a-sbrkr.o)
                0x0000740c                _sbrk_r
 .text.snprintf
                0x00007430       0x64 c:/users/xiaoy/appdata/local/arduino15/packages/arduino/tools/arm-none-eabi-gcc/4.8.3-2014q1/bin/../lib/gcc/arm-none-eabi/4.8.3/../../../../arm-none-eabi/lib/armv6-m\libc_s.a(lib_a-snprintf.o)
                0x00007430                sniprintf
                0x00007430                snprintf
 .text          0x00007494       0x14 c:/users/xiaoy/appdata/local/arduino15/packages/arduino/tools/arm-none-eabi-gcc/4.8.3-2014q1/bin/../lib/gcc/arm-none-eabi/4.8.3/../../../../arm-none-eabi/lib/armv6-m\libc_s.a(lib_a-strcmp.o)
                0x00007494                strcmp
 .text.strlen   0x000074a8        0xe c:/users/xiaoy/appdata/local/arduino15/packages/arduino/tools/arm-none-eabi-gcc/4.8.3-2014q1/bin/../lib/gcc/arm-none-eabi/4.8.3/../../../../arm-none-eabi/lib/armv6-m\libc_s.a(lib_a-strlen.o)
                0x000074a8                strlen
 *fill*         0x000074b6        0x2 
 .text.__ssputs_r
                0x000074b8       0xc0 c:/users/xiaoy/appdata/local/arduino15/packages/arduino/tools/arm-none-eabi-gcc/4.8.3-2014q1/bin/../lib/gcc/arm-none-eabi/4.8.3/../../../../arm-none-eabi/lib/armv6-m\libc_s.a(lib_a-svfprintf.o)
                0x000074b8                __ssputs_r
 .text._svfprintf_r
                0x00007578      0x1e0 c:/users/xiaoy/appdata/local/arduino15/packages/arduino/tools/arm-none-eabi-gcc/4.8.3-2014q1/bin/../lib/gcc/arm-none-eabi/4.8.3/../../../../arm-none-eabi/lib/armv6-m\libc_s.a(lib_a-svfprintf.o)
                0x00007578                _svfiprintf_r
                0x00007578                _svfprintf_r
 .text._printf_common
                0x00007758       0xe8 c:/users/xiaoy/appdata/local/arduino15/packages/arduino/tools/arm-none-eabi-gcc/4.8.3-2014q1/bin/../lib/gcc/arm-none-eabi/4.8.3/../../../../arm-none-eabi/lib/armv6-m\libc_s.a(lib_a-vfprintf_i.o)
                0x00007758                _printf_common
 .text._printf_i
                0x00007840      0x22c c:/users/xiaoy/appdata/local/arduino15/packages/arduino/tools/arm-none-eabi-gcc/4.8.3-2014q1/bin/../lib/gcc/arm-none-eabi/4.8.3/../../../../arm-none-eabi/lib/armv6-m\libc_s.a(lib_a-vfprintf_i.o)
                0x00007840                _printf_i
 .text._vsnprintf_r
                0x00007a6c       0x54 c:/users/xiaoy/appdata/local/arduino15/packages/arduino/tools/arm-none-eabi-gcc/4.8.3-2014q1/bin/../lib/gcc/arm-none-eabi/4.8.3/../../../../arm-none-eabi/lib/armv6-m\libc_s.a(lib_a-vsnprintf.o)
                0x00007a6c                _vsniprintf_r
                0x00007a6c                _vsnprintf_r
 .text.vsnprintf
                0x00007ac0       0x20 c:/users/xiaoy/appdata/local/arduino15/packages/arduino/tools/arm-none-eabi-gcc/4.8.3-2014q1/bin/../lib/gcc/arm-none-eabi/4.8.3/../../../../arm-none-eabi/lib/armv6-m\libc_s.a(lib_a-vsnprintf.o)
                0x00007ac0                vsniprintf
                0x00007ac0                vsnprintf
 .text.memchr   0x00007ae0       0x16 c:/users/xiaoy/appdata/local/arduino15/packages/arduino/tools/arm-none-eabi-gcc/4.8.3-2014q1/bin/../lib/gcc/arm-none-eabi/4.8.3/../../../../arm-none-eabi/lib/armv6-m\libc_s.a(lib_a-memchr-stub.o)
                0x00007ae0                memchr
 .text.memmove  0x00007af6       0x32 c:/users/xiaoy/appdata/local/arduino15/packages/arduino/tools/arm-none-eabi-gcc/4.8.3-2014q1/bin/../lib/gcc/arm-none-eabi/4.8.3/../../../../arm-none-eabi/lib/armv6-m\libc_s.a(lib_a-memmove.o)
                0x00007af6                memmove
 .text._realloc_r
                0x00007b28       0x4c c:/users/xiaoy/appdata/local/arduino15/packages/arduino/tools/arm-none-eabi-gcc/4.8.3-2014q1/bin/../lib/gcc/arm-none-eabi/4.8.3/../../../../arm-none-eabi/lib/armv6-m\libc_s.a(lib_a-nano-reallocr.o)
                0x00007b28                _realloc_r
 .text._malloc_usable_size_r
                0x00007b74       0x12 c:/users/xiaoy/appdata/local/arduino15/packages/arduino/tools/arm-none-eabi-gcc/4.8.3-2014q1/bin/../lib/gcc/arm-none-eabi/4.8.3/../../../../arm-none-eabi/lib/armv6-m\libc_s.a(lib_a-nano-msizer.o)
                0x00007b74                _malloc_usable_size_r
 *fill*         0x00007b86        0x2 
 .text._sbrk    0x00007b88       0x34 c:/users/xiaoy/appdata/local/arduino15/packages/arduino/tools/arm-none-eabi-gcc/4.8.3-2014q1/bin/../lib/gcc/arm-none-eabi/4.8.3/../../../../arm-none-eabi/lib/armv6-m\libnosys.a(sbrk.o)
                0x00007b88                _sbrk
 *(.init)
 .init          0x00007bbc        0x4 c:/users/xiaoy/appdata/local/arduino15/packages/arduino/tools/arm-none-eabi-gcc/4.8.3-2014q1/bin/../lib/gcc/arm-none-eabi/4.8.3/armv6-m/crti.o
                0x00007bbc                _init
 .init          0x00007bc0        0x8 c:/users/xiaoy/appdata/local/arduino15/packages/arduino/tools/arm-none-eabi-gcc/4.8.3-2014q1/bin/../lib/gcc/arm-none-eabi/4.8.3/armv6-m/crtn.o
 *(.fini)
 .fini          0x00007bc8        0x4 c:/users/xiaoy/appdata/local/arduino15/packages/arduino/tools/arm-none-eabi-gcc/4.8.3-2014q1/bin/../lib/gcc/arm-none-eabi/4.8.3/armv6-m/crti.o
                0x00007bc8                _fini
 .fini          0x00007bcc        0x8 c:/users/xiaoy/appdata/local/arduino15/packages/arduino/tools/arm-none-eabi-gcc/4.8.3-2014q1/bin/../lib/gcc/arm-none-eabi/4.8.3/armv6-m/crtn.o
 *crtbegin.o(.ctors)
 *crtbegin?.o(.ctors)
 *(EXCLUDE_FILE(*crtend.o *crtend?.o) .ctors)
 *(SORT(.ctors.*))
 *(.ctors)
 *crtbegin.o(.dtors)
 *crtbegin?.o(.dtors)
 *(EXCLUDE_FILE(*crtend.o *crtend?.o) .dtors)
 *(SORT(.dtors.*))
 *(.dtors)
 *(.rodata*)
 *fill*         0x00007bd4        0x4 
 .rodata._ZTVN10McciCatena18cPollableInterfaceE
                0x00007bd8       0x18 c:\Users\xiaoy\Documents\GitHub\iotHardware\build\sketch\Modbus_Reading.ino.cpp.o
                0x00007bd8                vtable for McciCatena::cPollableInterface
 .rodata._ZTVN10McciCatena14cPollingEngineE
                0x00007bf0       0x18 c:\Users\xiaoy\Documents\GitHub\iotHardware\build\sketch\Modbus_Reading.ino.cpp.o
                0x00007bf0                vtable for McciCatena::cPollingEngine
 .rodata._ZTVN10McciCatena6CatenaE
                0x00007c08       0x28 c:\Users\xiaoy\Documents\GitHub\iotHardware\build\sketch\Modbus_Reading.ino.cpp.o
                0x00007c08                vtable for McciCatena::Catena
 .rodata._ZTV12ModbusSerialI4UartE
                0x00007c30       0x28 c:\Users\xiaoy\Documents\GitHub\iotHardware\build\sketch\Modbus_Reading.ino.cpp.o
                0x00007c30                vtable for ModbusSerial<Uart>
 .rodata._ZTVN10McciCatena16cCatenaModbusRtuE
                0x00007c58       0x18 c:\Users\xiaoy\Documents\GitHub\iotHardware\build\sketch\Modbus_Reading.ino.cpp.o
                0x00007c58                vtable for McciCatena::cCatenaModbusRtu
 .rodata.str1.1
                0x00007c70        0x9 c:\Users\xiaoy\Documents\GitHub\iotHardware\build\sketch\Modbus_Reading.ino.cpp.o
                                  0xa (size before relaxing)
 .rodata._ZL12fctsupported
                0x00007c79        0x8 c:\Users\xiaoy\Documents\GitHub\iotHardware\build\sketch\Modbus_Reading.ino.cpp.o
 *fill*         0x00007c81        0x7 
 .rodata._ZTVN10McciCatena10CatenaBaseE
                0x00007c88       0x20 c:\Users\xiaoy\Documents\GitHub\iotHardware\build\libraries\Catena-Arduino-Platform\Catena-Arduino-Platform.a(CatenaBase.cpp.o)
                0x00007c88                vtable for McciCatena::CatenaBase
 .rodata._ZTVN10McciCatena14cCommandStreamE
                0x00007ca8       0x18 c:\Users\xiaoy\Documents\GitHub\iotHardware\build\libraries\Catena-Arduino-Platform\Catena-Arduino-Platform.a(Catena_CommandStream.cpp.o)
                0x00007ca8                vtable for McciCatena::cCommandStream
 .rodata.str1.1
                0x00007cc0       0x34 c:\Users\xiaoy\Documents\GitHub\iotHardware\build\libraries\Catena-Arduino-Platform\Catena-Arduino-Platform.a(Catena_CommandStream.cpp.o)
                                 0x38 (size before relaxing)
 .rodata._ZL15sDefaultEntries
                0x00007cf4        0x8 c:\Users\xiaoy\Documents\GitHub\iotHardware\build\libraries\Catena-Arduino-Platform\Catena-Arduino-Platform.a(Catena_CommandStream.cpp.o)
 *fill*         0x00007cfc        0x4 
 .rodata._ZTVN10McciCatena20cStreamLineCollectorE
                0x00007d00       0x18 c:\Users\xiaoy\Documents\GitHub\iotHardware\build\libraries\Catena-Arduino-Platform\Catena-Arduino-Platform.a(Catena_StreamLineCollector.cpp.o)
                0x00007d00                vtable for McciCatena::cStreamLineCollector
 .rodata._ZTVN10McciCatena12CatenaSamd2112cSerialReadyE
                0x00007d18       0x10 c:\Users\xiaoy\Documents\GitHub\iotHardware\build\libraries\Catena-Arduino-Platform\Catena-Arduino-Platform.a(CatenaSamd21.cpp.o)
                0x00007d18                vtable for McciCatena::CatenaSamd21::cSerialReady
 .rodata.str1.1
                0x00007d28       0x59 c:\Users\xiaoy\Documents\GitHub\iotHardware\build\libraries\Catena-Arduino-Platform\Catena-Arduino-Platform.a(CatenaSamd21_begin.cpp.o)
 *fill*         0x00007d81        0x7 
 .rodata._ZTVN10McciCatena12CatenaSamd21E
                0x00007d88       0x20 c:\Users\xiaoy\Documents\GitHub\iotHardware\build\libraries\Catena-Arduino-Platform\Catena-Arduino-Platform.a(CatenaSamd21_begin.cpp.o)
                0x00007d88                vtable for McciCatena::CatenaSamd21
 .rodata.str1.1
                0x00007da8        0x6 c:\Users\xiaoy\Documents\GitHub\iotHardware\build\libraries\Catena-Arduino-Platform\Catena-Arduino-Platform.a(CatenaSamd21_registerCommands.cpp.o)
                                  0xa (size before relaxing)
 *fill*         0x00007dae        0x2 
 .rodata._ZL15sDefaultEntries
                0x00007db0        0x8 c:\Users\xiaoy\Documents\GitHub\iotHardware\build\libraries\Catena-Arduino-Platform\Catena-Arduino-Platform.a(CatenaSamd21_registerCommands.cpp.o)
 .rodata.str1.1
                0x00007db8       0x20 c:\Users\xiaoy\Documents\GitHub\iotHardware\build\libraries\Catena-Arduino-Platform\Catena-Arduino-Platform.a(catenasamd21_getplatformforid.cpp.o)
 .rodata        0x00007dd8       0x10 c:\Users\xiaoy\Documents\GitHub\iotHardware\build\libraries\Catena-Arduino-Platform\Catena-Arduino-Platform.a(catenasamd21_getuniqueid.cpp.o)
 .rodata.str1.1
                0x00007de8        0x9 c:\Users\xiaoy\Documents\GitHub\iotHardware\build\libraries\Catena-Arduino-Platform\Catena-Arduino-Platform.a(catenasamd21_getuniqueidstring.cpp.o)
                                  0xa (size before relaxing)
 *fill*         0x00007df1        0x3 
 .rodata._ZN10McciCatena12CatenaSamd2117nvCpuIdToPlatformE
                0x00007df4        0x4 c:\Users\xiaoy\Documents\GitHub\iotHardware\build\libraries\Catena-Arduino-Platform\Catena-Arduino-Platform.a(catenasamd_gk_wellknowncpubindings.cpp.o)
                0x00007df4                McciCatena::CatenaSamd21::nvCpuIdToPlatform
 .rodata._ZN10McciCatena12CatenaSamd2116vCpuIdToPlatformE
                0x00007df8      0x414 c:\Users\xiaoy\Documents\GitHub\iotHardware\build\libraries\Catena-Arduino-Platform\Catena-Arduino-Platform.a(catenasamd_gk_wellknowncpubindings.cpp.o)
                0x00007df8                McciCatena::CatenaSamd21::vCpuIdToPlatform
 *fill*         0x0000820c        0x4 
 .rodata._ZTVN10McciCatena15CatenaFeatherM0E
                0x00008210       0x28 c:\Users\xiaoy\Documents\GitHub\iotHardware\build\libraries\Catena-Arduino-Platform\Catena-Arduino-Platform.a(catena4410_getprovisioninginfo.cpp.o)
                0x00008210                vtable for McciCatena::CatenaFeatherM0
 .rodata._ZN10McciCatena20gkPlatformCatena4450E
                0x00008238       0x1c c:\Users\xiaoy\Documents\GitHub\iotHardware\build\libraries\Catena-Arduino-Platform\Catena-Arduino-Platform.a(catenasamd_gk_plaformhierarchy.cpp.o)
                0x00008238                McciCatena::gkPlatformCatena4450
 .rodata._ZN10McciCatena16gkPlatformM0LoRaE
                0x00008254       0x1c c:\Users\xiaoy\Documents\GitHub\iotHardware\build\libraries\Catena-Arduino-Platform\Catena-Arduino-Platform.a(catenasamd_gk_plaformhierarchy.cpp.o)
                0x00008254                McciCatena::gkPlatformM0LoRa
 .rodata._ZN10McciCatena23gkPlatformCatena4410_ghE
                0x00008270       0x1c c:\Users\xiaoy\Documents\GitHub\iotHardware\build\libraries\Catena-Arduino-Platform\Catena-Arduino-Platform.a(catenasamd_gk_plaformhierarchy.cpp.o)
                0x00008270                McciCatena::gkPlatformCatena4410_gh
 .rodata._ZN10McciCatena30gkPlatformCatena4410_anatolianE
                0x0000828c       0x1c c:\Users\xiaoy\Documents\GitHub\iotHardware\build\libraries\Catena-Arduino-Platform\Catena-Arduino-Platform.a(catenasamd_gk_plaformhierarchy.cpp.o)
                0x0000828c                McciCatena::gkPlatformCatena4410_anatolian
 .rodata._ZN10McciCatena32gkPlatformFeatherM0ProtoWingLoraE
                0x000082a8       0x1c c:\Users\xiaoy\Documents\GitHub\iotHardware\build\libraries\Catena-Arduino-Platform\Catena-Arduino-Platform.a(catenasamd_gk_plaformhierarchy.cpp.o)
                0x000082a8                McciCatena::gkPlatformFeatherM0ProtoWingLora
 .rodata._ZN10McciCatena25gkPlatformCatena4410_pondE
                0x000082c4       0x1c c:\Users\xiaoy\Documents\GitHub\iotHardware\build\libraries\Catena-Arduino-Platform\Catena-Arduino-Platform.a(catenasamd_gk_plaformhierarchy.cpp.o)
                0x000082c4                McciCatena::gkPlatformCatena4410_pond
 .rodata._ZN10McciCatena25gkPlatformCatena4450_m101E
                0x000082e0       0x1c c:\Users\xiaoy\Documents\GitHub\iotHardware\build\libraries\Catena-Arduino-Platform\Catena-Arduino-Platform.a(catenasamd_gk_plaformhierarchy.cpp.o)
                0x000082e0                McciCatena::gkPlatformCatena4450_m101
 .rodata._ZN10McciCatena24gkPlatformFeatherM0ProtoE
                0x000082fc       0x1c c:\Users\xiaoy\Documents\GitHub\iotHardware\build\libraries\Catena-Arduino-Platform\Catena-Arduino-Platform.a(catenasamd_gk_plaformhierarchy.cpp.o)
                0x000082fc                McciCatena::gkPlatformFeatherM0Proto
 .rodata._ZN10McciCatena19gkPlatformFeatherM0E
                0x00008318       0x1c c:\Users\xiaoy\Documents\GitHub\iotHardware\build\libraries\Catena-Arduino-Platform\Catena-Arduino-Platform.a(catenasamd_gk_plaformhierarchy.cpp.o)
                0x00008318                McciCatena::gkPlatformFeatherM0
 .rodata._ZN10McciCatena22gkPlatformM0LoRaTtnNycE
                0x00008334       0x1c c:\Users\xiaoy\Documents\GitHub\iotHardware\build\libraries\Catena-Arduino-Platform\Catena-Arduino-Platform.a(catenasamd_gk_plaformhierarchy.cpp.o)
                0x00008334                McciCatena::gkPlatformM0LoRaTtnNyc
 .rodata._ZN10McciCatena25gkPlatformCatena4450_m102E
                0x00008350       0x1c c:\Users\xiaoy\Documents\GitHub\iotHardware\build\libraries\Catena-Arduino-Platform\Catena-Arduino-Platform.a(catenasamd_gk_plaformhierarchy.cpp.o)
                0x00008350                McciCatena::gkPlatformCatena4450_m102
 .rodata._ZN10McciCatena20gkPlatformCatena4410E
                0x0000836c       0x1c c:\Users\xiaoy\Documents\GitHub\iotHardware\build\libraries\Catena-Arduino-Platform\Catena-Arduino-Platform.a(catenasamd_gk_plaformhierarchy.cpp.o)
                0x0000836c                McciCatena::gkPlatformCatena4410
 .rodata._ZTV7TwoWire
                0x00008388       0x20 c:\Users\xiaoy\Documents\GitHub\iotHardware\build\libraries\Wire\Wire.cpp.o
                0x00008388                vtable for TwoWire
 .rodata.g_APinDescription
                0x000083a8      0x450 c:\Users\xiaoy\Documents\GitHub\iotHardware\build\core\variant.cpp.o
                0x000083a8                g_APinDescription
 .rodata.str1.1
                0x000087f8       0x11 c:\Users\xiaoy\Documents\GitHub\iotHardware\build/core\core.a(Print.cpp.o)
 *fill*         0x00008809        0x7 
 .rodata._ZTV4Uart
                0x00008810       0x30 c:\Users\xiaoy\Documents\GitHub\iotHardware\build/core\core.a(Uart.cpp.o)
                0x00008810                vtable for Uart
 .rodata._ZTV7Serial_
                0x00008840       0x28 c:\Users\xiaoy\Documents\GitHub\iotHardware\build/core\core.a(CDC.cpp.o)
                0x00008840                vtable for Serial_
 .rodata._ZTV26DoubleBufferedEPOutHandler
                0x00008868       0x18 c:\Users\xiaoy\Documents\GitHub\iotHardware\build/core\core.a(USBCore.cpp.o)
                0x00008868                vtable for DoubleBufferedEPOutHandler
 .rodata._ZL19STRING_MANUFACTURER
                0x00008880        0x9 c:\Users\xiaoy\Documents\GitHub\iotHardware\build/core\core.a(USBCore.cpp.o)
 *fill*         0x00008889        0x1 
 .rodata._ZL15STRING_LANGUAGE
                0x0000888a        0x4 c:\Users\xiaoy\Documents\GitHub\iotHardware\build/core\core.a(USBCore.cpp.o)
 .rodata._ZL21USB_DeviceDescriptorB
                0x0000888e       0x12 c:\Users\xiaoy\Documents\GitHub\iotHardware\build/core\core.a(USBCore.cpp.o)
 .rodata._ZL14STRING_PRODUCT
                0x000088a0        0xb c:\Users\xiaoy\Documents\GitHub\iotHardware\build/core\core.a(USBCore.cpp.o)
 *fill*         0x000088ab        0x1 
 .rodata        0x000088ac       0x40 c:/users/xiaoy/appdata/local/arduino15/packages/arduino/tools/arm-none-eabi-gcc/4.8.3-2014q1/bin/../lib/gcc/arm-none-eabi/4.8.3/armv6-m\libgcc.a(divdf3.o)
 .rodata        0x000088ec       0x40 c:/users/xiaoy/appdata/local/arduino15/packages/arduino/tools/arm-none-eabi-gcc/4.8.3-2014q1/bin/../lib/gcc/arm-none-eabi/4.8.3/armv6-m\libgcc.a(muldf3.o)
 .rodata.str1.1
                0x0000892c        0x2 c:/users/xiaoy/appdata/local/arduino15/packages/arduino/tools/arm-none-eabi-gcc/4.8.3-2014q1/bin/../lib/gcc/arm-none-eabi/4.8.3/../../../../arm-none-eabi/lib/armv6-m\libc_s.a(lib_a-impure.o)
 .rodata.str1.1
                0x0000892e       0x11 c:/users/xiaoy/appdata/local/arduino15/packages/arduino/tools/arm-none-eabi-gcc/4.8.3-2014q1/bin/../lib/gcc/arm-none-eabi/4.8.3/../../../../arm-none-eabi/lib/armv6-m\libc_s.a(lib_a-svfprintf.o)
 .rodata.str1.1
                0x0000893f       0x22 c:/users/xiaoy/appdata/local/arduino15/packages/arduino/tools/arm-none-eabi-gcc/4.8.3-2014q1/bin/../lib/gcc/arm-none-eabi/4.8.3/../../../../arm-none-eabi/lib/armv6-m\libc_s.a(lib_a-vfprintf_i.o)
 *fill*         0x00008961        0x3 
 .rodata.__sf_fake_stdin
                0x00008964       0x20 c:/users/xiaoy/appdata/local/arduino15/packages/arduino/tools/arm-none-eabi-gcc/4.8.3-2014q1/bin/../lib/gcc/arm-none-eabi/4.8.3/../../../../arm-none-eabi/lib/armv6-m\libc_s.a(lib_a-findfp.o)
                0x00008964                __sf_fake_stdin
 .rodata.__sf_fake_stdout
                0x00008984       0x20 c:/users/xiaoy/appdata/local/arduino15/packages/arduino/tools/arm-none-eabi-gcc/4.8.3-2014q1/bin/../lib/gcc/arm-none-eabi/4.8.3/../../../../arm-none-eabi/lib/armv6-m\libc_s.a(lib_a-findfp.o)
                0x00008984                __sf_fake_stdout
 .rodata.__sf_fake_stderr
                0x000089a4       0x20 c:/users/xiaoy/appdata/local/arduino15/packages/arduino/tools/arm-none-eabi-gcc/4.8.3-2014q1/bin/../lib/gcc/arm-none-eabi/4.8.3/../../../../arm-none-eabi/lib/armv6-m\libc_s.a(lib_a-findfp.o)
                0x000089a4                __sf_fake_stderr
 *(.eh_frame*)
 .eh_frame      0x000089c4        0x0 c:/users/xiaoy/appdata/local/arduino15/packages/arduino/tools/arm-none-eabi-gcc/4.8.3-2014q1/bin/../lib/gcc/arm-none-eabi/4.8.3/armv6-m/crtbegin.o
 .eh_frame      0x000089c4        0x4 c:/users/xiaoy/appdata/local/arduino15/packages/arduino/tools/arm-none-eabi-gcc/4.8.3-2014q1/bin/../lib/gcc/arm-none-eabi/4.8.3/armv6-m/crtend.o

.glue_7         0x000089c8        0x0
 .glue_7        0x00000000        0x0 linker stubs

.glue_7t        0x000089c8        0x0
 .glue_7t       0x00000000        0x0 linker stubs

.vfp11_veneer   0x000089c8        0x0
 .vfp11_veneer  0x00000000        0x0 linker stubs

.v4_bx          0x000089c8        0x0
 .v4_bx         0x00000000        0x0 linker stubs

.iplt           0x000089c8        0x0
 .iplt          0x00000000        0x0 c:/users/xiaoy/appdata/local/arduino15/packages/arduino/tools/arm-none-eabi-gcc/4.8.3-2014q1/bin/../lib/gcc/arm-none-eabi/4.8.3/armv6-m/crtbegin.o

.rel.dyn        0x000089c8        0x0
 .rel.iplt      0x00000000        0x0 c:/users/xiaoy/appdata/local/arduino15/packages/arduino/tools/arm-none-eabi-gcc/4.8.3-2014q1/bin/../lib/gcc/arm-none-eabi/4.8.3/armv6-m/crtbegin.o

.ARM.extab
 *(.ARM.extab* .gnu.linkonce.armextab.*)
                0x000089c8                __exidx_start = .

.ARM.exidx
 *(.ARM.exidx* .gnu.linkonce.armexidx.*)
                0x000089c8                __exidx_end = .
                0x000089c8                __etext = .

.data           0x20000000      0x130 load address 0x000089c8
                0x20000000                __data_start__ = .
 *(vtable)
 *(.data*)
 .data          0x20000000        0x4 c:/users/xiaoy/appdata/local/arduino15/packages/arduino/tools/arm-none-eabi-gcc/4.8.3-2014q1/bin/../lib/gcc/arm-none-eabi/4.8.3/armv6-m/crtbegin.o
                0x20000000                __dso_handle
 .data.numreg   0x20000004        0x2 c:\Users\xiaoy\Documents\GitHub\iotHardware\build\sketch\Modbus_Reading.ino.cpp.o
                0x20000004                numreg
 .data.reg1     0x20000006        0x2 c:\Users\xiaoy\Documents\GitHub\iotHardware\build\sketch\Modbus_Reading.ino.cpp.o
                0x20000006                reg1
 .data.reg2     0x20000008        0x2 c:\Users\xiaoy\Documents\GitHub\iotHardware\build\sketch\Modbus_Reading.ino.cpp.o
                0x20000008                reg2
 *fill*         0x2000000a        0x2 
 .data.SystemCoreClock
                0x2000000c        0x4 c:\Users\xiaoy\Documents\GitHub\iotHardware\build/core\core.a(wiring.c.o)
                0x2000000c                SystemCoreClock
 .data._ZL5ticks
                0x20000010        0x4 c:\Users\xiaoy\Documents\GitHub\iotHardware\build/core\core.a(Reset.cpp.o)
 .data._ZL12_usbLineInfo